Component: ARM Compiler 5.06 update 4 (build 422) Tool: armlink [4d35d2]

==============================================================================

Section Cross References

    startup_stm32g431xx.o(RESET) refers to startup_stm32g431xx.o(STACK) for __initial_sp
    startup_stm32g431xx.o(RESET) refers to startup_stm32g431xx.o(.text) for Reset_Handler
    startup_stm32g431xx.o(RESET) refers to stm32g4xx_it.o(i.NMI_Handler) for NMI_Handler
    startup_stm32g431xx.o(RESET) refers to stm32g4xx_it.o(i.HardFault_Handler) for HardFault_Handler
    startup_stm32g431xx.o(RESET) refers to stm32g4xx_it.o(i.MemManage_Handler) for MemManage_Handler
    startup_stm32g431xx.o(RESET) refers to stm32g4xx_it.o(i.BusFault_Handler) for BusFault_Handler
    startup_stm32g431xx.o(RESET) refers to stm32g4xx_it.o(i.UsageFault_Handler) for UsageFault_Handler
    startup_stm32g431xx.o(RESET) refers to stm32g4xx_it.o(i.SVC_Handler) for SVC_Handler
    startup_stm32g431xx.o(RESET) refers to stm32g4xx_it.o(i.DebugMon_Handler) for DebugMon_Handler
    startup_stm32g431xx.o(RESET) refers to stm32g4xx_it.o(i.PendSV_Handler) for PendSV_Handler
    startup_stm32g431xx.o(RESET) refers to stm32g4xx_it.o(i.SysTick_Handler) for SysTick_Handler
    startup_stm32g431xx.o(RESET) refers to stm32g4xx_it.o(i.DMA1_Channel1_IRQHandler) for DMA1_Channel1_IRQHandler
    startup_stm32g431xx.o(RESET) refers to stm32g4xx_it.o(i.DMA1_Channel2_IRQHandler) for DMA1_Channel2_IRQHandler
    startup_stm32g431xx.o(RESET) refers to stm32g4xx_it.o(i.FDCAN1_IT0_IRQHandler) for FDCAN1_IT0_IRQHandler
    startup_stm32g431xx.o(RESET) refers to stm32g4xx_it.o(i.TIM1_UP_TIM16_IRQHandler) for TIM1_UP_TIM16_IRQHandler
    startup_stm32g431xx.o(RESET) refers to stm32g4xx_it.o(i.TIM2_IRQHandler) for TIM2_IRQHandler
    startup_stm32g431xx.o(RESET) refers to stm32g4xx_it.o(i.TIM3_IRQHandler) for TIM3_IRQHandler
    startup_stm32g431xx.o(RESET) refers to stm32g4xx_it.o(i.SPI1_IRQHandler) for SPI1_IRQHandler
    startup_stm32g431xx.o(.text) refers to system_stm32g4xx.o(i.SystemInit) for SystemInit
    startup_stm32g431xx.o(.text) refers to entry.o(.ARM.Collect$$$$00000000) for __main
    main.o(i.HAL_TIM_PeriodElapsedCallback) refers to adc_util.o(i.Get_ADC_Value) for Get_ADC_Value
    main.o(i.HAL_TIM_PeriodElapsedCallback) refers to foc_control.o(i.FOC_Main_Loop) for FOC_Main_Loop
    main.o(i.HAL_TIM_PeriodElapsedCallback) refers to foc_error.o(i.Error_Main_Loop) for Error_Main_Loop
    main.o(i.HAL_TIM_PeriodElapsedCallback) refers to stm32g4xx_hal.o(i.HAL_IncTick) for HAL_IncTick
    main.o(i.HAL_TIM_PeriodElapsedCallback) refers to main.o(.data) for .data
    main.o(i.HAL_TIM_PeriodElapsedCallback) refers to adc_util.o(.data) for Adc_flag
    main.o(i.HAL_TIM_PeriodElapsedCallback) refers to foc_control.o(.data) for run_flag
    main.o(i.SystemClock_Config) refers to memseta.o(.text) for __aeabi_memclr4
    main.o(i.SystemClock_Config) refers to stm32g4xx_hal_pwr_ex.o(i.HAL_PWREx_ControlVoltageScaling) for HAL_PWREx_ControlVoltageScaling
    main.o(i.SystemClock_Config) refers to stm32g4xx_hal_rcc.o(i.HAL_RCC_OscConfig) for HAL_RCC_OscConfig
    main.o(i.SystemClock_Config) refers to stm32g4xx_hal_rcc.o(i.HAL_RCC_ClockConfig) for HAL_RCC_ClockConfig
    main.o(i.SystemClock_Config) refers to stm32g4xx_hal_rcc_ex.o(i.HAL_RCCEx_PeriphCLKConfig) for HAL_RCCEx_PeriphCLKConfig
    main.o(i.main) refers to stm32g4xx_hal.o(i.HAL_Init) for HAL_Init
    main.o(i.main) refers to main.o(i.SystemClock_Config) for SystemClock_Config
    main.o(i.main) refers to gpio.o(i.MX_GPIO_Init) for MX_GPIO_Init
    main.o(i.main) refers to dma.o(i.MX_DMA_Init) for MX_DMA_Init
    main.o(i.main) refers to tim.o(i.MX_TIM1_Init) for MX_TIM1_Init
    main.o(i.main) refers to adc.o(i.MX_ADC1_Init) for MX_ADC1_Init
    main.o(i.main) refers to fdcan.o(i.MX_FDCAN1_Init) for MX_FDCAN1_Init
    main.o(i.main) refers to spi.o(i.MX_SPI1_Init) for MX_SPI1_Init
    main.o(i.main) refers to tim.o(i.MX_TIM3_Init) for MX_TIM3_Init
    main.o(i.main) refers to foc_control.o(i.FOC_Main_Init) for FOC_Main_Init
    gpio.o(i.MX_GPIO_Init) refers to memseta.o(.text) for __aeabi_memclr4
    gpio.o(i.MX_GPIO_Init) refers to stm32g4xx_hal_gpio.o(i.HAL_GPIO_WritePin) for HAL_GPIO_WritePin
    gpio.o(i.MX_GPIO_Init) refers to stm32g4xx_hal_gpio.o(i.HAL_GPIO_Init) for HAL_GPIO_Init
    adc.o(i.HAL_ADC_MspDeInit) refers to stm32g4xx_hal_gpio.o(i.HAL_GPIO_DeInit) for HAL_GPIO_DeInit
    adc.o(i.HAL_ADC_MspDeInit) refers to stm32g4xx_hal_dma.o(i.HAL_DMA_DeInit) for HAL_DMA_DeInit
    adc.o(i.HAL_ADC_MspInit) refers to memseta.o(.text) for __aeabi_memclr4
    adc.o(i.HAL_ADC_MspInit) refers to stm32g4xx_hal_gpio.o(i.HAL_GPIO_Init) for HAL_GPIO_Init
    adc.o(i.HAL_ADC_MspInit) refers to stm32g4xx_hal_dma.o(i.HAL_DMA_Init) for HAL_DMA_Init
    adc.o(i.HAL_ADC_MspInit) refers to main.o(i.Error_Handler) for Error_Handler
    adc.o(i.HAL_ADC_MspInit) refers to adc.o(.bss) for .bss
[...]
    ../Drivers/STM32G4xx_HAL_Driver/Src/stm32g4xx_hal_rcc.c 0x00000000   Number         0  stm32g4xx_hal_rcc.o ABSOLUTE
    ../Drivers/STM32G4xx_HAL_Driver/Src/stm32g4xx_hal_rcc_ex.c 0x00000000   Number         0  stm32g4xx_hal_rcc_ex.o ABSOLUTE
    ../Drivers/STM32G4xx_HAL_Driver/Src/stm32g4xx_hal_spi.c 0x00000000   Number         0  stm32g4xx_hal_spi.o ABSOLUTE
    ../Drivers/STM32G4xx_HAL_Driver/Src/stm32g4xx_hal_spi_ex.c 0x00000000   Number         0  stm32g4xx_hal_spi_ex.o ABSOLUTE
    ../Drivers/STM32G4xx_HAL_Driver/Src/stm32g4xx_hal_tim.c 0x00000000   Number         0  stm32g4xx_hal_tim.o ABSOLUTE
    ../Drivers/STM32G4xx_HAL_Driver/Src/stm32g4xx_hal_tim_ex.c 0x00000000   Number         0  stm32g4xx_hal_tim_ex.o ABSOLUTE
    ../Drivers/STM32G4xx_HAL_Driver/Src/stm32g4xx_ll_adc.c 0x00000000   Number         0  stm32g4xx_ll_adc.o ABSOLUTE
    ../clib/microlib/init/entry.s            0x00000000   Number         0  entry9b.o ABSOLUTE
    ../clib/microlib/init/entry.s            0x00000000   Number         0  entry10b.o ABSOLUTE
    ../clib/microlib/init/entry.s            0x00000000   Number         0  entry10a.o ABSOLUTE
    ../clib/microlib/init/entry.s            0x00000000   Number         0  entry9a.o ABSOLUTE
    ../clib/microlib/init/entry.s            0x00000000   Number         0  entry8b.o ABSOLUTE
    ../clib/microlib/init/entry.s            0x00000000   Number         0  entry8a.o ABSOLUTE
    ../clib/microlib/init/entry.s            0x00000000   Number         0  entry.o ABSOLUTE
    ../clib/microlib/init/entry.s            0x00000000   Number         0  entry7a.o ABSOLUTE
    ../clib/microlib/init/entry.s            0x00000000   Number         0  entry5.o ABSOLUTE
    ../clib/microlib/init/entry.s            0x00000000   Number         0  entry7b.o ABSOLUTE
    ../clib/microlib/init/entry.s            0x00000000   Number         0  entry2.o ABSOLUTE
    ../clib/microlib/init/entry.s            0x00000000   Number         0  entry11a.o ABSOLUTE
    ../clib/microlib/init/entry.s            0x00000000   Number         0  entry11b.o ABSOLUTE
    ../clib/microlib/longlong.c              0x00000000   Number         0  llushr.o ABSOLUTE
    ../clib/microlib/longlong.c              0x00000000   Number         0  llshl.o ABSOLUTE
    ../clib/microlib/longlong.c              0x00000000   Number         0  llsshr.o ABSOLUTE
    ../clib/microlib/string/memset.c         0x00000000   Number         0  memseta.o ABSOLUTE
    ../clib/microlib/stubs.s                 0x00000000   Number         0  iusefp.o ABSOLUTE
    ../fplib/microlib/d2f.c                  0x00000000   Number         0  d2f.o ABSOLUTE
    ../fplib/microlib/f2d.c                  0x00000000   Number         0  f2d.o ABSOLUTE
    ../fplib/microlib/fpadd.c                0x00000000   Number         0  dadd.o ABSOLUTE
    ../fplib/microlib/fpepilogue.c           0x00000000   Number         0  depilogue.o ABSOLUTE
    ../fplib/microlib/fpepilogue.c           0x00000000   Number         0  fepilogue.o ABSOLUTE
    ../fplib/microlib/fpmul.c                0x00000000   Number         0  dmul.o ABSOLUTE
    ..\..\Source\CommonTables\arm_common_tables.c 0x00000000   Number         0  arm_common_tables.o ABSOLUTE
    ..\..\Source\FastMathFunctions\arm_cos_f32.c 0x00000000   Number         0  arm_cos_f32.o ABSOLUTE
    ..\..\Source\FastMathFunctions\arm_sin_f32.c 0x00000000   Number         0  arm_sin_f32.o ABSOLUTE
    ..\Core\Src\adc.c                        0x00000000   Number         0  adc.o ABSOLUTE
    ..\Core\Src\dma.c                        0x00000000   Number         0  dma.o ABSOLUTE
    ..\Core\Src\fdcan.c                      0x00000000   Number         0  fdcan.o ABSOLUTE
    ..\Core\Src\gpio.c                       0x00000000   Number         0  gpio.o ABSOLUTE
    ..\Core\Src\main.c                       0x00000000   Number         0  main.o ABSOLUTE
    ..\Core\Src\spi.c                        0x00000000   Number         0  spi.o ABSOLUTE
    ..\Core\Src\stm32g4xx_hal_msp.c          0x00000000   Number         0  stm32g4xx_hal_msp.o ABSOLUTE
    ..\Core\Src\stm32g4xx_hal_timebase_tim.c 0x00000000   Number         0  stm32g4xx_hal_timebase_tim.o ABSOLUTE
    ..\Core\Src\stm32g4xx_it.c               0x00000000   Number         0  stm32g4xx_it.o ABSOLUTE
    ..\Core\Src\system_stm32g4xx.c           0x00000000   Number         0  system_stm32g4xx.o ABSOLUTE
    ..\Core\Src\tim.c                        0x00000000   Number         0  tim.o ABSOLUTE
    ..\Drivers\STM32G4xx_HAL_Driver\Src\stm32g4xx_hal.c 0x00000000   Number         0  stm32g4xx_hal.o ABSOLUTE
    ..\Drivers\STM32G4xx_HAL_Driver\Src\stm32g4xx_hal_adc.c 0x00000000   Number         0  stm32g4xx_hal_adc.o ABSOLUTE
    ..\Drivers\STM32G4xx_HAL_Driver\Src\stm32g4xx_hal_adc_ex.c 0x00000000   Number         0  stm32g4xx_hal_adc_ex.o ABSOLUTE
    ..\Drivers\STM32G4xx_HAL_Driver\Src\stm32g4xx_hal_cortex.c 0x00000000   Number         0  stm32g4xx_hal_cortex.o ABSOLUTE
    ..\Drivers\STM32G4xx_HAL_Driver\Src\stm32g4xx_hal_dma.c 0x00000000   Number         0  stm32g4xx_hal_dma.o ABSOLUTE
    ..\Drivers\STM32G4xx_HAL_Driver\Src\stm32g4xx_hal_dma_ex.c 0x00000000   Number         0  stm32g4xx_hal_dma_ex.o ABSOLUTE
    ..\Drivers\STM32G4xx_HAL_Driver\Src\stm32g4xx_hal_exti.c 0x00000000   Number         0  stm32g4xx_hal_exti.o ABSOLUTE
    ..\Drivers\STM32G4xx_HAL_Driver\Src\stm32g4xx_hal_fdcan.c 0x00000000   Number         0  stm32g4xx_hal_fdcan.o ABSOLUTE
    ..\Drivers\STM32G4xx_HAL_Driver\Src\stm32g4xx_hal_flash.c 0x00000000   Number         0  stm32g4xx_hal_flash.o ABSOLUTE
    ..\Drivers\STM32G4xx_HAL_Driver\Src\stm32g4xx_hal_flash_ex.c 0x00000000   Number         0  stm32g4xx_hal_flash_ex.o ABSOLUTE
    ..\Drivers\STM32G4xx_HAL_Driver\Src\stm32g4xx_hal_flash_ramfunc.c 0x00000000   Number         0  stm32g4xx_hal_flash_ramfunc.o ABSOLUTE
    ..\Drivers\STM32G4xx_HAL_Driver\Src\stm32g4xx_hal_gpio.c 0x00000000   Number         0  stm32g4xx_hal_gpio.o ABSOLUTE
    ..\Drivers\STM32G4xx_HAL_Driver\Src\stm32g4xx_hal_pwr.c 0x00000000   Number         0  stm32g4xx_hal_pwr.o ABSOLUTE
    ..\Drivers\STM32G4xx_HAL_Driver\Src\stm32g4xx_hal_pwr_ex.c 0x00000000   Number         0  stm32g4xx_hal_pwr_ex.o ABSOLUTE
    ..\Drivers\STM32G4xx_HAL_Driver\Src\stm32g4xx_hal_rcc.c 0x00000000   Number         0  stm32g4xx_hal_rcc.o ABSOLUTE
    ..\Drivers\STM32G4xx_HAL_Driver\Src\stm32g4xx_hal_rcc_ex.c 0x00000000   Number         0  stm32g4xx_hal_rcc_ex.o ABSOLUTE
    ..\Drivers\STM32G4xx_HAL_Driver\Src\stm32g4xx_hal_spi.c 0x00000000   Number         0  stm32g4xx_hal_spi.o ABSOLUTE
    ..\Drivers\STM32G4xx_HAL_Driver\Src\stm32g4xx_hal_spi_ex.c 0x00000000   Number         0  stm32g4xx_hal_spi_ex.o ABSOLUTE
    ..\Drivers\STM32G4xx_HAL_Driver\Src\stm32g4xx_hal_tim.c 0x00000000   Number         0  stm32g4xx_hal_tim.o ABSOLUTE
    ..\Drivers\STM32G4xx_HAL_Driver\Src\stm32g4xx_hal_tim_ex.c 0x00000000   Number         0  stm32g4xx_hal_tim_ex.o ABSOLUTE
    ..\\..\\Source\\CommonTables\\arm_common_tables.c 0x00000000   Number         0  arm_common_tables.o ABSOLUTE
    ..\\..\\Source\\FastMathFunctions\\arm_cos_f32.c 0x00000000   Number         0  arm_cos_f32.o ABSOLUTE
    ..\\..\\Source\\FastMathFunctions\\arm_sin_f32.c 0x00000000   Number         0  arm_sin_f32.o ABSOLUTE
    USER\Main\Foc_Control.c                  0x00000000   Number         0  foc_control.o ABSOLUTE
    USER\Main\Foc_Error.c                    0x00000000   Number         0  foc_error.o ABSOLUTE
    USER\Utility\adc_util.c                  0x00000000   Number         0  adc_util.o ABSOLUTE
    USER\Utility\drv8323_util.c              0x00000000   Number         0  drv8323_util.o ABSOLUTE
    USER\Utility\pid_util.c                  0x00000000   Number         0  pid_util.o ABSOLUTE
    USER\Utility\spi_util.c                  0x00000000   Number         0  spi_util.o ABSOLUTE
    USER\\Main\\Foc_Control.c                0x00000000   Number         0  foc_control.o ABSOLUTE
    USER\\Main\\Foc_Error.c                  0x00000000   Number         0  foc_error.o ABSOLUTE
    USER\\Utility\\adc_util.c                0x00000000   Number         0  adc_util.o ABSOLUTE
    USER\\Utility\\drv8323_util.c            0x00000000   Number         0  drv8323_util.o ABSOLUTE
    USER\\Utility\\pid_util.c                0x00000000   Number         0  pid_util.o ABSOLUTE
    USER\\Utility\\spi_util.c                0x00000000   Number         0  spi_util.o ABSOLUTE
    dc.s                                     0x00000000   Number         0  dc.o ABSOLUTE
    handlers.s                               0x00000000   Number         0  handlers.o ABSOLUTE
    init.s                                   0x00000000   Number         0  init.o ABSOLUTE
    startup_stm32g431xx.s                    0x00000000   Number         0  startup_stm32g431xx.o ABSOLUTE
    RESET                                    0x08000000   Section      472  startup_stm32g431xx.o(RESET)
    .ARM.Collect$$$$00000000                 0x080001d8   Section        0  entry.o(.ARM.Collect$$$$00000000)
    .ARM.Collect$$$$00000001                 0x080001d8   Section        4  entry2.o(.ARM.Collect$$$$00000001)
    .ARM.Collect$$$$00000004                 0x080001dc   Section        4  entry5.o(.ARM.Collect$$$$00000004)
    .ARM.Collect$$$$00000008                 0x080001e0   Section        0  entry7b.o(.ARM.Collect$$$$00000008)
    .ARM.Collect$$$$0000000A                 0x080001e0   Section        0  entry8b.o(.ARM.Collect$$$$0000000A)
    .ARM.Collect$$$$0000000B                 0x080001e0   Section        8  entry9a.o(.ARM.Collect$$$$0000000B)
    .ARM.Collect$$$$0000000D                 0x080001e8   Section        0  entry10a.o(.ARM.Collect$$$$0000000D)
    .ARM.Collect$$$$0000000F                 0x080001e8   Section        0  entry11a.o(.ARM.Collect$$$$0000000F)
    .ARM.Collect$$$$00002712                 0x080001e8   Section        4  entry2.o(.ARM.Collect$$$$00002712)
    __lit__00000000                          0x080001e8   Data           4  entry2.o(.ARM.Collect$$$$00002712)
    .text                                    0x080001ec   Section       36  startup_stm32g431xx.o(.text)
    $v0                                      0x080001ec   Number         0  startup_stm32g431xx.o(.text)
    .text                                    0x08000210   Section        0  arm_cos_f32.o(.text)
    .text                                    0x08000288   Section        0  arm_sin_f32.o(.text)
    .text                                    0x0800031c   Section        0  memseta.o(.text)
    .text                                    0x08000340   Section        0  dadd.o(.text)
    .text                                    0x0800048e   Section        0  f2d.o(.text)
    .text                                    0x080004b4   Section        0  d2f.o(.text)
    .text                                    0x080004ec   Section        0  llshl.o(.text)
    .text                                    0x0800050a   Section        0  llsshr.o(.text)
    .text                                    0x0800052e   Section        0  iusefp.o(.text)
    .text                                    0x0800052e   Section        0  fepilogue.o(.text)
    .text                                    0x0800059c   Section        0  depilogue.o(.text)
    .text                                    0x08000658   Section       36  init.o(.text)
    .text                                    0x0800067c   Section        0  llushr.o(.text)
    i.ADC_DMAConvCplt                        0x0800069c   Section        0  stm32g4xx_hal_adc.o(i.ADC_DMAConvCplt)
    i.ADC_DMAError                           0x08000704   Section        0  stm32g4xx_hal_adc.o(i.ADC_DMAError)
    i.ADC_DMAHalfConvCplt                    0x0800071e   Section        0  stm32g4xx_hal_adc.o(i.ADC_DMAHalfConvCplt)
    i.ADC_Disable                            0x08000728   Section        0  stm32g4xx_hal_adc.o(i.ADC_Disable)
    i.ADC_Enable                             0x08000790   Section        0  stm32g4xx_hal_adc.o(i.ADC_Enable)
    i.ADC_Struct_Init                        0x080007f8   Section        0  foc_control.o(i.ADC_Struct_Init)
    i.ADC_Vrefint_Init                       0x08000840   Section        0  adc_util.o(i.ADC_Vrefint_Init)
    i.Adc_Init                               0x08000848   Section        0  adc_util.o(i.Adc_Init)
    i.Adc_Val_Decode                         0x08000874   Section        0  adc_util.o(i.Adc_Val_Decode)
    i.BusFault_Handler                       0x08000970   Section        0  stm32g4xx_it.o(i.BusFault_Handler)
    i.CALC_SVPWM                             0x08000974   Section        0  foc_control.o(i.CALC_SVPWM)
    i.Clarke_transform                       0x08000a80   Section        0  foc_control.o(i.Clarke_transform)
    i.DMA1_Channel1_IRQHandler               0x08000aa8   Section        0  stm32g4xx_it.o(i.DMA1_Channel1_IRQHandler)
    i.DMA1_Channel2_IRQHandler               0x08000ab4   Section        0  stm32g4xx_it.o(i.DMA1_Channel2_IRQHandler)
    i.DMA_CalcDMAMUXChannelBaseAndMask       0x08000ac0   Section        0  stm32g4xx_hal_dma.o(i.DMA_CalcDMAMUXChannelBaseAndMask)
    DMA_CalcDMAMUXChannelBaseAndMask         0x08000ac1   Thumb Code    54  stm32g4xx_hal_dma.o(i.DMA_CalcDMAMUXChannelBaseAndMask)
    i.DMA_CalcDMAMUXRequestGenBaseAndMask    0x08000b00   Section        0  stm32g4xx_hal_dma.o(i.DMA_CalcDMAMUXRequestGenBaseAndMask)
    DMA_CalcDMAMUXRequestGenBaseAndMask      0x08000b01   Thumb Code    30  stm32g4xx_hal_dma.o(i.DMA_CalcDMAMUXRequestGenBaseAndMask)
    i.DMA_SetConfig                          0x08000b24   Section        0  stm32g4xx_hal_dma.o(i.DMA_SetConfig)
    DMA_SetConfig                            0x08000b25   Thumb Code    62  stm32g4xx_hal_dma.o(i.DMA_SetConfig)
    i.DRV8323_CAL_Init                       0x08000b62   Section        0  drv8323_util.o(i.DRV8323_CAL_Init)
    i.DRV8323_GPIO_Init                      0x08000b88   Section        0  drv8323_util.o(i.DRV8323_GPIO_Init)
    i.DebugMon_Handler                       0x08000bdc   Section        0  stm32g4xx_it.o(i.DebugMon_Handler)
    i.Error_Handler                          0x08000bde   Section        0  main.o(i.Error_Handler)
    i.Error_Main_Loop                        0x08000be0   Section        0  foc_error.o(i.Error_Main_Loop)
    i.Error_Struct_Init                      0x08000c7c   Section        0  foc_error.o(i.Error_Struct_Init)
    i.FDCAN1_IT0_IRQHandler                  0x08000c90   Section        0  stm32g4xx_it.o(i.FDCAN1_IT0_IRQHandler)
    i.FOC_Calc_Electrical_Angle              0x08000c9c   Section        0  foc_control.o(i.FOC_Calc_Electrical_Angle)
    i.FOC_Main_Init                          0x08000cd8   Section        0  foc_control.o(i.FOC_Main_Init)
    i.FOC_Main_Loop                          0x08000de4   Section        0  foc_control.o(i.FOC_Main_Loop)
    i.FOC_Struct_Init                        0x08000f24   Section        0  foc_control.o(i.FOC_Struct_Init)
    i.Get_ADC_Value                          0x08000f6c   Section        0  adc_util.o(i.Get_ADC_Value)
    i.HAL_ADCEx_Calibration_Start            0x08000f80   Section        0  stm32g4xx_hal_adc_ex.o(i.HAL_ADCEx_Calibration_Start)
    i.HAL_ADCEx_MultiModeConfigChannel       0x08001014   Section        0  stm32g4xx_hal_adc_ex.o(i.HAL_ADCEx_MultiModeConfigChannel)
    i.HAL_ADC_ConfigChannel                  0x080010e8   Section        0  stm32g4xx_hal_adc.o(i.HAL_ADC_ConfigChannel)
    i.HAL_ADC_ConvCpltCallback               0x08001508   Section        0  adc_util.o(i.HAL_ADC_ConvCpltCallback)
    i.HAL_ADC_ConvHalfCpltCallback           0x08001528   Section        0  stm32g4xx_hal_adc.o(i.HAL_ADC_ConvHalfCpltCallback)
    i.HAL_ADC_ErrorCallback                  0x0800152a   Section        0  stm32g4xx_hal_adc.o(i.HAL_ADC_ErrorCallback)
    i.HAL_ADC_Init                           0x0800152c   Section        0  stm32g4xx_hal_adc.o(i.HAL_ADC_Init)
    i.HAL_ADC_MspInit                        0x08001724   Section        0  adc.o(i.HAL_ADC_MspInit)
    i.HAL_ADC_Start                          0x080017b4   Section        0  stm32g4xx_hal_adc.o(i.HAL_ADC_Start)
    i.HAL_ADC_Start_DMA                      0x080018a8   Section        0  stm32g4xx_hal_adc.o(i.HAL_ADC_Start_DMA)
    i.HAL_DMA_Abort_IT                       0x08001998   Section        0  stm32g4xx_hal_dma.o(i.HAL_DMA_Abort_IT)
    i.HAL_DMA_IRQHandler                     0x08001a10   Section        0  stm32g4xx_hal_dma.o(i.HAL_DMA_IRQHandler)
    i.HAL_DMA_Init                           0x08001acc   Section        0  stm32g4xx_hal_dma.o(i.HAL_DMA_Init)
    i.HAL_DMA_Start_IT                       0x08001b8c   Section        0  stm32g4xx_hal_dma.o(i.HAL_DMA_Start_IT)
    i.HAL_Delay                              0x08001c18   Section        0  stm32g4xx_hal.o(i.HAL_Delay)
    i.HAL_FDCAN_ErrorCallback                0x08001c3c   Section        0  stm32g4xx_hal_fdcan.o(i.HAL_FDCAN_ErrorCallback)
    i.HAL_FDCAN_ErrorStatusCallback          0x08001c3e   Section        0  stm32g4xx_hal_fdcan.o(i.HAL_FDCAN_ErrorStatusCallback)
    i.HAL_FDCAN_HighPriorityMessageCallback  0x08001c40   Section        0  stm32g4xx_hal_fdcan.o(i.HAL_FDCAN_HighPriorityMessageCallback)
    i.HAL_FDCAN_IRQHandler                   0x08001c42   Section        0  stm32g4xx_hal_fdcan.o(i.HAL_FDCAN_IRQHandler)
    i.HAL_FDCAN_Init                         0x08001da4   Section        0  stm32g4xx_hal_fdcan.o(i.HAL_FDCAN_Init)
    i.HAL_FDCAN_MspInit                      0x08001fa8   Section        0  fdcan.o(i.HAL_FDCAN_MspInit)
    i.HAL_FDCAN_RxFifo0Callback              0x08002018   Section        0  stm32g4xx_hal_fdcan.o(i.HAL_FDCAN_RxFifo0Callback)
    i.HAL_FDCAN_RxFifo1Callback              0x0800201a   Section        0  stm32g4xx_hal_fdcan.o(i.HAL_FDCAN_RxFifo1Callback)
    i.HAL_FDCAN_TimeoutOccurredCallback      0x0800201c   Section        0  stm32g4xx_hal_fdcan.o(i.HAL_FDCAN_TimeoutOccurredCallback)
    i.HAL_FDCAN_TimestampWraparoundCallback  0x0800201e   Section        0  stm32g4xx_hal_fdcan.o(i.HAL_FDCAN_TimestampWraparoundCallback)
    i.HAL_FDCAN_TxBufferAbortCallback        0x08002020   Section        0  stm32g4xx_hal_fdcan.o(i.HAL_FDCAN_TxBufferAbortCallback)
    i.HAL_FDCAN_TxBufferCompleteCallback     0x08002022   Section        0  stm32g4xx_hal_fdcan.o(i.HAL_FDCAN_TxBufferCompleteCallback)
    i.HAL_FDCAN_TxEventFifoCallback          0x08002024   Section        0  stm32g4xx_hal_fdcan.o(i.HAL_FDCAN_TxEventFifoCallback)
    i.HAL_FDCAN_TxFifoEmptyCallback          0x08002026   Section        0  stm32g4xx_hal_fdcan.o(i.HAL_FDCAN_TxFifoEmptyCallback)
    i.HAL_GPIO_DeInit                        0x08002028   Section        0  stm32g4xx_hal_gpio.o(i.HAL_GPIO_DeInit)
    i.HAL_GPIO_Init                          0x08002174   Section        0  stm32g4xx_hal_gpio.o(i.HAL_GPIO_Init)
    i.HAL_GPIO_ReadPin                       0x0800233c   Section        0  stm32g4xx_hal_gpio.o(i.HAL_GPIO_ReadPin)
    i.HAL_GPIO_TogglePin                     0x08002346   Section        0  stm32g4xx_hal_gpio.o(i.HAL_GPIO_TogglePin)
    i.HAL_GPIO_WritePin                      0x08002356   Section        0  stm32g4xx_hal_gpio.o(i.HAL_GPIO_WritePin)
    i.HAL_GetTick                            0x08002360   Section        0  stm32g4xx_hal.o(i.HAL_GetTick)
    i.HAL_IncTick                            0x0800236c   Section        0  stm32g4xx_hal.o(i.HAL_IncTick)
    i.HAL_Init                               0x0800237c   Section        0  stm32g4xx_hal.o(i.HAL_Init)
    i.HAL_InitTick                           0x0800239c   Section        0  stm32g4xx_hal_timebase_tim.o(i.HAL_InitTick)
    i.HAL_MspInit                            0x08002424   Section        0  stm32g4xx_hal_msp.o(i.HAL_MspInit)
    i.HAL_NVIC_EnableIRQ                     0x08002454   Section        0  stm32g4xx_hal_cortex.o(i.HAL_NVIC_EnableIRQ)
    i.HAL_NVIC_SetPriority                   0x08002470   Section        0  stm32g4xx_hal_cortex.o(i.HAL_NVIC_SetPriority)
    i.HAL_NVIC_SetPriorityGrouping           0x080024b0   Section        0  stm32g4xx_hal_cortex.o(i.HAL_NVIC_SetPriorityGrouping)
    i.HAL_PWREx_ControlVoltageScaling        0x080024d4   Section        0  stm32g4xx_hal_pwr_ex.o(i.HAL_PWREx_ControlVoltageScaling)
    i.HAL_PWREx_DisableUCPDDeadBattery       0x08002590   Section        0  stm32g4xx_hal_pwr_ex.o(i.HAL_PWREx_DisableUCPDDeadBattery)
    i.HAL_RCCEx_PeriphCLKConfig              0x080025a0   Section        0  stm32g4xx_hal_rcc_ex.o(i.HAL_RCCEx_PeriphCLKConfig)
    i.HAL_RCC_ClockConfig                    0x08002828   Section        0  stm32g4xx_hal_rcc.o(i.HAL_RCC_ClockConfig)
    i.HAL_RCC_GetClockConfig                 0x08002a04   Section        0  stm32g4xx_hal_rcc.o(i.HAL_RCC_GetClockConfig)
    i.HAL_RCC_GetPCLK1Freq                   0x08002a44   Section        0  stm32g4xx_hal_rcc.o(i.HAL_RCC_GetPCLK1Freq)
    i.HAL_RCC_GetSysClockFreq                0x08002a68   Section        0  stm32g4xx_hal_rcc.o(i.HAL_RCC_GetSysClockFreq)
    i.HAL_RCC_OscConfig                      0x08002ad8   Section        0  stm32g4xx_hal_rcc.o(i.HAL_RCC_OscConfig)
    i.HAL_SPI_ErrorCallback                  0x08002ee4   Section        0  stm32g4xx_hal_spi.o(i.HAL_SPI_ErrorCallback)
    i.HAL_SPI_IRQHandler                     0x08002ee8   Section        0  stm32g4xx_hal_spi.o(i.HAL_SPI_IRQHandler)
    i.HAL_SPI_Init                           0x08002fe4   Section        0  stm32g4xx_hal_spi.o(i.HAL_SPI_Init)
    i.HAL_SPI_MspInit                        0x080030d0   Section        0  spi.o(i.HAL_SPI_MspInit)
    i.HAL_TIMEx_Break2Callback               0x08003174   Section        0  stm32g4xx_hal_tim_ex.o(i.HAL_TIMEx_Break2Callback)
    i.HAL_TIMEx_BreakCallback                0x08003176   Section        0  stm32g4xx_hal_tim_ex.o(i.HAL_TIMEx_BreakCallback)
    i.HAL_TIMEx_CommutCallback               0x08003178   Section        0  stm32g4xx_hal_tim_ex.o(i.HAL_TIMEx_CommutCallback)
    i.HAL_TIMEx_ConfigBreakDeadTime          0x0800317c   Section        0  stm32g4xx_hal_tim_ex.o(i.HAL_TIMEx_ConfigBreakDeadTime)
    i.HAL_TIMEx_DirectionChangeCallback      0x08003228   Section        0  stm32g4xx_hal_tim_ex.o(i.HAL_TIMEx_DirectionChangeCallback)
    i.HAL_TIMEx_EnableDeadTimePreload        0x0800322a   Section        0  stm32g4xx_hal_tim_ex.o(i.HAL_TIMEx_EnableDeadTimePreload)
    i.HAL_TIMEx_EncoderIndexCallback         0x08003238   Section        0  stm32g4xx_hal_tim_ex.o(i.HAL_TIMEx_EncoderIndexCallback)
    i.HAL_TIMEx_IndexErrorCallback           0x0800323a   Section        0  stm32g4xx_hal_tim_ex.o(i.HAL_TIMEx_IndexErrorCallback)
    i.HAL_TIMEx_MasterConfigSynchronization  0x0800323c   Section        0  stm32g4xx_hal_tim_ex.o(i.HAL_TIMEx_MasterConfigSynchronization)
    i.HAL_TIMEx_PWMN_Start                   0x080032d8   Section        0  stm32g4xx_hal_tim_ex.o(i.HAL_TIMEx_PWMN_Start)
    i.HAL_TIMEx_TransitionErrorCallback      0x08003390   Section        0  stm32g4xx_hal_tim_ex.o(i.HAL_TIMEx_TransitionErrorCallback)
    i.HAL_TIM_Base_Init                      0x08003392   Section        0  stm32g4xx_hal_tim.o(i.HAL_TIM_Base_Init)
    i.HAL_TIM_Base_MspInit                   0x080033f4   Section        0  tim.o(i.HAL_TIM_Base_MspInit)
    i.HAL_TIM_Base_Start_IT                  0x08003430   Section        0  stm32g4xx_hal_tim.o(i.HAL_TIM_Base_Start_IT)
    i.HAL_TIM_ConfigClockSource              0x080034a8   Section        0  stm32g4xx_hal_tim.o(i.HAL_TIM_ConfigClockSource)
    i.HAL_TIM_IC_CaptureCallback             0x080035a0   Section        0  stm32g4xx_hal_tim.o(i.HAL_TIM_IC_CaptureCallback)
    i.HAL_TIM_IRQHandler                     0x080035a2   Section        0  stm32g4xx_hal_tim.o(i.HAL_TIM_IRQHandler)
    i.HAL_TIM_MspPostInit                    0x080037a0   Section        0  tim.o(i.HAL_TIM_MspPostInit)
    i.HAL_TIM_OC_ConfigChannel               0x08003840   Section        0  stm32g4xx_hal_tim.o(i.HAL_TIM_OC_ConfigChannel)
    i.HAL_TIM_OC_DelayElapsedCallback        0x080038a8   Section        0  stm32g4xx_hal_tim.o(i.HAL_TIM_OC_DelayElapsedCallback)
    i.HAL_TIM_OC_Init                        0x080038aa   Section        0  stm32g4xx_hal_tim.o(i.HAL_TIM_OC_Init)
    i.HAL_TIM_OC_MspInit                     0x0800390c   Section        0  tim.o(i.HAL_TIM_OC_MspInit)
    i.HAL_TIM_PWM_ConfigChannel              0x08003948   Section        0  stm32g4xx_hal_tim.o(i.HAL_TIM_PWM_ConfigChannel)
    i.HAL_TIM_PWM_Init                       0x08003a66   Section        0  stm32g4xx_hal_tim.o(i.HAL_TIM_PWM_Init)
    i.HAL_TIM_PWM_MspInit                    0x08003ac8   Section        0  stm32g4xx_hal_tim.o(i.HAL_TIM_PWM_MspInit)
    i.HAL_TIM_PWM_PulseFinishedCallback      0x08003aca   Section        0  stm32g4xx_hal_tim.o(i.HAL_TIM_PWM_PulseFinishedCallback)
    i.HAL_TIM_PWM_Start                      0x08003acc   Section        0  stm32g4xx_hal_tim.o(i.HAL_TIM_PWM_Start)
    i.HAL_TIM_PWM_Start_IT                   0x08003bc8   Section        0  stm32g4xx_hal_tim.o(i.HAL_TIM_PWM_Start_IT)
    i.HAL_TIM_PeriodElapsedCallback          0x08003cec   Section        0  main.o(i.HAL_TIM_PeriodElapsedCallback)
    i.HAL_TIM_TriggerCallback                0x08003d54   Section        0  stm32g4xx_hal_tim.o(i.HAL_TIM_TriggerCallback)
    i.HardFault_Handler                      0x08003d56   Section        0  stm32g4xx_it.o(i.HardFault_Handler)
    i.Inv_Park_transform                     0x08003d58   Section        0  foc_control.o(i.Inv_Park_transform)
    i.LL_ADC_GetOffsetChannel                0x08003dac   Section        0  stm32g4xx_hal_adc.o(i.LL_ADC_GetOffsetChannel)
    LL_ADC_GetOffsetChannel                  0x08003dad   Thumb Code    12  stm32g4xx_hal_adc.o(i.LL_ADC_GetOffsetChannel)
    i.LL_ADC_INJ_IsConversionOngoing         0x08003db8   Section        0  stm32g4xx_hal_adc.o(i.LL_ADC_INJ_IsConversionOngoing)
    LL_ADC_INJ_IsConversionOngoing           0x08003db9   Thumb Code     8  stm32g4xx_hal_adc.o(i.LL_ADC_INJ_IsConversionOngoing)
    i.LL_ADC_REG_IsConversionOngoing         0x08003dc0   Section        0  stm32g4xx_hal_adc.o(i.LL_ADC_REG_IsConversionOngoing)
    LL_ADC_REG_IsConversionOngoing           0x08003dc1   Thumb Code     8  stm32g4xx_hal_adc.o(i.LL_ADC_REG_IsConversionOngoing)
    i.LL_ADC_REG_IsConversionOngoing         0x08003dc8   Section        0  stm32g4xx_hal_adc_ex.o(i.LL_ADC_REG_IsConversionOngoing)
    LL_ADC_REG_IsConversionOngoing           0x08003dc9   Thumb Code     8  stm32g4xx_hal_adc_ex.o(i.LL_ADC_REG_IsConversionOngoing)
    i.LL_ADC_REG_IsTriggerSourceSWStart      0x08003dd0   Section        0  stm32g4xx_hal_adc.o(i.LL_ADC_REG_IsTriggerSourceSWStart)
    LL_ADC_REG_IsTriggerSourceSWStart        0x08003dd1   Thumb Code    16  stm32g4xx_hal_adc.o(i.LL_ADC_REG_IsTriggerSourceSWStart)
    i.LL_ADC_SetChannelSamplingTime          0x08003de0   Section        0  stm32g4xx_hal_adc.o(i.LL_ADC_SetChannelSamplingTime)
    LL_ADC_SetChannelSamplingTime            0x08003de1   Thumb Code    30  stm32g4xx_hal_adc.o(i.LL_ADC_SetChannelSamplingTime)
    i.LL_ADC_SetOffsetState                  0x08003dfe   Section        0  stm32g4xx_hal_adc.o(i.LL_ADC_SetOffsetState)
    LL_ADC_SetOffsetState                    0x08003dff   Thumb Code    16  stm32g4xx_hal_adc.o(i.LL_ADC_SetOffsetState)
    i.MX_ADC1_Init                           0x08003e10   Section        0  adc.o(i.MX_ADC1_Init)
    i.MX_DMA_Init                            0x08003f30   Section        0  dma.o(i.MX_DMA_Init)
    i.MX_FDCAN1_Init                         0x08003f7c   Section        0  fdcan.o(i.MX_FDCAN1_Init)
    i.MX_GPIO_Init                           0x08003fc8   Section        0  gpio.o(i.MX_GPIO_Init)
    i.MX_SPI1_Init                           0x0800405c   Section        0  spi.o(i.MX_SPI1_Init)
    i.MX_TIM1_Init                           0x080040ac   Section        0  tim.o(i.MX_TIM1_Init)
    i.MX_TIM3_Init                           0x080041d4   Section        0  tim.o(i.MX_TIM3_Init)
    i.MemManage_Handler                      0x08004248   Section        0  stm32g4xx_it.o(i.MemManage_Handler)
    i.NMI_Handler                            0x0800424a   Section        0  stm32g4xx_it.o(i.NMI_Handler)
    i.PID_Init                               0x0800424c   Section        0  pid_util.o(i.PID_Init)
    i.Park_transform                         0x08004270   Section        0  foc_control.o(i.Park_transform)
    i.PendSV_Handler                         0x080042c4   Section        0  stm32g4xx_it.o(i.PendSV_Handler)
    i.SPI1_IRQHandler                        0x080042c8   Section        0  stm32g4xx_it.o(i.SPI1_IRQHandler)
    i.SPI_DMAAbortOnError                    0x080042d4   Section        0  stm32g4xx_hal_spi.o(i.SPI_DMAAbortOnError)
    SPI_DMAAbortOnError                      0x080042d5   Thumb Code    18  stm32g4xx_hal_spi.o(i.SPI_DMAAbortOnError)
    i.SPI_Init                               0x080042e8   Section        0  spi_util.o(i.SPI_Init)
    i.SVC_Handler                            0x080042fc   Section        0  stm32g4xx_it.o(i.SVC_Handler)
    i.SysTick_Handler                        0x080042fe   Section        0  stm32g4xx_it.o(i.SysTick_Handler)
    i.SystemClock_Config                     0x08004300   Section        0  main.o(i.SystemClock_Config)
    i.SystemInit                             0x08004378   Section        0  system_stm32g4xx.o(i.SystemInit)
    i.TIM1_UP_TIM16_IRQHandler               0x08004394   Section        0  stm32g4xx_it.o(i.TIM1_UP_TIM16_IRQHandler)
    i.TIM2_IRQHandler                        0x080043a0   Section        0  stm32g4xx_it.o(i.TIM2_IRQHandler)
    i.TIM3_IRQHandler                        0x080043ac   Section        0  stm32g4xx_it.o(i.TIM3_IRQHandler)
    i.TIM_Base_SetConfig                     0x080043b8   Section        0  stm32g4xx_hal_tim.o(i.TIM_Base_SetConfig)
    i.TIM_CCxChannelCmd                      0x08004468   Section        0  stm32g4xx_hal_tim.o(i.TIM_CCxChannelCmd)
    i.TIM_CCxNChannelCmd                     0x08004482   Section        0  stm32g4xx_hal_tim_ex.o(i.TIM_CCxNChannelCmd)
    TIM_CCxNChannelCmd                       0x08004483   Thumb Code    26  stm32g4xx_hal_tim_ex.o(i.TIM_CCxNChannelCmd)
    i.TIM_ETR_SetConfig                      0x0800449c   Section        0  stm32g4xx_hal_tim.o(i.TIM_ETR_SetConfig)
    i.TIM_ITRx_SetConfig                     0x080044b0   Section        0  stm32g4xx_hal_tim.o(i.TIM_ITRx_SetConfig)
    TIM_ITRx_SetConfig                       0x080044b1   Thumb Code    16  stm32g4xx_hal_tim.o(i.TIM_ITRx_SetConfig)
    i.TIM_OC1_SetConfig                      0x080044c4   Section        0  stm32g4xx_hal_tim.o(i.TIM_OC1_SetConfig)
    TIM_OC1_SetConfig                        0x080044c5   Thumb Code   132  stm32g4xx_hal_tim.o(i.TIM_OC1_SetConfig)
    i.TIM_OC2_SetConfig                      0x08004560   Section        0  stm32g4xx_hal_tim.o(i.TIM_OC2_SetConfig)
    i.TIM_OC3_SetConfig                      0x080045f0   Section        0  stm32g4xx_hal_tim.o(i.TIM_OC3_SetConfig)
    TIM_OC3_SetConfig                        0x080045f1   Thumb Code   118  stm32g4xx_hal_tim.o(i.TIM_OC3_SetConfig)
    i.TIM_OC4_SetConfig                      0x08004680   Section        0  stm32g4xx_hal_tim.o(i.TIM_OC4_SetConfig)
    TIM_OC4_SetConfig                        0x08004681   Thumb Code   120  stm32g4xx_hal_tim.o(i.TIM_OC4_SetConfig)
    i.TIM_OC5_SetConfig                      0x08004710   Section        0  stm32g4xx_hal_tim.o(i.TIM_OC5_SetConfig)
    TIM_OC5_SetConfig                        0x08004711   Thumb Code    86  stm32g4xx_hal_tim.o(i.TIM_OC5_SetConfig)
    i.TIM_OC6_SetConfig                      0x08004780   Section        0  stm32g4xx_hal_tim.o(i.TIM_OC6_SetConfig)
    TIM_OC6_SetConfig                        0x08004781   Thumb Code    88  stm32g4xx_hal_tim.o(i.TIM_OC6_SetConfig)
    i.TIM_TI1_ConfigInputStage               0x080047f0   Section        0  stm32g4xx_hal_tim.o(i.TIM_TI1_ConfigInputStage)
    TIM_TI1_ConfigInputStage                 0x080047f1   Thumb Code    34  stm32g4xx_hal_tim.o(i.TIM_TI1_ConfigInputStage)
    i.TIM_TI2_ConfigInputStage               0x08004812   Section        0  stm32g4xx_hal_tim.o(i.TIM_TI2_ConfigInputStage)
    TIM_TI2_ConfigInputStage                 0x08004813   Thumb Code    36  stm32g4xx_hal_tim.o(i.TIM_TI2_ConfigInputStage)
    i.UsageFault_Handler                     0x08004836   Section        0  stm32g4xx_it.o(i.UsageFault_Handler)
    i.__NVIC_SetPriority                     0x08004838   Section        0  stm32g4xx_hal_cortex.o(i.__NVIC_SetPriority)
    __NVIC_SetPriority                       0x08004839   Thumb Code    32  stm32g4xx_hal_cortex.o(i.__NVIC_SetPriority)
    i.__scatterload_copy                     0x08004858   Section       14  handlers.o(i.__scatterload_copy)
    i.__scatterload_null                     0x08004866   Section        2  handlers.o(i.__scatterload_null)
    i.__scatterload_zeroinit                 0x08004868   Section       14  handlers.o(i.__scatterload_zeroinit)
    i.main                                   0x08004876   Section        0  main.o(i.main)
    .constdata                               0x080048a0   Section       16  system_stm32g4xx.o(.constdata)
    .constdata                               0x080048b0   Section        8  system_stm32g4xx.o(.constdata)
    .constdata                               0x080048b8   Section     2052  arm_common_tables.o(.constdata)
    .data                                    0x20000000   Section        8  main.o(.data)
    Adc_Hz                                   0x20000000   Data           2  main.o(.data)
    cnt                                      0x20000002   Data           2  main.o(.data)
    run_Hz                                   0x20000004   Data           4  main.o(.data)
    .data                                    0x20000008   Section       12  stm32g4xx_hal.o(.data)
    .data                                    0x20000014   Section        4  system_stm32g4xx.o(.data)
    .data                                    0x20000018   Section       40  foc_control.o(.data)
    t                                        0x20000028   Data           4  foc_control.o(.data)
    .data                                    0x20000040   Section        8  foc_error.o(.data)
    .data                                    0x20000048   Section        4  adc_util.o(.data)
    .bss                                     0x2000004c   Section      204  adc.o(.bss)
    .bss                                     0x20000118   Section      100  fdcan.o(.bss)
    .bss                                     0x2000017c   Section      196  spi.o(.bss)
    .bss                                     0x20000240   Section      152  tim.o(.bss)
    .bss                                     0x200002d8   Section       76  stm32g4xx_hal_timebase_tim.o(.bss)
    .bss                                     0x20000324   Section      244  foc_control.o(.bss)
    .bss                                     0x20000418   Section      804  adc_util.o(.bss)
    STACK                                    0x20000740   Section     1024  startup_stm32g431xx.o(STACK)

    Global Symbols

    Symbol Name                              Value     Ov Type        Size  Object(Section)

    BuildAttributes$$THM_ISAv4$E$P$D$K$B$S$7EM$VFPi3$EXTD16$VFPS$VFMA$PE$A:L22UL41UL21$X:L11$S22US41US21$IEEE1$IW$USESV6$~STKCKD$USESV7$~SHL$OTIME$ROPI$IEEEX$EBA8$MICROLIB$REQ8$PRES8$EABIv2 0x00000000   Number         0  anon$$obj.o ABSOLUTE
    __ARM_use_no_argv                        0x00000000   Number         0  main.o ABSOLUTE
    __cpp_initialize__aeabi_                  - Undefined Weak Reference
    __cxa_finalize                            - Undefined Weak Reference
    __decompress                              - Undefined Weak Reference
    _clock_init                               - Undefined Weak Reference
    _microlib_exit                            - Undefined Weak Reference
    __Vectors_Size                           0x000001d8   Number         0  startup_stm32g431xx.o ABSOLUTE
    __Vectors                                0x08000000   Data           4  startup_stm32g431xx.o(RESET)
    __Vectors_End                            0x080001d8   Data           0  startup_stm32g431xx.o(RESET)
    __main                                   0x080001d9   Thumb Code     0  entry.o(.ARM.Collect$$$$00000000)
    _main_stk                                0x080001d9   Thumb Code     0  entry2.o(.ARM.Collect$$$$00000001)
    _main_scatterload                        0x080001dd   Thumb Code     0  entry5.o(.ARM.Collect$$$$00000004)
    __main_after_scatterload                 0x080001e1   Thumb Code     0  entry5.o(.ARM.Collect$$$$00000004)
    _main_clock                              0x080001e1   Thumb Code     0  entry7b.o(.ARM.Collect$$$$00000008)
    _main_cpp_init                           0x080001e1   Thumb Code     0  entry8b.o(.ARM.Collect$$$$0000000A)
    _main_init                               0x080001e1   Thumb Code     0  entry9a.o(.ARM.Collect$$$$0000000B)
    __rt_final_cpp                           0x080001e9   Thumb Code     0  entry10a.o(.ARM.Collect$$$$0000000D)
    __rt_final_exit                          0x080001e9   Thumb Code     0  entry11a.o(.ARM.Collect$$$$0000000F)
    Reset_Handler                            0x080001ed   Thumb Code     8  startup_stm32g431xx.o(.text)
    ADC1_2_IRQHandler                        0x08000207   Thumb Code     0  startup_stm32g431xx.o(.text)
    COMP1_2_3_IRQHandler                     0x08000207   Thumb Code     0  startup_stm32g431xx.o(.text)
    COMP4_IRQHandler                         0x08000207   Thumb Code     0  startup_stm32g431xx.o(.text)
    CORDIC_IRQHandler                        0x08000207   Thumb Code     0  startup_stm32g431xx.o(.text)
    CRS_IRQHandler                           0x08000207   Thumb Code     0  startup_stm32g431xx.o(.text)
    DMA1_Channel3_IRQHandler                 0x08000207   Thumb Code     0  startup_stm32g431xx.o(.text)
    DMA1_Channel4_IRQHandler                 0x08000207   Thumb Code     0  startup_stm32g431xx.o(.text)
    DMA1_Channel5_IRQHandler                 0x08000207   Thumb Code     0  startup_stm32g431xx.o(.text)
    DMA1_Channel6_IRQHandler                 0x08000207   Thumb Code     0  startup_stm32g431xx.o(.text)
    DMA2_Channel1_IRQHandler                 0x08000207   Thumb Code     0  startup_stm32g431xx.o(.text)
    DMA2_Channel2_IRQHandler                 0x08000207   Thumb Code     0  startup_stm32g431xx.o(.text)
    DMA2_Channel3_IRQHandler                 0x08000207   Thumb Code     0  startup_stm32g431xx.o(.text)
    DMA2_Channel4_IRQHandler                 0x08000207   Thumb Code     0  startup_stm32g431xx.o(.text)
    DMA2_Channel5_IRQHandler                 0x08000207   Thumb Code     0  startup_stm32g431xx.o(.text)
    DMA2_Channel6_IRQHandler                 0x08000207   Thumb Code     0  startup_stm32g431xx.o(.text)
    DMAMUX_OVR_IRQHandler                    0x08000207   Thumb Code     0  startup_stm32g431xx.o(.text)
    EXTI0_IRQHandler                         0x08000207   Thumb Code     0  startup_stm32g431xx.o(.text)
    EXTI15_10_IRQHandler                     0x08000207   Thumb Code     0  startup_stm32g431xx.o(.text)
    EXTI1_IRQHandler                         0x08000207   Thumb Code     0  startup_stm32g431xx.o(.text)
    EXTI2_IRQHandler                         0x08000207   Thumb Code     0  startup_stm32g431xx.o(.text)
    EXTI3_IRQHandler                         0x08000207   Thumb Code     0  startup_stm32g431xx.o(.text)
    EXTI4_IRQHandler                         0x08000207   Thumb Code     0  startup_stm32g431xx.o(.text)
    EXTI9_5_IRQHandler                       0x08000207   Thumb Code     0  startup_stm32g431xx.o(.text)
    FDCAN1_IT1_IRQHandler                    0x08000207   Thumb Code     0  startup_stm32g431xx.o(.text)
    FLASH_IRQHandler                         0x08000207   Thumb Code     0  startup_stm32g431xx.o(.text)
    FMAC_IRQHandler                          0x08000207   Thumb Code     0  startup_stm32g431xx.o(.text)
    FPU_IRQHandler                           0x08000207   Thumb Code     0  startup_stm32g431xx.o(.text)
    I2C1_ER_IRQHandler                       0x08000207   Thumb Code     0  startup_stm32g431xx.o(.text)
    I2C1_EV_IRQHandler                       0x08000207   Thumb Code     0  startup_stm32g431xx.o(.text)
    I2C2_ER_IRQHandler                       0x08000207   Thumb Code     0  startup_stm32g431xx.o(.text)
    I2C2_EV_IRQHandler                       0x08000207   Thumb Code     0  startup_stm32g431xx.o(.text)
    I2C3_ER_IRQHandler                       0x08000207   Thumb Code     0  startup_stm32g431xx.o(.text)
    I2C3_EV_IRQHandler                       0x08000207   Thumb Code     0  startup_stm32g431xx.o(.text)
    LPTIM1_IRQHandler                        0x08000207   Thumb Code     0  startup_stm32g431xx.o(.text)
    LPUART1_IRQHandler                       0x08000207   Thumb Code     0  startup_stm32g431xx.o(.text)
    PVD_PVM_IRQHandler                       0x08000207   Thumb Code     0  startup_stm32g431xx.o(.text)
    RCC_IRQHandler                           0x08000207   Thumb Code     0  startup_stm32g431xx.o(.text)
    RNG_IRQHandler                           0x08000207   Thumb Code     0  startup_stm32g431xx.o(.text)
    RTC_Alarm_IRQHandler                     0x08000207   Thumb Code     0  startup_stm32g431xx.o(.text)
    RTC_TAMP_LSECSS_IRQHandler               0x08000207   Thumb Code     0  startup_stm32g431xx.o(.text)
    RTC_WKUP_IRQHandler                      0x08000207   Thumb Code     0  startup_stm32g431xx.o(.text)
    SAI1_IRQHandler                          0x08000207   Thumb Code     0  startup_stm32g431xx.o(.text)
    SPI2_IRQHandler                          0x08000207   Thumb Code     0  startup_stm32g431xx.o(.text)
    SPI3_IRQHandler                          0x08000207   Thumb Code     0  startup_stm32g431xx.o(.text)
    TIM1_BRK_TIM15_IRQHandler                0x08000207   Thumb Code     0  startup_stm32g431xx.o(.text)
    TIM1_CC_IRQHandler                       0x08000207   Thumb Code     0  startup_stm32g431xx.o(.text)
    TIM1_TRG_COM_TIM17_IRQHandler            0x08000207   Thumb Code     0  startup_stm32g431xx.o(.text)
    TIM4_IRQHandler                          0x08000207   Thumb Code     0  startup_stm32g431xx.o(.text)
    TIM6_DAC_IRQHandler                      0x08000207   Thumb Code     0  startup_stm32g431xx.o(.text)
    TIM7_IRQHandler                          0x08000207   Thumb Code     0  startup_stm32g431xx.o(.text)
    TIM8_BRK_IRQHandler                      0x08000207   Thumb Code     0  startup_stm32g431xx.o(.text)
    TIM8_CC_IRQHandler                       0x08000207   Thumb Code     0  startup_stm32g431xx.o(.text)
    TIM8_TRG_COM_IRQHandler                  0x08000207   Thumb Code     0  startup_stm32g431xx.o(.text)
    TIM8_UP_IRQHandler                       0x08000207   Thumb Code     0  startup_stm32g431xx.o(.text)
    UART4_IRQHandler                         0x08000207   Thumb Code     0  startup_stm32g431xx.o(.text)
    UCPD1_IRQHandler                         0x08000207   Thumb Code     0  startup_stm32g431xx.o(.text)
    USART1_IRQHandler                        0x08000207   Thumb Code     0  startup_stm32g431xx.o(.text)
    USART2_IRQHandler                        0x08000207   Thumb Code     0  startup_stm32g431xx.o(.text)
    USART3_IRQHandler                        0x08000207   Thumb Code     0  startup_stm32g431xx.o(.text)
    USBWakeUp_IRQHandler                     0x08000207   Thumb Code     0  startup_stm32g431xx.o(.text)
    USB_HP_IRQHandler                        0x08000207   Thumb Code     0  startup_stm32g431xx.o(.text)
    USB_LP_IRQHandler                        0x08000207   Thumb Code     0  startup_stm32g431xx.o(.text)
    WWDG_IRQHandler                          0x08000207   Thumb Code     0  startup_stm32g431xx.o(.text)
    arm_cos_f32                              0x08000211   Thumb Code   108  arm_cos_f32.o(.text)
    arm_sin_f32                              0x08000289   Thumb Code   130  arm_sin_f32.o(.text)
    __aeabi_memset                           0x0800031d   Thumb Code    14  memseta.o(.text)
    __aeabi_memset4                          0x0800031d   Thumb Code     0  memseta.o(.text)
    __aeabi_memset8                          0x0800031d   Thumb Code     0  memseta.o(.text)
    __aeabi_memclr                           0x0800032b   Thumb Code     4  memseta.o(.text)
    __aeabi_memclr4                          0x0800032b   Thumb Code     0  memseta.o(.text)
    __aeabi_memclr8                          0x0800032b   Thumb Code     0  memseta.o(.text)
    _memset$wrapper                          0x0800032f   Thumb Code    18  memseta.o(.text)
    __aeabi_dadd                             0x08000341   Thumb Code   322  dadd.o(.text)
    __aeabi_dsub                             0x08000483   Thumb Code     6  dadd.o(.text)
    __aeabi_drsub                            0x08000489   Thumb Code     6  dadd.o(.text)
    __aeabi_f2d                              0x0800048f   Thumb Code    38  f2d.o(.text)
    __aeabi_d2f                              0x080004b5   Thumb Code    56  d2f.o(.text)
    __aeabi_llsl                             0x080004ed   Thumb Code    30  llshl.o(.text)
    _ll_shift_l                              0x080004ed   Thumb Code     0  llshl.o(.text)
    __aeabi_lasr                             0x0800050b   Thumb Code    36  llsshr.o(.text)
    _ll_sshift_r                             0x0800050b   Thumb Code     0  llsshr.o(.text)
    __I$use$fp                               0x0800052f   Thumb Code     0  iusefp.o(.text)
    _float_round                             0x0800052f   Thumb Code    18  fepilogue.o(.text)
    _float_epilogue                          0x08000541   Thumb Code    92  fepilogue.o(.text)
    _double_round                            0x0800059d   Thumb Code    30  depilogue.o(.text)
    _double_epilogue                         0x080005bb   Thumb Code   156  depilogue.o(.text)
    __scatterload                            0x08000659   Thumb Code    28  init.o(.text)
    __scatterload_rt2                        0x08000659   Thumb Code     0  init.o(.text)
    __aeabi_llsr                             0x0800067d   Thumb Code    32  llushr.o(.text)
    _ll_ushift_r                             0x0800067d   Thumb Code     0  llushr.o(.text)
    ADC_DMAConvCplt                          0x0800069d   Thumb Code   104  stm32g4xx_hal_adc.o(i.ADC_DMAConvCplt)
    ADC_DMAError                             0x08000705   Thumb Code    26  stm32g4xx_hal_adc.o(i.ADC_DMAError)
    ADC_DMAHalfConvCplt                      0x0800071f   Thumb Code    10  stm32g4xx_hal_adc.o(i.ADC_DMAHalfConvCplt)
    ADC_Disable                              0x08000729   Thumb Code    98  stm32g4xx_hal_adc.o(i.ADC_Disable)
    ADC_Enable                               0x08000791   Thumb Code   100  stm32g4xx_hal_adc.o(i.ADC_Enable)
    ADC_Struct_Init                          0x080007f9   Thumb Code    54  foc_control.o(i.ADC_Struct_Init)
    ADC_Vrefint_Init                         0x08000841   Thumb Code     6  adc_util.o(i.ADC_Vrefint_Init)
    Adc_Init                                 0x08000849   Thumb Code    36  adc_util.o(i.Adc_Init)
    Adc_Val_Decode                           0x08000875   Thumb Code   224  adc_util.o(i.Adc_Val_Decode)
    BusFault_Handler                         0x08000971   Thumb Code     2  stm32g4xx_it.o(i.BusFault_Handler)
    CALC_SVPWM                               0x08000975   Thumb Code   250  foc_control.o(i.CALC_SVPWM)
    Clarke_transform                         0x08000a81   Thumb Code    30  foc_control.o(i.Clarke_transform)
    DMA1_Channel1_IRQHandler                 0x08000aa9   Thumb Code     6  stm32g4xx_it.o(i.DMA1_Channel1_IRQHandler)
    DMA1_Channel2_IRQHandler                 0x08000ab5   Thumb Code     6  stm32g4xx_it.o(i.DMA1_Channel2_IRQHandler)
    DRV8323_CAL_Init                         0x08000b63   Thumb Code    38  drv8323_util.o(i.DRV8323_CAL_Init)
    DRV8323_GPIO_Init                        0x08000b89   Thumb Code    84  drv8323_util.o(i.DRV8323_GPIO_Init)
    DebugMon_Handler                         0x08000bdd   Thumb Code     2  stm32g4xx_it.o(i.DebugMon_Handler)
    Error_Handler                            0x08000bdf   Thumb Code     2  main.o(i.Error_Handler)
    Error_Main_Loop                          0x08000be1   Thumb Code   122  foc_error.o(i.Error_Main_Loop)
    Error_Struct_Init                        0x08000c7d   Thumb Code    20  foc_error.o(i.Error_Struct_Init)
    FDCAN1_IT0_IRQHandler                    0x08000c91   Thumb Code     6  stm32g4xx_it.o(i.FDCAN1_IT0_IRQHandler)
    FOC_Calc_Electrical_Angle                0x08000c9d   Thumb Code    46  foc_control.o(i.FOC_Calc_Electrical_Angle)
    FOC_Main_Init                            0x08000cd9   Thumb Code   242  foc_control.o(i.FOC_Main_Init)
    FOC_Main_Loop                            0x08000de5   Thumb Code   282  foc_control.o(i.FOC_Main_Loop)
    FOC_Struct_Init                          0x08000f25   Thumb Code    66  foc_control.o(i.FOC_Struct_Init)
    Get_ADC_Value                            0x08000f6d   Thumb Code    10  adc_util.o(i.Get_ADC_Value)
    HAL_ADCEx_Calibration_Start              0x08000f81   Thumb Code   138  stm32g4xx_hal_adc_ex.o(i.HAL_ADCEx_Calibration_Start)
    HAL_ADCEx_MultiModeConfigChannel         0x08001015   Thumb Code   204  stm32g4xx_hal_adc_ex.o(i.HAL_ADCEx_MultiModeConfigChannel)
    HAL_ADC_ConfigChannel                    0x080010e9   Thumb Code  1004  stm32g4xx_hal_adc.o(i.HAL_ADC_ConfigChannel)
    HAL_ADC_ConvCpltCallback                 0x08001509   Thumb Code    22  adc_util.o(i.HAL_ADC_ConvCpltCallback)
    HAL_ADC_ConvHalfCpltCallback             0x08001529   Thumb Code     2  stm32g4xx_hal_adc.o(i.HAL_ADC_ConvHalfCpltCallback)
    HAL_ADC_ErrorCallback                    0x0800152b   Thumb Code     2  stm32g4xx_hal_adc.o(i.HAL_ADC_ErrorCallback)
    HAL_ADC_Init                             0x0800152d   Thumb Code   472  stm32g4xx_hal_adc.o(i.HAL_ADC_Init)
    HAL_ADC_MspInit                          0x08001725   Thumb Code   130  adc.o(i.HAL_ADC_MspInit)
    HAL_ADC_Start                            0x080017b5   Thumb Code   230  stm32g4xx_hal_adc.o(i.HAL_ADC_Start)
    HAL_ADC_Start_DMA                        0x080018a9   Thumb Code   214  stm32g4xx_hal_adc.o(i.HAL_ADC_Start_DMA)
    HAL_DMA_Abort_IT                         0x08001999   Thumb Code   120  stm32g4xx_hal_dma.o(i.HAL_DMA_Abort_IT)
    HAL_DMA_IRQHandler                       0x08001a11   Thumb Code   186  stm32g4xx_hal_dma.o(i.HAL_DMA_IRQHandler)
    HAL_DMA_Init                             0x08001acd   Thumb Code   178  stm32g4xx_hal_dma.o(i.HAL_DMA_Init)
    HAL_DMA_Start_IT                         0x08001b8d   Thumb Code   140  stm32g4xx_hal_dma.o(i.HAL_DMA_Start_IT)
    HAL_Delay                                0x08001c19   Thumb Code    32  stm32g4xx_hal.o(i.HAL_Delay)
    HAL_FDCAN_ErrorCallback                  0x08001c3d   Thumb Code     2  stm32g4xx_hal_fdcan.o(i.HAL_FDCAN_ErrorCallback)
    HAL_FDCAN_ErrorStatusCallback            0x08001c3f   Thumb Code     2  stm32g4xx_hal_fdcan.o(i.HAL_FDCAN_ErrorStatusCallback)
    HAL_FDCAN_HighPriorityMessageCallback    0x08001c41   Thumb Code     2  stm32g4xx_hal_fdcan.o(i.HAL_FDCAN_HighPriorityMessageCallback)
    HAL_FDCAN_IRQHandler                     0x08001c43   Thumb Code   352  stm32g4xx_hal_fdcan.o(i.HAL_FDCAN_IRQHandler)
    HAL_FDCAN_Init                           0x08001da5   Thumb Code   498  stm32g4xx_hal_fdcan.o(i.HAL_FDCAN_Init)
    HAL_FDCAN_MspInit                        0x08001fa9   Thumb Code   104  fdcan.o(i.HAL_FDCAN_MspInit)
    HAL_FDCAN_RxFifo0Callback                0x08002019   Thumb Code     2  stm32g4xx_hal_fdcan.o(i.HAL_FDCAN_RxFifo0Callback)
    HAL_FDCAN_RxFifo1Callback                0x0800201b   Thumb Code     2  stm32g4xx_hal_fdcan.o(i.HAL_FDCAN_RxFifo1Callback)
    HAL_FDCAN_TimeoutOccurredCallback        0x0800201d   Thumb Code     2  stm32g4xx_hal_fdcan.o(i.HAL_FDCAN_TimeoutOccurredCallback)
    HAL_FDCAN_TimestampWraparoundCallback    0x0800201f   Thumb Code     2  stm32g4xx_hal_fdcan.o(i.HAL_FDCAN_TimestampWraparoundCallback)
    HAL_FDCAN_TxBufferAbortCallback          0x08002021   Thumb Code     2  stm32g4xx_hal_fdcan.o(i.HAL_FDCAN_TxBufferAbortCallback)
    HAL_FDCAN_TxBufferCompleteCallback       0x08002023   Thumb Code     2  stm32g4xx_hal_fdcan.o(i.HAL_FDCAN_TxBufferCompleteCallback)
    HAL_FDCAN_TxEventFifoCallback            0x08002025   Thumb Code     2  stm32g4xx_hal_fdcan.o(i.HAL_FDCAN_TxEventFifoCallback)
    HAL_FDCAN_TxFifoEmptyCallback            0x08002027   Thumb Code     2  stm32g4xx_hal_fdcan.o(i.HAL_FDCAN_TxFifoEmptyCallback)
    HAL_GPIO_DeInit                          0x08002029   Thumb Code   302  stm32g4xx_hal_gpio.o(i.HAL_GPIO_DeInit)
    HAL_GPIO_Init                            0x08002175   Thumb Code   422  stm32g4xx_hal_gpio.o(i.HAL_GPIO_Init)
    HAL_GPIO_ReadPin                         0x0800233d   Thumb Code    10  stm32g4xx_hal_gpio.o(i.HAL_GPIO_ReadPin)
    HAL_GPIO_TogglePin                       0x08002347   Thumb Code    16  stm32g4xx_hal_gpio.o(i.HAL_GPIO_TogglePin)
    HAL_GPIO_WritePin                        0x08002357   Thumb Code    10  stm32g4xx_hal_gpio.o(i.HAL_GPIO_WritePin)
    HAL_GetTick                              0x08002361   Thumb Code     6  stm32g4xx_hal.o(i.HAL_GetTick)
    HAL_IncTick                              0x0800236d   Thumb Code    12  stm32g4xx_hal.o(i.HAL_IncTick)
    HAL_Init                                 0x0800237d   Thumb Code    30  stm32g4xx_hal.o(i.HAL_Init)
    HAL_InitTick                             0x0800239d   Thumb Code   118  stm32g4xx_hal_timebase_tim.o(i.HAL_InitTick)
    HAL_MspInit                              0x08002425   Thumb Code    42  stm32g4xx_hal_msp.o(i.HAL_MspInit)
    HAL_NVIC_EnableIRQ                       0x08002455   Thumb Code    26  stm32g4xx_hal_cortex.o(i.HAL_NVIC_EnableIRQ)
    HAL_NVIC_SetPriority                     0x08002471   Thumb Code    60  stm32g4xx_hal_cortex.o(i.HAL_NVIC_SetPriority)
    HAL_NVIC_SetPriorityGrouping             0x080024b1   Thumb Code    26  stm32g4xx_hal_cortex.o(i.HAL_NVIC_SetPriorityGrouping)
    HAL_PWREx_ControlVoltageScaling          0x080024d5   Thumb Code   174  stm32g4xx_hal_pwr_ex.o(i.HAL_PWREx_ControlVoltageScaling)
    HAL_PWREx_DisableUCPDDeadBattery         0x08002591   Thumb Code    12  stm32g4xx_hal_pwr_ex.o(i.HAL_PWREx_DisableUCPDDeadBattery)
    HAL_RCCEx_PeriphCLKConfig                0x080025a1   Thumb Code   638  stm32g4xx_hal_rcc_ex.o(i.HAL_RCCEx_PeriphCLKConfig)
    HAL_RCC_ClockConfig                      0x08002829   Thumb Code   444  stm32g4xx_hal_rcc.o(i.HAL_RCC_ClockConfig)
    HAL_RCC_GetClockConfig                   0x08002a05   Thumb Code    54  stm32g4xx_hal_rcc.o(i.HAL_RCC_GetClockConfig)
    HAL_RCC_GetPCLK1Freq                     0x08002a45   Thumb Code    24  stm32g4xx_hal_rcc.o(i.HAL_RCC_GetPCLK1Freq)
    HAL_RCC_GetSysClockFreq                  0x08002a69   Thumb Code    98  stm32g4xx_hal_rcc.o(i.HAL_RCC_GetSysClockFreq)
    HAL_RCC_OscConfig                        0x08002ad9   Thumb Code  1036  stm32g4xx_hal_rcc.o(i.HAL_RCC_OscConfig)
    HAL_SPI_ErrorCallback                    0x08002ee5   Thumb Code     2  stm32g4xx_hal_spi.o(i.HAL_SPI_ErrorCallback)
    HAL_SPI_IRQHandler                       0x08002ee9   Thumb Code   246  stm32g4xx_hal_spi.o(i.HAL_SPI_IRQHandler)
    HAL_SPI_Init                             0x08002fe5   Thumb Code   234  stm32g4xx_hal_spi.o(i.HAL_SPI_Init)
    HAL_SPI_MspInit                          0x080030d1   Thumb Code   144  spi.o(i.HAL_SPI_MspInit)
    HAL_TIMEx_Break2Callback                 0x08003175   Thumb Code     2  stm32g4xx_hal_tim_ex.o(i.HAL_TIMEx_Break2Callback)
    HAL_TIMEx_BreakCallback                  0x08003177   Thumb Code     2  stm32g4xx_hal_tim_ex.o(i.HAL_TIMEx_BreakCallback)
    HAL_TIMEx_CommutCallback                 0x08003179   Thumb Code     2  stm32g4xx_hal_tim_ex.o(i.HAL_TIMEx_CommutCallback)
    HAL_TIMEx_ConfigBreakDeadTime            0x0800317d   Thumb Code   164  stm32g4xx_hal_tim_ex.o(i.HAL_TIMEx_ConfigBreakDeadTime)
    HAL_TIMEx_DirectionChangeCallback        0x08003229   Thumb Code     2  stm32g4xx_hal_tim_ex.o(i.HAL_TIMEx_DirectionChangeCallback)
    HAL_TIMEx_EnableDeadTimePreload          0x0800322b   Thumb Code    14  stm32g4xx_hal_tim_ex.o(i.HAL_TIMEx_EnableDeadTimePreload)
    HAL_TIMEx_EncoderIndexCallback           0x08003239   Thumb Code     2  stm32g4xx_hal_tim_ex.o(i.HAL_TIMEx_EncoderIndexCallback)
    HAL_TIMEx_IndexErrorCallback             0x0800323b   Thumb Code     2  stm32g4xx_hal_tim_ex.o(i.HAL_TIMEx_IndexErrorCallback)
    HAL_TIMEx_MasterConfigSynchronization    0x0800323d   Thumb Code   132  stm32g4xx_hal_tim_ex.o(i.HAL_TIMEx_MasterConfigSynchronization)
    HAL_TIMEx_PWMN_Start                     0x080032d9   Thumb Code   158  stm32g4xx_hal_tim_ex.o(i.HAL_TIMEx_PWMN_Start)
    HAL_TIMEx_TransitionErrorCallback        0x08003391   Thumb Code     2  stm32g4xx_hal_tim_ex.o(i.HAL_TIMEx_TransitionErrorCallback)
    HAL_TIM_Base_Init                        0x08003393   Thumb Code    98  stm32g4xx_hal_tim.o(i.HAL_TIM_Base_Init)
    HAL_TIM_Base_MspInit                     0x080033f5   Thumb Code    50  tim.o(i.HAL_TIM_Base_MspInit)
    HAL_TIM_Base_Start_IT                    0x08003431   Thumb Code    94  stm32g4xx_hal_tim.o(i.HAL_TIM_Base_Start_IT)
    HAL_TIM_ConfigClockSource                0x080034a9   Thumb Code   240  stm32g4xx_hal_tim.o(i.HAL_TIM_ConfigClockSource)
    HAL_TIM_IC_CaptureCallback               0x080035a1   Thumb Code     2  stm32g4xx_hal_tim.o(i.HAL_TIM_IC_CaptureCallback)
    HAL_TIM_IRQHandler                       0x080035a3   Thumb Code   508  stm32g4xx_hal_tim.o(i.HAL_TIM_IRQHandler)
    HAL_TIM_MspPostInit                      0x080037a1   Thumb Code   144  tim.o(i.HAL_TIM_MspPostInit)
    HAL_TIM_OC_ConfigChannel                 0x08003841   Thumb Code   104  stm32g4xx_hal_tim.o(i.HAL_TIM_OC_ConfigChannel)
    HAL_TIM_OC_DelayElapsedCallback          0x080038a9   Thumb Code     2  stm32g4xx_hal_tim.o(i.HAL_TIM_OC_DelayElapsedCallback)
    HAL_TIM_OC_Init                          0x080038ab   Thumb Code    98  stm32g4xx_hal_tim.o(i.HAL_TIM_OC_Init)
    HAL_TIM_OC_MspInit                       0x0800390d   Thumb Code    50  tim.o(i.HAL_TIM_OC_MspInit)
    HAL_TIM_PWM_ConfigChannel                0x08003949   Thumb Code   286  stm32g4xx_hal_tim.o(i.HAL_TIM_PWM_ConfigChannel)
    HAL_TIM_PWM_Init                         0x08003a67   Thumb Code    98  stm32g4xx_hal_tim.o(i.HAL_TIM_PWM_Init)
    HAL_TIM_PWM_MspInit                      0x08003ac9   Thumb Code     2  stm32g4xx_hal_tim.o(i.HAL_TIM_PWM_MspInit)
    HAL_TIM_PWM_PulseFinishedCallback        0x08003acb   Thumb Code     2  stm32g4xx_hal_tim.o(i.HAL_TIM_PWM_PulseFinishedCallback)
    HAL_TIM_PWM_Start                        0x08003acd   Thumb Code   218  stm32g4xx_hal_tim.o(i.HAL_TIM_PWM_Start)
    HAL_TIM_PWM_Start_IT                     0x08003bc9   Thumb Code   258  stm32g4xx_hal_tim.o(i.HAL_TIM_PWM_Start_IT)
    HAL_TIM_PeriodElapsedCallback            0x08003ced   Thumb Code    84  main.o(i.HAL_TIM_PeriodElapsedCallback)
    HAL_TIM_TriggerCallback                  0x08003d55   Thumb Code     2  stm32g4xx_hal_tim.o(i.HAL_TIM_TriggerCallback)
    HardFault_Handler                        0x08003d57   Thumb Code     2  stm32g4xx_it.o(i.HardFault_Handler)
    Inv_Park_transform                       0x08003d59   Thumb Code    84  foc_control.o(i.Inv_Park_transform)
    MX_ADC1_Init                             0x08003e11   Thumb Code   260  adc.o(i.MX_ADC1_Init)
    MX_DMA_Init                              0x08003f31   Thumb Code    72  dma.o(i.MX_DMA_Init)
    MX_FDCAN1_Init                           0x08003f7d   Thumb Code    66  fdcan.o(i.MX_FDCAN1_Init)
    MX_GPIO_Init                             0x08003fc9   Thumb Code   140  gpio.o(i.MX_GPIO_Init)
    MX_SPI1_Init                             0x0800405d   Thumb Code    72  spi.o(i.MX_SPI1_Init)
    MX_TIM1_Init                             0x080040ad   Thumb Code   288  tim.o(i.MX_TIM1_Init)
    MX_TIM3_Init                             0x080041d5   Thumb Code   106  tim.o(i.MX_TIM3_Init)
    MemManage_Handler                        0x08004249   Thumb Code     2  stm32g4xx_it.o(i.MemManage_Handler)
    NMI_Handler                              0x0800424b   Thumb Code     2  stm32g4xx_it.o(i.NMI_Handler)
    PID_Init                                 0x0800424d   Thumb Code    30  pid_util.o(i.PID_Init)
    Park_transform                           0x08004271   Thumb Code    84  foc_control.o(i.Park_transform)
    PendSV_Handler                           0x080042c5   Thumb Code     2  stm32g4xx_it.o(i.PendSV_Handler)
    SPI1_IRQHandler                          0x080042c9   Thumb Code     6  stm32g4xx_it.o(i.SPI1_IRQHandler)
    SPI_Init                                 0x080042e9   Thumb Code    16  spi_util.o(i.SPI_Init)
    SVC_Handler                              0x080042fd   Thumb Code     2  stm32g4xx_it.o(i.SVC_Handler)
    SysTick_Handler                          0x080042ff   Thumb Code     2  stm32g4xx_it.o(i.SysTick_Handler)
    SystemClock_Config                       0x08004301   Thumb Code   120  main.o(i.SystemClock_Config)
    SystemInit                               0x08004379   Thumb Code    22  system_stm32g4xx.o(i.SystemInit)
    TIM1_UP_TIM16_IRQHandler                 0x08004395   Thumb Code     6  stm32g4xx_it.o(i.TIM1_UP_TIM16_IRQHandler)
    TIM2_IRQHandler                          0x080043a1   Thumb Code     6  stm32g4xx_it.o(i.TIM2_IRQHandler)
    TIM3_IRQHandler                          0x080043ad   Thumb Code     6  stm32g4xx_it.o(i.TIM3_IRQHandler)
    TIM_Base_SetConfig                       0x080043b9   Thumb Code   146  stm32g4xx_hal_tim.o(i.TIM_Base_SetConfig)
    TIM_CCxChannelCmd                        0x08004469   Thumb Code    26  stm32g4xx_hal_tim.o(i.TIM_CCxChannelCmd)
    TIM_ETR_SetConfig                        0x0800449d   Thumb Code    20  stm32g4xx_hal_tim.o(i.TIM_ETR_SetConfig)
    TIM_OC2_SetConfig                        0x08004561   Thumb Code   120  stm32g4xx_hal_tim.o(i.TIM_OC2_SetConfig)
    UsageFault_Handler                       0x08004837   Thumb Code     2  stm32g4xx_it.o(i.UsageFault_Handler)
    __scatterload_copy                       0x08004859   Thumb Code    14  handlers.o(i.__scatterload_copy)
    __scatterload_null                       0x08004867   Thumb Code     2  handlers.o(i.__scatterload_null)
    __scatterload_zeroinit                   0x08004869   Thumb Code    14  handlers.o(i.__scatterload_zeroinit)
    main                                     0x08004877   Thumb Code    42  main.o(i.main)
    AHBPrescTable                            0x080048a0   Data          16  system_stm32g4xx.o(.constdata)
    APBPrescTable                            0x080048b0   Data           8  system_stm32g4xx.o(.constdata)
    sinTable_f32                             0x080048b8   Data        2052  arm_common_tables.o(.constdata)
    Region$$Table$$Base                      0x080050bc   Number         0  anon$$obj.o(Region$$Table)
    Region$$Table$$Limit                     0x080050dc   Number         0  anon$$obj.o(Region$$Table)
    uwTickPrio                               0x20000008   Data           4  stm32g4xx_hal.o(.data)
    uwTickFreq                               0x2000000c   Data           4  stm32g4xx_hal.o(.data)
    uwTick                                   0x20000010   Data           4  stm32g4xx_hal.o(.data)
    SystemCoreClock                          0x20000014   Data           4  system_stm32g4xx.o(.data)
    bSector                                  0x20000018   Data           1  foc_control.o(.data)
    state_led_flag                           0x2000001a   Data           2  foc_control.o(.data)
    hTimePhA                                 0x2000001c   Data           2  foc_control.o(.data)
    hTimePhB                                 0x2000001e   Data           2  foc_control.o(.data)
    hTimePhC                                 0x20000020   Data           2  foc_control.o(.data)
    run_flag                                 0x20000024   Data           4  foc_control.o(.data)
    wX                                       0x2000002c   Data           4  foc_control.o(.data)
    wY                                       0x20000030   Data           4  foc_control.o(.data)
    wZ                                       0x20000034   Data           4  foc_control.o(.data)
    wUAlpha                                  0x20000038   Data           4  foc_control.o(.data)
    wUBeta                                   0x2000003c   Data           4  foc_control.o(.data)
    Motor_Error                              0x20000040   Data           8  foc_error.o(.data)
    filter_flag                              0x20000048   Data           1  adc_util.o(.data)
    Adc_flag                                 0x2000004a   Data           2  adc_util.o(.data)
    hadc1                                    0x2000004c   Data         108  adc.o(.bss)
    hdma_adc1                                0x200000b8   Data          96  adc.o(.bss)
    hfdcan1                                  0x20000118   Data         100  fdcan.o(.bss)
    hspi1                                    0x2000017c   Data         100  spi.o(.bss)
    hdma_spi1_rx                             0x200001e0   Data          96  spi.o(.bss)
    htim1                                    0x20000240   Data          76  tim.o(.bss)
    htim3                                    0x2000028c   Data          76  tim.o(.bss)
    htim2                                    0x200002d8   Data          76  stm32g4xx_hal_timebase_tim.o(.bss)
    Motor_FOC                                0x20000324   Data          80  foc_control.o(.bss)
    Motor_ADC                                0x20000374   Data          36  foc_control.o(.bss)
    Current_Id_PID                           0x20000398   Data          32  foc_control.o(.bss)
    Current_Iq_PID                           0x200003b8   Data          32  foc_control.o(.bss)
    Speed_PID                                0x200003d8   Data          32  foc_control.o(.bss)
    Position_PID                             0x200003f8   Data          32  foc_control.o(.bss)
    Adc_Val                                  0x20000418   Data          12  adc_util.o(.bss)
    Adc_Sum_Val                              0x20000424   Data          24  adc_util.o(.bss)
    Adc_Sum_Temp                             0x2000043c   Data         768  adc_util.o(.bss)
    __initial_sp                             0x20000b40   Data           0  startup_stm32g431xx.o(STACK)



==============================================================================

Memory Map of the image

  Image Entry point : 0x080001d9

  Load Region LR_IROM1 (Base: 0x08000000, Size: 0x00005128, Max: 0x00020000, ABSOLUTE)

    Execution Region ER_IROM1 (Base: 0x08000000, Size: 0x000050dc, Max: 0x00020000, ABSOLUTE)

    Base Addr    Size         Type   Attr      Idx    E Section Name        Object

    0x08000000   0x000001d8   Data   RO            3    RESET               startup_stm32g431xx.o
    0x080001d8   0x00000000   Code   RO         4975  * .ARM.Collect$$$$00000000  mc_w.l(entry.o)
    0x080001d8   0x00000004   Code   RO         4988    .ARM.Collect$$$$00000001  mc_w.l(entry2.o)
    0x080001dc   0x00000004   Code   RO         4991    .ARM.Collect$$$$00000004  mc_w.l(entry5.o)
    0x080001e0   0x00000000   Code   RO         4993    .ARM.Collect$$$$00000008  mc_w.l(entry7b.o)
    0x080001e0   0x00000000   Code   RO         4995    .ARM.Collect$$$$0000000A  mc_w.l(entry8b.o)
    0x080001e0   0x00000008   Code   RO         4996    .ARM.Collect$$$$0000000B  mc_w.l(entry9a.o)
    0x080001e8   0x00000000   Code   RO         4998    .ARM.Collect$$$$0000000D  mc_w.l(entry10a.o)
    0x080001e8   0x00000000   Code   RO         5000    .ARM.Collect$$$$0000000F  mc_w.l(entry11a.o)
    0x080001e8   0x00000004   Code   RO         4989    .ARM.Collect$$$$00002712  mc_w.l(entry2.o)
    0x080001ec   0x00000024   Code   RO            4    .text               startup_stm32g431xx.o
    0x08000210   0x00000078   Code   RO         4822    .text               arm_cortexM4lf_math.lib(arm_cos_f32.o)
    0x08000288   0x00000094   Code   RO         4872    .text               arm_cortexM4lf_math.lib(arm_sin_f32.o)
    0x0800031c   0x00000024   Code   RO         4978    .text               mc_w.l(memseta.o)
    0x08000340   0x0000014e   Code   RO         4980    .text               mf_w.l(dadd.o)
    0x0800048e   0x00000026   Code   RO         4984    .text               mf_w.l(f2d.o)
    0x080004b4   0x00000038   Code   RO         4986    .text               mf_w.l(d2f.o)
    0x080004ec   0x0000001e   Code   RO         5002    .text               mc_w.l(llshl.o)
    0x0800050a   0x00000024   Code   RO         5004    .text               mc_w.l(llsshr.o)
    0x0800052e   0x00000000   Code   RO         5006    .text               mc_w.l(iusefp.o)
    0x0800052e   0x0000006e   Code   RO         5007    .text               mf_w.l(fepilogue.o)
    0x0800059c   0x000000ba   Code   RO         5009    .text               mf_w.l(depilogue.o)
    0x08000656   0x00000002   PAD
    0x08000658   0x00000024   Code   RO         5011    .text               mc_w.l(init.o)
    0x0800067c   0x00000020   Code   RO         5013    .text               mc_w.l(llushr.o)
    0x0800069c   0x00000068   Code   RO          726    i.ADC_DMAConvCplt   stm32g4xx_hal_adc.o
    0x08000704   0x0000001a   Code   RO          727    i.ADC_DMAError      stm32g4xx_hal_adc.o
    0x0800071e   0x0000000a   Code   RO          728    i.ADC_DMAHalfConvCplt  stm32g4xx_hal_adc.o
    0x08000728   0x00000068   Code   RO          729    i.ADC_Disable       stm32g4xx_hal_adc.o
    0x08000790   0x00000068   Code   RO          730    i.ADC_Enable        stm32g4xx_hal_adc.o
    0x080007f8   0x00000048   Code   RO         4500    i.ADC_Struct_Init   foc_control.o
    0x08000840   0x00000006   Code   RO         4654    i.ADC_Vrefint_Init  adc_util.o
    0x08000846   0x00000002   PAD
    0x08000848   0x0000002c   Code   RO         4655    i.Adc_Init          adc_util.o
    0x08000874   0x000000fc   Code   RO         4656    i.Adc_Val_Decode    adc_util.o
    0x08000970   0x00000002   Code   RO          478    i.BusFault_Handler  stm32g4xx_it.o
    0x08000972   0x00000002   PAD
    0x08000974   0x0000010c   Code   RO         4501    i.CALC_SVPWM        foc_control.o
    0x08000a80   0x00000028   Code   RO         4502    i.Clarke_transform  foc_control.o
    0x08000aa8   0x0000000c   Code   RO          479    i.DMA1_Channel1_IRQHandler  stm32g4xx_it.o
    0x08000ab4   0x0000000c   Code   RO          480    i.DMA1_Channel2_IRQHandler  stm32g4xx_it.o
    0x08000ac0   0x00000040   Code   RO         1939    i.DMA_CalcDMAMUXChannelBaseAndMask  stm32g4xx_hal_dma.o
    0x08000b00   0x00000024   Code   RO         1940    i.DMA_CalcDMAMUXRequestGenBaseAndMask  stm32g4xx_hal_dma.o
    0x08000b24   0x0000003e   Code   RO         1941    i.DMA_SetConfig     stm32g4xx_hal_dma.o
    0x08000b62   0x00000026   Code   RO         4789    i.DRV8323_CAL_Init  drv8323_util.o
    0x08000b88   0x00000054   Code   RO         4790    i.DRV8323_GPIO_Init  drv8323_util.o
    0x08000bdc   0x00000002   Code   RO          481    i.DebugMon_Handler  stm32g4xx_it.o
    0x08000bde   0x00000002   Code   RO           13    i.Error_Handler     main.o
    0x08000be0   0x0000009c   Code   RO         4591    i.Error_Main_Loop   foc_error.o
    0x08000c7c   0x00000014   Code   RO         4592    i.Error_Struct_Init  foc_error.o
    0x08000c90   0x0000000c   Code   RO          482    i.FDCAN1_IT0_IRQHandler  stm32g4xx_it.o
    0x08000c9c   0x0000003c   Code   RO         4503    i.FOC_Calc_Electrical_Angle  foc_control.o
    0x08000cd8   0x0000010c   Code   RO         4504    i.FOC_Main_Init     foc_control.o
    0x08000de4   0x00000140   Code   RO         4505    i.FOC_Main_Loop     foc_control.o
    0x08000f24   0x00000048   Code   RO         4506    i.FOC_Struct_Init   foc_control.o
    0x08000f6c   0x00000014   Code   RO         4657    i.Get_ADC_Value     adc_util.o
    0x08000f80   0x00000094   Code   RO          963    i.HAL_ADCEx_Calibration_Start  stm32g4xx_hal_adc_ex.o
    0x08001014   0x000000d4   Code   RO          980    i.HAL_ADCEx_MultiModeConfigChannel  stm32g4xx_hal_adc_ex.o
    0x080010e8   0x00000420   Code   RO          732    i.HAL_ADC_ConfigChannel  stm32g4xx_hal_adc.o
    0x08001508   0x00000020   Code   RO         4658    i.HAL_ADC_ConvCpltCallback  adc_util.o
    0x08001528   0x00000002   Code   RO          734    i.HAL_ADC_ConvHalfCpltCallback  stm32g4xx_hal_adc.o
    0x0800152a   0x00000002   Code   RO          736    i.HAL_ADC_ErrorCallback  stm32g4xx_hal_adc.o
    0x0800152c   0x000001f8   Code   RO          741    i.HAL_ADC_Init      stm32g4xx_hal_adc.o
    0x08001724   0x00000090   Code   RO          263    i.HAL_ADC_MspInit   adc.o
    0x080017b4   0x000000f4   Code   RO          747    i.HAL_ADC_Start     stm32g4xx_hal_adc.o
    0x080018a8   0x000000f0   Code   RO          749    i.HAL_ADC_Start_DMA  stm32g4xx_hal_adc.o
    0x08001998   0x00000078   Code   RO         1943    i.HAL_DMA_Abort_IT  stm32g4xx_hal_dma.o
    0x08001a10   0x000000ba   Code   RO         1947    i.HAL_DMA_IRQHandler  stm32g4xx_hal_dma.o
    0x08001aca   0x00000002   PAD
    0x08001acc   0x000000c0   Code   RO         1948    i.HAL_DMA_Init      stm32g4xx_hal_dma.o
    0x08001b8c   0x0000008c   Code   RO         1952    i.HAL_DMA_Start_IT  stm32g4xx_hal_dma.o
    0x08001c18   0x00000024   Code   RO         1179    i.HAL_Delay         stm32g4xx_hal.o
    0x08001c3c   0x00000002   Code   RO         2607    i.HAL_FDCAN_ErrorCallback  stm32g4xx_hal_fdcan.o
    0x08001c3e   0x00000002   Code   RO         2608    i.HAL_FDCAN_ErrorStatusCallback  stm32g4xx_hal_fdcan.o
    0x08001c40   0x00000002   Code   RO         2623    i.HAL_FDCAN_HighPriorityMessageCallback  stm32g4xx_hal_fdcan.o
    0x08001c42   0x00000160   Code   RO         2624    i.HAL_FDCAN_IRQHandler  stm32g4xx_hal_fdcan.o
    0x08001da2   0x00000002   PAD
    0x08001da4   0x00000204   Code   RO         2625    i.HAL_FDCAN_Init    stm32g4xx_hal_fdcan.o
    0x08001fa8   0x00000070   Code   RO          329    i.HAL_FDCAN_MspInit  fdcan.o
    0x08002018   0x00000002   Code   RO         2632    i.HAL_FDCAN_RxFifo0Callback  stm32g4xx_hal_fdcan.o
    0x0800201a   0x00000002   Code   RO         2633    i.HAL_FDCAN_RxFifo1Callback  stm32g4xx_hal_fdcan.o
    0x0800201c   0x00000002   Code   RO         2636    i.HAL_FDCAN_TimeoutOccurredCallback  stm32g4xx_hal_fdcan.o
    0x0800201e   0x00000002   Code   RO         2637    i.HAL_FDCAN_TimestampWraparoundCallback  stm32g4xx_hal_fdcan.o
    0x08002020   0x00000002   Code   RO         2638    i.HAL_FDCAN_TxBufferAbortCallback  stm32g4xx_hal_fdcan.o
    0x08002022   0x00000002   Code   RO         2639    i.HAL_FDCAN_TxBufferCompleteCallback  stm32g4xx_hal_fdcan.o
    0x08002024   0x00000002   Code   RO         2640    i.HAL_FDCAN_TxEventFifoCallback  stm32g4xx_hal_fdcan.o
    0x08002026   0x00000002   Code   RO         2641    i.HAL_FDCAN_TxFifoEmptyCallback  stm32g4xx_hal_fdcan.o
    0x08002028   0x0000014c   Code   RO          659    i.HAL_GPIO_DeInit   stm32g4xx_hal_gpio.o
    0x08002174   0x000001c8   Code   RO          662    i.HAL_GPIO_Init     stm32g4xx_hal_gpio.o
    0x0800233c   0x0000000a   Code   RO          664    i.HAL_GPIO_ReadPin  stm32g4xx_hal_gpio.o
    0x08002346   0x00000010   Code   RO          665    i.HAL_GPIO_TogglePin  stm32g4xx_hal_gpio.o
    0x08002356   0x0000000a   Code   RO          666    i.HAL_GPIO_WritePin  stm32g4xx_hal_gpio.o
    0x08002360   0x0000000c   Code   RO         1183    i.HAL_GetTick       stm32g4xx_hal.o
    0x0800236c   0x00000010   Code   RO         1186    i.HAL_IncTick       stm32g4xx_hal.o
    0x0800237c   0x0000001e   Code   RO         1187    i.HAL_Init          stm32g4xx_hal.o
    0x0800239a   0x00000002   PAD
    0x0800239c   0x00000088   Code   RO          620    i.HAL_InitTick      stm32g4xx_hal_timebase_tim.o
    0x08002424   0x00000030   Code   RO          596    i.HAL_MspInit       stm32g4xx_hal_msp.o
    0x08002454   0x0000001a   Code   RO         2451    i.HAL_NVIC_EnableIRQ  stm32g4xx_hal_cortex.o
    0x0800246e   0x00000002   PAD
    0x08002470   0x00000040   Code   RO         2457    i.HAL_NVIC_SetPriority  stm32g4xx_hal_cortex.o
    0x080024b0   0x00000024   Code   RO         2458    i.HAL_NVIC_SetPriorityGrouping  stm32g4xx_hal_cortex.o
    0x080024d4   0x000000bc   Code   RO         2207    i.HAL_PWREx_ControlVoltageScaling  stm32g4xx_hal_pwr_ex.o
    0x08002590   0x00000010   Code   RO         2219    i.HAL_PWREx_DisableUCPDDeadBattery  stm32g4xx_hal_pwr_ex.o
    0x080025a0   0x00000288   Code   RO         1532    i.HAL_RCCEx_PeriphCLKConfig  stm32g4xx_hal_rcc_ex.o
    0x08002828   0x000001dc   Code   RO         1407    i.HAL_RCC_ClockConfig  stm32g4xx_hal_rcc.o
    0x08002a04   0x00000040   Code   RO         1412    i.HAL_RCC_GetClockConfig  stm32g4xx_hal_rcc.o
    0x08002a44   0x00000024   Code   RO         1415    i.HAL_RCC_GetPCLK1Freq  stm32g4xx_hal_rcc.o
    0x08002a68   0x00000070   Code   RO         1417    i.HAL_RCC_GetSysClockFreq  stm32g4xx_hal_rcc.o
    0x08002ad8   0x0000040c   Code   RO         1420    i.HAL_RCC_OscConfig  stm32g4xx_hal_rcc.o
    0x08002ee4   0x00000002   Code   RO         2973    i.HAL_SPI_ErrorCallback  stm32g4xx_hal_spi.o
    0x08002ee6   0x00000002   PAD
    0x08002ee8   0x000000fc   Code   RO         2976    i.HAL_SPI_IRQHandler  stm32g4xx_hal_spi.o
    0x08002fe4   0x000000ea   Code   RO         2977    i.HAL_SPI_Init      stm32g4xx_hal_spi.o
    0x080030ce   0x00000002   PAD
    0x080030d0   0x000000a4   Code   RO          371    i.HAL_SPI_MspInit   spi.o
    0x08003174   0x00000002   Code   RO         4033    i.HAL_TIMEx_Break2Callback  stm32g4xx_hal_tim_ex.o
    0x08003176   0x00000002   Code   RO         4034    i.HAL_TIMEx_BreakCallback  stm32g4xx_hal_tim_ex.o
    0x08003178   0x00000002   Code   RO         4035    i.HAL_TIMEx_CommutCallback  stm32g4xx_hal_tim_ex.o
    0x0800317a   0x00000002   PAD
    0x0800317c   0x000000ac   Code   RO         4038    i.HAL_TIMEx_ConfigBreakDeadTime  stm32g4xx_hal_tim_ex.o
    0x08003228   0x00000002   Code   RO         4046    i.HAL_TIMEx_DirectionChangeCallback  stm32g4xx_hal_tim_ex.o
    0x0800322a   0x0000000e   Code   RO         4056    i.HAL_TIMEx_EnableDeadTimePreload  stm32g4xx_hal_tim_ex.o
    0x08003238   0x00000002   Code   RO         4060    i.HAL_TIMEx_EncoderIndexCallback  stm32g4xx_hal_tim_ex.o
    0x0800323a   0x00000002   Code   RO         4074    i.HAL_TIMEx_IndexErrorCallback  stm32g4xx_hal_tim_ex.o
    0x0800323c   0x0000009c   Code   RO         4075    i.HAL_TIMEx_MasterConfigSynchronization  stm32g4xx_hal_tim_ex.o
    0x080032d8   0x000000b8   Code   RO         4087    i.HAL_TIMEx_PWMN_Start  stm32g4xx_hal_tim_ex.o
    0x08003390   0x00000002   Code   RO         4096    i.HAL_TIMEx_TransitionErrorCallback  stm32g4xx_hal_tim_ex.o
    0x08003392   0x00000062   Code   RO         3319    i.HAL_TIM_Base_Init  stm32g4xx_hal_tim.o
    0x080033f4   0x0000003c   Code   RO          413    i.HAL_TIM_Base_MspInit  tim.o
    0x08003430   0x00000078   Code   RO         3324    i.HAL_TIM_Base_Start_IT  stm32g4xx_hal_tim.o
    0x080034a8   0x000000f8   Code   RO         3328    i.HAL_TIM_ConfigClockSource  stm32g4xx_hal_tim.o
    0x080035a0   0x00000002   Code   RO         3353    i.HAL_TIM_IC_CaptureCallback  stm32g4xx_hal_tim.o
    0x080035a2   0x000001fc   Code   RO         3367    i.HAL_TIM_IRQHandler  stm32g4xx_hal_tim.o
    0x0800379e   0x00000002   PAD
    0x080037a0   0x000000a0   Code   RO          414    i.HAL_TIM_MspPostInit  tim.o
    0x08003840   0x00000068   Code   RO         3368    i.HAL_TIM_OC_ConfigChannel  stm32g4xx_hal_tim.o
    0x080038a8   0x00000002   Code   RO         3370    i.HAL_TIM_OC_DelayElapsedCallback  stm32g4xx_hal_tim.o
    0x080038aa   0x00000062   Code   RO         3372    i.HAL_TIM_OC_Init   stm32g4xx_hal_tim.o
    0x0800390c   0x0000003c   Code   RO          416    i.HAL_TIM_OC_MspInit  tim.o
    0x08003948   0x0000011e   Code   RO         3391    i.HAL_TIM_PWM_ConfigChannel  stm32g4xx_hal_tim.o
    0x08003a66   0x00000062   Code   RO         3394    i.HAL_TIM_PWM_Init  stm32g4xx_hal_tim.o
    0x08003ac8   0x00000002   Code   RO         3396    i.HAL_TIM_PWM_MspInit  stm32g4xx_hal_tim.o
    0x08003aca   0x00000002   Code   RO         3397    i.HAL_TIM_PWM_PulseFinishedCallback  stm32g4xx_hal_tim.o
    0x08003acc   0x000000fc   Code   RO         3399    i.HAL_TIM_PWM_Start  stm32g4xx_hal_tim.o
    0x08003bc8   0x00000124   Code   RO         3401    i.HAL_TIM_PWM_Start_IT  stm32g4xx_hal_tim.o
    0x08003cec   0x00000068   Code   RO           14    i.HAL_TIM_PeriodElapsedCallback  main.o
    0x08003d54   0x00000002   Code   RO         3410    i.HAL_TIM_TriggerCallback  stm32g4xx_hal_tim.o
    0x08003d56   0x00000002   Code   RO          483    i.HardFault_Handler  stm32g4xx_it.o
    0x08003d58   0x00000054   Code   RO         4508    i.Inv_Park_transform  foc_control.o
    0x08003dac   0x0000000c   Code   RO          755    i.LL_ADC_GetOffsetChannel  stm32g4xx_hal_adc.o
    0x08003db8   0x00000008   Code   RO          756    i.LL_ADC_INJ_IsConversionOngoing  stm32g4xx_hal_adc.o
    0x08003dc0   0x00000008   Code   RO          757    i.LL_ADC_REG_IsConversionOngoing  stm32g4xx_hal_adc.o
    0x08003dc8   0x00000008   Code   RO          990    i.LL_ADC_REG_IsConversionOngoing  stm32g4xx_hal_adc_ex.o
    0x08003dd0   0x00000010   Code   RO          758    i.LL_ADC_REG_IsTriggerSourceSWStart  stm32g4xx_hal_adc.o
    0x08003de0   0x0000001e   Code   RO          760    i.LL_ADC_SetChannelSamplingTime  stm32g4xx_hal_adc.o
    0x08003dfe   0x00000010   Code   RO          761    i.LL_ADC_SetOffsetState  stm32g4xx_hal_adc.o
    0x08003e0e   0x00000002   PAD
    0x08003e10   0x00000120   Code   RO          264    i.MX_ADC1_Init      adc.o
    0x08003f30   0x0000004c   Code   RO          304    i.MX_DMA_Init       dma.o
    0x08003f7c   0x0000004c   Code   RO          330    i.MX_FDCAN1_Init    fdcan.o
    0x08003fc8   0x00000094   Code   RO          238    i.MX_GPIO_Init      gpio.o
    0x0800405c   0x00000050   Code   RO          372    i.MX_SPI1_Init      spi.o
    0x080040ac   0x00000128   Code   RO          417    i.MX_TIM1_Init      tim.o
    0x080041d4   0x00000074   Code   RO          418    i.MX_TIM3_Init      tim.o
    0x08004248   0x00000002   Code   RO          484    i.MemManage_Handler  stm32g4xx_it.o
    0x0800424a   0x00000002   Code   RO          485    i.NMI_Handler       stm32g4xx_it.o
    0x0800424c   0x00000024   Code   RO         4710    i.PID_Init          pid_util.o
    0x08004270   0x00000054   Code   RO         4509    i.Park_transform    foc_control.o
    0x080042c4   0x00000002   Code   RO          486    i.PendSV_Handler    stm32g4xx_it.o
    0x080042c6   0x00000002   PAD
    0x080042c8   0x0000000c   Code   RO          487    i.SPI1_IRQHandler   stm32g4xx_it.o
    0x080042d4   0x00000012   Code   RO         3004    i.SPI_DMAAbortOnError  stm32g4xx_hal_spi.o
    0x080042e6   0x00000002   PAD
    0x080042e8   0x00000014   Code   RO         4745    i.SPI_Init          spi_util.o
    0x080042fc   0x00000002   Code   RO          488    i.SVC_Handler       stm32g4xx_it.o
    0x080042fe   0x00000002   Code   RO          489    i.SysTick_Handler   stm32g4xx_it.o
    0x08004300   0x00000078   Code   RO           15    i.SystemClock_Config  main.o
    0x08004378   0x0000001c   Code   RO         4463    i.SystemInit        system_stm32g4xx.o
    0x08004394   0x0000000c   Code   RO          490    i.TIM1_UP_TIM16_IRQHandler  stm32g4xx_it.o
    0x080043a0   0x0000000c   Code   RO          491    i.TIM2_IRQHandler   stm32g4xx_it.o
    0x080043ac   0x0000000c   Code   RO          492    i.TIM3_IRQHandler   stm32g4xx_it.o
    0x080043b8   0x000000b0   Code   RO         3412    i.TIM_Base_SetConfig  stm32g4xx_hal_tim.o
    0x08004468   0x0000001a   Code   RO         3413    i.TIM_CCxChannelCmd  stm32g4xx_hal_tim.o
    0x08004482   0x0000001a   Code   RO         4099    i.TIM_CCxNChannelCmd  stm32g4xx_hal_tim_ex.o
    0x0800449c   0x00000014   Code   RO         3423    i.TIM_ETR_SetConfig  stm32g4xx_hal_tim.o
    0x080044b0   0x00000014   Code   RO         3424    i.TIM_ITRx_SetConfig  stm32g4xx_hal_tim.o
    0x080044c4   0x0000009c   Code   RO         3425    i.TIM_OC1_SetConfig  stm32g4xx_hal_tim.o
    0x08004560   0x00000090   Code   RO         3426    i.TIM_OC2_SetConfig  stm32g4xx_hal_tim.o
    0x080045f0   0x00000090   Code   RO         3427    i.TIM_OC3_SetConfig  stm32g4xx_hal_tim.o
    0x08004680   0x00000090   Code   RO         3428    i.TIM_OC4_SetConfig  stm32g4xx_hal_tim.o
    0x08004710   0x00000070   Code   RO         3429    i.TIM_OC5_SetConfig  stm32g4xx_hal_tim.o
    0x08004780   0x00000070   Code   RO         3430    i.TIM_OC6_SetConfig  stm32g4xx_hal_tim.o
    0x080047f0   0x00000022   Code   RO         3432    i.TIM_TI1_ConfigInputStage  stm32g4xx_hal_tim.o
    0x08004812   0x00000024   Code   RO         3434    i.TIM_TI2_ConfigInputStage  stm32g4xx_hal_tim.o
    0x08004836   0x00000002   Code   RO          493    i.UsageFault_Handler  stm32g4xx_it.o
    0x08004838   0x00000020   Code   RO         2464    i.__NVIC_SetPriority  stm32g4xx_hal_cortex.o
    0x08004858   0x0000000e   Code   RO         5017    i.__scatterload_copy  mc_w.l(handlers.o)
    0x08004866   0x00000002   Code   RO         5018    i.__scatterload_null  mc_w.l(handlers.o)
    0x08004868   0x0000000e   Code   RO         5019    i.__scatterload_zeroinit  mc_w.l(handlers.o)
    0x08004876   0x0000002a   Code   RO           16    i.main              main.o
    0x080048a0   0x00000010   Data   RO         4464    .constdata          system_stm32g4xx.o
    0x080048b0   0x00000008   Data   RO         4465    .constdata          system_stm32g4xx.o
    0x080048b8   0x00000804   Data   RO         4952    .constdata          arm_cortexM4lf_math.lib(arm_common_tables.o)
    0x080050bc   0x00000020   Data   RO         5015    Region$$Table       anon$$obj.o


    Execution Region RW_IRAM1 (Base: 0x20000000, Size: 0x00000b40, Max: 0x00008000, ABSOLUTE)

    Base Addr    Size         Type   Attr      Idx    E Section Name        Object

    0x20000000   0x00000008   Data   RW           17    .data               main.o
    0x20000008   0x0000000c   Data   RW         1207    .data               stm32g4xx_hal.o
    0x20000014   0x00000004   Data   RW         4466    .data               system_stm32g4xx.o
    0x20000018   0x00000028   Data   RW         4512    .data               foc_control.o
    0x20000040   0x00000008   Data   RW         4595    .data               foc_error.o
    0x20000048   0x00000004   Data   RW         4660    .data               adc_util.o
    0x2000004c   0x000000cc   Zero   RW          265    .bss                adc.o
    0x20000118   0x00000064   Zero   RW          331    .bss                fdcan.o
    0x2000017c   0x000000c4   Zero   RW          373    .bss                spi.o
    0x20000240   0x00000098   Zero   RW          419    .bss                tim.o
    0x200002d8   0x0000004c   Zero   RW          623    .bss                stm32g4xx_hal_timebase_tim.o
    0x20000324   0x000000f4   Zero   RW         4510    .bss                foc_control.o
    0x20000418   0x00000324   Zero   RW         4659    .bss                adc_util.o
    0x2000073c   0x00000004   PAD
    0x20000740   0x00000400   Zero   RW            1    STACK               startup_stm32g431xx.o


==============================================================================

Image component sizes


      Code (inc. data)   RO Data    RW Data    ZI Data      Debug   Object Name

       432         42          0          0        204       2079   adc.o
       354         56          0          4        804       3674   adc_util.o
        76          4          0          0          0        882   dma.o
       122          0          0          0          0       1179   drv8323_util.o
       188         18          0          0        100       1851   fdcan.o
      1268        138          0         40        244       9174   foc_control.o
       176         34          0          8          0      15936   foc_error.o
       148          8          0          0          0       1011   gpio.o
       268         20          0          8          0     682792   main.o
        36          6          0          0          0       1539   pid_util.o
       244         28          0          0        196       1898   spi.o
        20          4          0          0          0        519   spi_util.o
        36          8        472          0       1024        868   startup_stm32g431xx.o
        94         14          0         12          0       3830   stm32g4xx_hal.o
      2486        134          0          0          0      81760   stm32g4xx_hal_adc.o
       368         18          0          0          0      68945   stm32g4xx_hal_adc_ex.o
       158         14          0          0          0      33210   stm32g4xx_hal_cortex.o
       800         30          0          0          0       6090   stm32g4xx_hal_dma.o
       890         18          0          0          0      11721   stm32g4xx_hal_fdcan.o
       824         64          0          0          0       4814   stm32g4xx_hal_gpio.o
        48          6          0          0          0        926   stm32g4xx_hal_msp.o
       204         18          0          0          0       1469   stm32g4xx_hal_pwr_ex.o
      1724         90          0          0          0       6230   stm32g4xx_hal_rcc.o
       648         10          0          0          0       1940   stm32g4xx_hal_rcc_ex.o
       506          6          0          0          0       3636   stm32g4xx_hal_spi.o
      3238        292          0          0          0      22138   stm32g4xx_hal_tim.o
       566         58          0          0          0       8857   stm32g4xx_hal_tim_ex.o
       136         18          0          0         76       1519   stm32g4xx_hal_timebase_tim.o
       102         42          0          0          0       7989   stm32g4xx_it.o
        28          6         24          4          0       1255   system_stm32g4xx.o
       692         54          0          0        152       4106   tim.o

    ----------------------------------------------------------------------
     16906       1258        528         76       2804     993837   Object Totals
         0          0         32          0          0          0   (incl. Generated)
        26          0          0          0          4          0   (incl. Padding)

    ----------------------------------------------------------------------

      Code (inc. data)   RO Data    RW Data    ZI Data      Debug   Library Member Name

         0          0       2052          0          0       4704   arm_common_tables.o
       120         12          0          0          0      17170   arm_cos_f32.o
       148         18          0          0          0        814   arm_sin_f32.o
         0          0          0          0          0          0   entry.o
         0          0          0          0          0          0   entry10a.o
         0          0          0          0          0          0   entry11a.o
         8          4          0          0          0          0   entry2.o
         4          0          0          0          0          0   entry5.o
         0          0          0          0          0          0   entry7b.o
         0          0          0          0          0          0   entry8b.o
         8          4          0          0          0          0   entry9a.o
        30          0          0          0          0          0   handlers.o
        36          8          0          0          0         68   init.o
         0          0          0          0          0          0   iusefp.o
        30          0          0          0          0         68   llshl.o
        36          0          0          0          0         68   llsshr.o
        32          0          0          0          0         68   llushr.o
        36          0          0          0          0        108   memseta.o
        56          0          0          0          0         88   d2f.o
       334          0          0          0          0        148   dadd.o
       186          0          0          0          0        176   depilogue.o
        38          0          0          0          0         68   f2d.o
       110          0          0          0          0        168   fepilogue.o

    ----------------------------------------------------------------------
      1214         46       2052          0          0      23716   Library Totals
         2          0          0          0          0          0   (incl. Padding)

    ----------------------------------------------------------------------

      Code (inc. data)   RO Data    RW Data    ZI Data      Debug   Library Name

       268         30       2052          0          0      22688   arm_cortexM4lf_math.lib
       220         16          0          0          0        380   mc_w.l
       724          0          0          0          0        648   mf_w.l

    ----------------------------------------------------------------------
      1214         46       2052          0          0      23716   Library Totals

    ----------------------------------------------------------------------

==============================================================================


      Code (inc. data)   RO Data    RW Data    ZI Data      Debug   

     18120       1304       2580         76       2804    1002293   Grand Totals
     18120       1304       2580         76       2804    1002293   ELF Image Totals
     18120       1304       2580         76          0          0   ROM Totals

==============================================================================

    Total RO  Size (Code + RO Data)                20700 (  20.21kB)
    Total RW  Size (RW Data + ZI Data)              2880 (   2.81kB)
    Total ROM Size (Code + RO Data + RW Data)      20776 (  20.29kB)

==============================================================================

