<html>
<body>
<pre>
<h1>�Vision Build Log</h1>
<h2>Tool Versions:</h2>
IDE-Version: ��Vision V5.23.0.0
Copyright (C) 2017 ARM Ltd and ARM Germany GmbH. All rights reserved.
License Information: user user, user, LIC=RC93N-YVX4K-SBJEJ-UIIS7-Y6SJT-WKQ31
 
Tool Versions:
Toolchain:       MDK-ARM Plus  Version: 5.23
Toolchain Path:  C:\Keil_v5\ARM\ARMCC\Bin
C Compiler:      Armcc.exe V5.06 update 4 (build 422)
Assembler:       Armasm.exe V5.06 update 4 (build 422)
Linker/Locator:  ArmLink.exe V5.06 update 4 (build 422)
Library Manager: ArmAr.exe V5.06 update 4 (build 422)
Hex Converter:   FromElf.exe V5.06 update 4 (build 422)
CPU DLL:         SARMCM3.DLL V5.23
Dialog DLL:      DCM.DLL V1.15.0.0
Target DLL:      Segger\JL2CM3.dll V2.99.23.0
Dialog DLL:      TCM.DLL V1.27.0.0
 
<h2>Project:</h2>
F:\ZHUOZHUOO--Github\FOC_DRV8323\Software\STM32G431 Cube\FOC_DRV8323\MDK-ARM\FOC_DRV8323.uvprojx
Project File Date:  04/27/2025

<h2>Output:</h2>
*** Using Compiler 'V5.06 update 4 (build 422)', folder: 'C:\Keil_v5\ARM\ARMCC\Bin'
Build target 'FOC_DRV8323'
compiling alg_swf.c...
USER\Algorithm\alg_swf.h(19): warning:  #1-D: last line of file ends without a newline
  #endif // __ALG_SWF_H
USER\Algorithm\alg_swf.c: 1 warning, 0 errors
compiling tim.c...
../MDK-ARM/USER/configure.h(44): warning:  #47-D: incompatible redefinition of macro "PWM_FREQ"  (declared at line 63 of "../Core/Inc/main.h")
  #define PWM_FREQ 20000//PWM频率, T=1000us
../Core/Src/tim.c: 1 warning, 0 errors
compiling drv8323_util.c...
compiling Init_music.c...
../Core/Inc/main.h(63): warning:  #47-D: incompatible redefinition of macro "PWM_FREQ"  (declared at line 44 of "../MDK-ARM/USER/configure.h")
  #define PWM_FREQ 25000
USER\Main\Init_music.c(72): warning:  #186-D: pointless comparison of unsigned integer with zero
  	if (volume < 0) {
USER\Main\Init_music.c: 2 warnings, 0 errors
compiling Foc_Error.c...
../MDK-ARM/USER/configure.h(44): warning:  #47-D: incompatible redefinition of macro "PWM_FREQ"  (declared at line 63 of "../Core/Inc/main.h")
  #define PWM_FREQ 20000//PWM频率, T=1000us
../MDK-ARM/USER/Algorithm/alg_swf.h(19): warning:  #1-D: last line of file ends without a newline
  #endif // __ALG_SWF_H
USER\Main\Foc_Error.c: 2 warnings, 0 errors
compiling main.c...
../MDK-ARM/USER/configure.h(44): warning:  #47-D: incompatible redefinition of macro "PWM_FREQ"  (declared at line 63 of "../Core/Inc/main.h")
  #define PWM_FREQ 20000//PWM频率, T=1000us
../MDK-ARM/USER/Algorithm/alg_swf.h(19): warning:  #1-D: last line of file ends without a newline
  #endif // __ALG_SWF_H
../Core/Src/main.c: 2 warnings, 0 errors
compiling periph_encoder_spi.c...
../MDK-ARM/USER/configure.h(44): warning:  #47-D: incompatible redefinition of macro "PWM_FREQ"  (declared at line 63 of "../Core/Inc/main.h")
  #define PWM_FREQ 20000//PWM频率, T=1000us
../MDK-ARM/USER/Algorithm/alg_swf.h(19): warning:  #1-D: last line of file ends without a newline
  #endif // __ALG_SWF_H
USER\Peripheral\periph_encoder_spi.c(136): warning:  #177-D: variable "turns"  was declared but never referenced
    int16_t turns = (int16_t)((buffer[2] << 8) | buffer[3]);
USER\Peripheral\periph_encoder_spi.c: 3 warnings, 0 errors
compiling util_adc.c...
../MDK-ARM/USER/configure.h(44): warning:  #47-D: incompatible redefinition of macro "PWM_FREQ"  (declared at line 63 of "../Core/Inc/main.h")
  #define PWM_FREQ 20000//PWM频率, T=1000us
../MDK-ARM/USER/Algorithm/alg_swf.h(19): warning:  #1-D: last line of file ends without a newline
  #endif // __ALG_SWF_H
USER\Utility\util_adc.c: 2 warnings, 0 errors
compiling stm32g4xx_it.c...
../MDK-ARM/USER/configure.h(44): warning:  #47-D: incompatible redefinition of macro "PWM_FREQ"  (declared at line 63 of "../Core/Inc/main.h")
  #define PWM_FREQ 20000//PWM频率, T=1000us
../MDK-ARM/USER/Algorithm/alg_swf.h(19): warning:  #1-D: last line of file ends without a newline
  #endif // __ALG_SWF_H
../Core/Src/stm32g4xx_it.c: 2 warnings, 0 errors
compiling Foc_Control.c...
../MDK-ARM/USER/configure.h(44): warning:  #47-D: incompatible redefinition of macro "PWM_FREQ"  (declared at line 63 of "../Core/Inc/main.h")
  #define PWM_FREQ 20000//PWM频率, T=1000us
../MDK-ARM/USER/Algorithm/alg_swf.h(19): warning:  #1-D: last line of file ends without a newline
  #endif // __ALG_SWF_H
USER\Main\Foc_Control.c(144): warning:  #1035-D: single-precision operand implicitly converted to double-precision
      foc->Speed_Rpm_Expect = (
OTOR_SPEED_MAX - 4.5f);
USER\Main\Foc_Control.c(302): warning:  #223-D: function "Adc_Val_Decode" declared implicitly
  				Adc_Val_Decode();
USER\Main\Foc_Control.c(27): warning:  #550-D: variable "sqrt3_inv_mv"  was set but never used
  static float sqrt3_inv_mv;
USER\Main\Foc_Control.c(28): warning:  #550-D: variable "half_inv_mv"  was set but never used
  static float half_inv_mv;
USER\Main\Foc_Control.c: 6 warnings, 0 errors
linking...
Program Size: Code=25888 RO-data=2612 RW-data=244 ZI-data=3124  
FromELF: creating hex file...
"FOC_DRV8323\FOC_DRV8323.axf" - 0 Error(s), 21 Warning(s).

<h2>Software Packages used:</h2>

Package Vendor: ARM
                http://www.keil.com/pack/ARM.CMSIS.5.6.0.pack
                ARM::CMSIS:CORE:5.3.0
                CMSIS (Cortex Microcontroller Software Interface Standard)
   * Component: CORE Version: 5.3.0

<h2>Collection of Component include folders:</h2>
  .\RTE\_FOC_DRV8323
  C:\Keil_v5\ARM\PACK\ARM\CMSIS\5.6.0\CMSIS\Core\Include
  C:\Keil_v5\ARM\PACK\Keil\STM32G4xx_DFP\1.5.0\Drivers\CMSIS\Device\ST\STM32G4xx\Include

<h2>Collection of Component Files used:</h2>

   * Component: ARM::CMSIS:CORE:5.3.0
Build Time Elapsed:  00:00:04
</pre>
</body>
</html>
