Component: ARM Compiler 5.06 update 4 (build 422) Tool: armlink [4d35d2]

==============================================================================

Section Cross References

    startup_stm32g431xx.o(RESET) refers to startup_stm32g431xx.o(STACK) for __initial_sp
    startup_stm32g431xx.o(RESET) refers to startup_stm32g431xx.o(.text) for Reset_Handler
    startup_stm32g431xx.o(RESET) refers to stm32g4xx_it.o(i.NMI_Handler) for NMI_Handler
    startup_stm32g431xx.o(RESET) refers to stm32g4xx_it.o(i.HardFault_Handler) for HardFault_Handler
    startup_stm32g431xx.o(RESET) refers to stm32g4xx_it.o(i.MemManage_Handler) for MemManage_Handler
    startup_stm32g431xx.o(RESET) refers to stm32g4xx_it.o(i.BusFault_Handler) for BusFault_Handler
    startup_stm32g431xx.o(RESET) refers to stm32g4xx_it.o(i.UsageFault_Handler) for UsageFault_Handler
    startup_stm32g431xx.o(RESET) refers to stm32g4xx_it.o(i.SVC_Handler) for SVC_Handler
    startup_stm32g431xx.o(RESET) refers to stm32g4xx_it.o(i.DebugMon_Handler) for DebugMon_Handler
    startup_stm32g431xx.o(RESET) refers to stm32g4xx_it.o(i.PendSV_Handler) for PendSV_Handler
    startup_stm32g431xx.o(RESET) refers to stm32g4xx_it.o(i.SysTick_Handler) for SysTick_Handler
    startup_stm32g431xx.o(RESET) refers to stm32g4xx_it.o(i.DMA1_Channel1_IRQHandler) for DMA1_Channel1_IRQHandler
    startup_stm32g431xx.o(RESET) refers to stm32g4xx_it.o(i.ADC1_2_IRQHandler) for ADC1_2_IRQHandler
    startup_stm32g431xx.o(RESET) refers to stm32g4xx_it.o(i.FDCAN1_IT0_IRQHandler) for FDCAN1_IT0_IRQHandler
    startup_stm32g431xx.o(RESET) refers to stm32g4xx_it.o(i.TIM1_BRK_TIM15_IRQHandler) for TIM1_BRK_TIM15_IRQHandler
    startup_stm32g431xx.o(RESET) refers to stm32g4xx_it.o(i.TIM1_UP_TIM16_IRQHandler) for TIM1_UP_TIM16_IRQHandler
    startup_stm32g431xx.o(RESET) refers to stm32g4xx_it.o(i.TIM2_IRQHandler) for TIM2_IRQHandler
    startup_stm32g431xx.o(RESET) refers to stm32g4xx_it.o(i.TIM3_IRQHandler) for TIM3_IRQHandler
    startup_stm32g431xx.o(RESET) refers to stm32g4xx_it.o(i.SPI1_IRQHandler) for SPI1_IRQHandler
    startup_stm32g431xx.o(RESET) refers to stm32g4xx_it.o(i.DMA2_Channel1_IRQHandler) for DMA2_Channel1_IRQHandler
    startup_stm32g431xx.o(RESET) refers to stm32g4xx_it.o(i.DMA2_Channel2_IRQHandler) for DMA2_Channel2_IRQHandler
    startup_stm32g431xx.o(.text) refers to system_stm32g4xx.o(i.SystemInit) for SystemInit
    startup_stm32g431xx.o(.text) refers to entry.o(.ARM.Collect$$$$00000000) for __main
    main.o(i.HAL_TIM_PeriodElapsedCallback) refers to foc_control.o(i.FOC_Main_Loop_H_Freq) for FOC_Main_Loop_H_Freq
    main.o(i.HAL_TIM_PeriodElapsedCallback) refers to util_adc.o(i.Get_ADC_Value) for Get_ADC_Value
    main.o(i.HAL_TIM_PeriodElapsedCallback) refers to foc_control.o(i.FOC_Main_Loop_L_Freq) for FOC_Main_Loop_L_Freq
    main.o(i.HAL_TIM_PeriodElapsedCallback) refers to foc_error.o(i.Error_Main_Loop) for Error_Main_Loop
    main.o(i.HAL_TIM_PeriodElapsedCallback) refers to stm32g4xx_hal.o(i.HAL_IncTick) for HAL_IncTick
    main.o(i.HAL_TIM_PeriodElapsedCallback) refers to tim.o(.bss) for htim1
    main.o(i.HAL_TIM_PeriodElapsedCallback) refers to main.o(.data) for .data
    main.o(i.HAL_TIM_PeriodElapsedCallback) refers to foc_control.o(.bss) for Motor_Run
    main.o(i.SystemClock_Config) refers to memseta.o(.text) for __aeabi_memclr4
    main.o(i.SystemClock_Config) refers to stm32g4xx_hal_pwr_ex.o(i.HAL_PWREx_ControlVoltageScaling) for HAL_PWREx_ControlVoltageScaling
    main.o(i.SystemClock_Config) refers to stm32g4xx_hal_rcc.o(i.HAL_RCC_OscConfig) for HAL_RCC_OscConfig
    main.o(i.SystemClock_Config) refers to stm32g4xx_hal_rcc.o(i.HAL_RCC_ClockConfig) for HAL_RCC_ClockConfig
    main.o(i.SystemClock_Config) refers to stm32g4xx_hal_rcc_ex.o(i.HAL_RCCEx_PeriphCLKConfig) for HAL_RCCEx_PeriphCLKConfig
    main.o(i.main) refers to stm32g4xx_hal.o(i.HAL_Init) for HAL_Init
    main.o(i.main) refers to main.o(i.SystemClock_Config) for SystemClock_Config
    main.o(i.main) refers to gpio.o(i.MX_GPIO_Init) for MX_GPIO_Init
    main.o(i.main) refers to dma.o(i.MX_DMA_Init) for MX_DMA_Init
    main.o(i.main) refers to tim.o(i.MX_TIM1_Init) for MX_TIM1_Init
    main.o(i.main) refers to adc.o(i.MX_ADC1_Init) for MX_ADC1_Init
    main.o(i.main) refers to fdcan.o(i.MX_FDCAN1_Init) for MX_FDCAN1_Init
    main.o(i.main) refers to spi.o(i.MX_SPI1_Init) for MX_SPI1_Init
    main.o(i.main) refers to tim.o(i.MX_TIM3_Init) for MX_TIM3_Init
    main.o(i.main) refers to foc_control.o(i.FOC_Main_Init) for FOC_Main_Init
    gpio.o(i.MX_GPIO_Init) refers to memseta.o(.text) for __aeabi_memclr4
    gpio.o(i.MX_GPIO_Init) refers to stm32g4xx_hal_gpio.o(i.HAL_GPIO_WritePin) for HAL_GPIO_WritePin
    gpio.o(i.MX_GPIO_Init) refers to stm32g4xx_hal_gpio.o(i.HAL_GPIO_Init) for HAL_GPIO_Init
    adc.o(i.HAL_ADC_MspDeInit) refers to stm32g4xx_hal_gpio.o(i.HAL_GPIO_DeInit) for HAL_GPIO_DeInit
[...]
    i.HAL_GPIO_ReadPin                       0x08003574   Section        0  stm32g4xx_hal_gpio.o(i.HAL_GPIO_ReadPin)
    i.HAL_GPIO_TogglePin                     0x0800357e   Section        0  stm32g4xx_hal_gpio.o(i.HAL_GPIO_TogglePin)
    i.HAL_GPIO_WritePin                      0x0800358e   Section        0  stm32g4xx_hal_gpio.o(i.HAL_GPIO_WritePin)
    i.HAL_GetTick                            0x08003598   Section        0  stm32g4xx_hal.o(i.HAL_GetTick)
    i.HAL_IncTick                            0x080035a4   Section        0  stm32g4xx_hal.o(i.HAL_IncTick)
    i.HAL_Init                               0x080035b4   Section        0  stm32g4xx_hal.o(i.HAL_Init)
    i.HAL_InitTick                           0x080035d4   Section        0  stm32g4xx_hal_timebase_tim.o(i.HAL_InitTick)
    i.HAL_MspInit                            0x0800365c   Section        0  stm32g4xx_hal_msp.o(i.HAL_MspInit)
    i.HAL_NVIC_EnableIRQ                     0x0800368c   Section        0  stm32g4xx_hal_cortex.o(i.HAL_NVIC_EnableIRQ)
    i.HAL_NVIC_SetPriority                   0x080036a8   Section        0  stm32g4xx_hal_cortex.o(i.HAL_NVIC_SetPriority)
    i.HAL_NVIC_SetPriorityGrouping           0x080036e8   Section        0  stm32g4xx_hal_cortex.o(i.HAL_NVIC_SetPriorityGrouping)
    i.HAL_PWREx_ControlVoltageScaling        0x0800370c   Section        0  stm32g4xx_hal_pwr_ex.o(i.HAL_PWREx_ControlVoltageScaling)
    i.HAL_PWREx_DisableUCPDDeadBattery       0x080037c8   Section        0  stm32g4xx_hal_pwr_ex.o(i.HAL_PWREx_DisableUCPDDeadBattery)
    i.HAL_RCCEx_PeriphCLKConfig              0x080037d8   Section        0  stm32g4xx_hal_rcc_ex.o(i.HAL_RCCEx_PeriphCLKConfig)
    i.HAL_RCC_ClockConfig                    0x08003a60   Section        0  stm32g4xx_hal_rcc.o(i.HAL_RCC_ClockConfig)
    i.HAL_RCC_GetClockConfig                 0x08003c3c   Section        0  stm32g4xx_hal_rcc.o(i.HAL_RCC_GetClockConfig)
    i.HAL_RCC_GetPCLK1Freq                   0x08003c7c   Section        0  stm32g4xx_hal_rcc.o(i.HAL_RCC_GetPCLK1Freq)
    i.HAL_RCC_GetSysClockFreq                0x08003ca0   Section        0  stm32g4xx_hal_rcc.o(i.HAL_RCC_GetSysClockFreq)
    i.HAL_RCC_OscConfig                      0x08003d10   Section        0  stm32g4xx_hal_rcc.o(i.HAL_RCC_OscConfig)
    i.HAL_SPI_ErrorCallback                  0x0800411c   Section        0  stm32g4xx_hal_spi.o(i.HAL_SPI_ErrorCallback)
    i.HAL_SPI_IRQHandler                     0x08004120   Section        0  stm32g4xx_hal_spi.o(i.HAL_SPI_IRQHandler)
    i.HAL_SPI_Init                           0x0800421c   Section        0  stm32g4xx_hal_spi.o(i.HAL_SPI_Init)
    i.HAL_SPI_MspInit                        0x08004308   Section        0  spi.o(i.HAL_SPI_MspInit)
    i.HAL_SPI_Receive_DMA                    0x080043e0   Section        0  stm32g4xx_hal_spi.o(i.HAL_SPI_Receive_DMA)
    i.HAL_SPI_RxCpltCallback                 0x08004540   Section        0  stm32g4xx_hal_spi.o(i.HAL_SPI_RxCpltCallback)
    i.HAL_SPI_RxHalfCpltCallback             0x08004542   Section        0  stm32g4xx_hal_spi.o(i.HAL_SPI_RxHalfCpltCallback)
    i.HAL_SPI_TransmitReceive                0x08004544   Section        0  stm32g4xx_hal_spi.o(i.HAL_SPI_TransmitReceive)
    i.HAL_SPI_TransmitReceive_DMA            0x080047a8   Section        0  stm32g4xx_hal_spi.o(i.HAL_SPI_TransmitReceive_DMA)
    i.HAL_SPI_Transmit_DMA                   0x08004964   Section        0  stm32g4xx_hal_spi.o(i.HAL_SPI_Transmit_DMA)
    i.HAL_SPI_TxCpltCallback                 0x08004a80   Section        0  stm32g4xx_hal_spi.o(i.HAL_SPI_TxCpltCallback)
    i.HAL_SPI_TxHalfCpltCallback             0x08004a82   Section        0  stm32g4xx_hal_spi.o(i.HAL_SPI_TxHalfCpltCallback)
    i.HAL_SPI_TxRxCpltCallback               0x08004a84   Section        0  stm32g4xx_hal_spi.o(i.HAL_SPI_TxRxCpltCallback)
    i.HAL_SPI_TxRxHalfCpltCallback           0x08004a86   Section        0  stm32g4xx_hal_spi.o(i.HAL_SPI_TxRxHalfCpltCallback)
    i.HAL_TIMEx_Break2Callback               0x08004a88   Section        0  stm32g4xx_hal_tim_ex.o(i.HAL_TIMEx_Break2Callback)
    i.HAL_TIMEx_BreakCallback                0x08004a8a   Section        0  stm32g4xx_hal_tim_ex.o(i.HAL_TIMEx_BreakCallback)
    i.HAL_TIMEx_CommutCallback               0x08004a8c   Section        0  stm32g4xx_hal_tim_ex.o(i.HAL_TIMEx_CommutCallback)
    i.HAL_TIMEx_ConfigBreakDeadTime          0x08004a90   Section        0  stm32g4xx_hal_tim_ex.o(i.HAL_TIMEx_ConfigBreakDeadTime)
    i.HAL_TIMEx_DirectionChangeCallback      0x08004b3c   Section        0  stm32g4xx_hal_tim_ex.o(i.HAL_TIMEx_DirectionChangeCallback)
    i.HAL_TIMEx_EnableDeadTimePreload        0x08004b3e   Section        0  stm32g4xx_hal_tim_ex.o(i.HAL_TIMEx_EnableDeadTimePreload)
    i.HAL_TIMEx_EncoderIndexCallback         0x08004b4c   Section        0  stm32g4xx_hal_tim_ex.o(i.HAL_TIMEx_EncoderIndexCallback)
    i.HAL_TIMEx_IndexErrorCallback           0x08004b4e   Section        0  stm32g4xx_hal_tim_ex.o(i.HAL_TIMEx_IndexErrorCallback)
    i.HAL_TIMEx_MasterConfigSynchronization  0x08004b50   Section        0  stm32g4xx_hal_tim_ex.o(i.HAL_TIMEx_MasterConfigSynchronization)
    i.HAL_TIMEx_PWMN_Start                   0x08004bec   Section        0  stm32g4xx_hal_tim_ex.o(i.HAL_TIMEx_PWMN_Start)
    i.HAL_TIMEx_TransitionErrorCallback      0x08004ca4   Section        0  stm32g4xx_hal_tim_ex.o(i.HAL_TIMEx_TransitionErrorCallback)
    i.HAL_TIM_Base_Init                      0x08004ca6   Section        0  stm32g4xx_hal_tim.o(i.HAL_TIM_Base_Init)
    i.HAL_TIM_Base_MspInit                   0x08004d08   Section        0  tim.o(i.HAL_TIM_Base_MspInit)
    i.HAL_TIM_Base_Start                     0x08004d7c   Section        0  stm32g4xx_hal_tim.o(i.HAL_TIM_Base_Start)
    i.HAL_TIM_Base_Start_IT                  0x08004de8   Section        0  stm32g4xx_hal_tim.o(i.HAL_TIM_Base_Start_IT)
    i.HAL_TIM_ConfigClockSource              0x08004e60   Section        0  stm32g4xx_hal_tim.o(i.HAL_TIM_ConfigClockSource)
    i.HAL_TIM_IC_CaptureCallback             0x08004f58   Section        0  stm32g4xx_hal_tim.o(i.HAL_TIM_IC_CaptureCallback)
    i.HAL_TIM_IRQHandler                     0x08004f5a   Section        0  stm32g4xx_hal_tim.o(i.HAL_TIM_IRQHandler)
    i.HAL_TIM_MspPostInit                    0x08005158   Section        0  tim.o(i.HAL_TIM_MspPostInit)
    i.HAL_TIM_OC_DelayElapsedCallback        0x080051fc   Section        0  stm32g4xx_hal_tim.o(i.HAL_TIM_OC_DelayElapsedCallback)
    i.HAL_TIM_PWM_ConfigChannel              0x080051fe   Section        0  stm32g4xx_hal_tim.o(i.HAL_TIM_PWM_ConfigChannel)
    i.HAL_TIM_PWM_Init                       0x0800531c   Section        0  stm32g4xx_hal_tim.o(i.HAL_TIM_PWM_Init)
    i.HAL_TIM_PWM_MspInit                    0x0800537e   Section        0  stm32g4xx_hal_tim.o(i.HAL_TIM_PWM_MspInit)
    i.HAL_TIM_PWM_PulseFinishedCallback      0x08005380   Section        0  stm32g4xx_hal_tim.o(i.HAL_TIM_PWM_PulseFinishedCallback)
    i.HAL_TIM_PWM_Start                      0x08005384   Section        0  stm32g4xx_hal_tim.o(i.HAL_TIM_PWM_Start)
    i.HAL_TIM_PWM_Start_IT                   0x08005480   Section        0  stm32g4xx_hal_tim.o(i.HAL_TIM_PWM_Start_IT)
    i.HAL_TIM_PeriodElapsedCallback          0x080055a4   Section        0  main.o(i.HAL_TIM_PeriodElapsedCallback)
    i.HAL_TIM_TriggerCallback                0x0800561c   Section        0  stm32g4xx_hal_tim.o(i.HAL_TIM_TriggerCallback)
    i.HardFault_Handler                      0x0800561e   Section        0  stm32g4xx_it.o(i.HardFault_Handler)
    i.Hz2PSC                                 0x08005620   Section        0  init_music.o(i.Hz2PSC)
    i.Inv_Park_transform                     0x08005648   Section        0  foc_control.o(i.Inv_Park_transform)
    i.LL_ADC_GetOffsetChannel                0x0800569c   Section        0  stm32g4xx_hal_adc.o(i.LL_ADC_GetOffsetChannel)
    LL_ADC_GetOffsetChannel                  0x0800569d   Thumb Code    12  stm32g4xx_hal_adc.o(i.LL_ADC_GetOffsetChannel)
    i.LL_ADC_GetOffsetChannel                0x080056a8   Section        0  stm32g4xx_hal_adc_ex.o(i.LL_ADC_GetOffsetChannel)
    LL_ADC_GetOffsetChannel                  0x080056a9   Thumb Code    12  stm32g4xx_hal_adc_ex.o(i.LL_ADC_GetOffsetChannel)
    i.LL_ADC_INJ_IsConversionOngoing         0x080056b4   Section        0  stm32g4xx_hal_adc.o(i.LL_ADC_INJ_IsConversionOngoing)
    LL_ADC_INJ_IsConversionOngoing           0x080056b5   Thumb Code     8  stm32g4xx_hal_adc.o(i.LL_ADC_INJ_IsConversionOngoing)
    i.LL_ADC_INJ_IsConversionOngoing         0x080056bc   Section        0  stm32g4xx_hal_adc_ex.o(i.LL_ADC_INJ_IsConversionOngoing)
    LL_ADC_INJ_IsConversionOngoing           0x080056bd   Thumb Code     8  stm32g4xx_hal_adc_ex.o(i.LL_ADC_INJ_IsConversionOngoing)
    i.LL_ADC_REG_IsConversionOngoing         0x080056c4   Section        0  stm32g4xx_hal_adc.o(i.LL_ADC_REG_IsConversionOngoing)
    LL_ADC_REG_IsConversionOngoing           0x080056c5   Thumb Code     8  stm32g4xx_hal_adc.o(i.LL_ADC_REG_IsConversionOngoing)
    i.LL_ADC_REG_IsConversionOngoing         0x080056cc   Section        0  stm32g4xx_hal_adc_ex.o(i.LL_ADC_REG_IsConversionOngoing)
    LL_ADC_REG_IsConversionOngoing           0x080056cd   Thumb Code     8  stm32g4xx_hal_adc_ex.o(i.LL_ADC_REG_IsConversionOngoing)
    i.LL_ADC_REG_IsTriggerSourceSWStart      0x080056d4   Section        0  stm32g4xx_hal_adc.o(i.LL_ADC_REG_IsTriggerSourceSWStart)
    LL_ADC_REG_IsTriggerSourceSWStart        0x080056d5   Thumb Code    16  stm32g4xx_hal_adc.o(i.LL_ADC_REG_IsTriggerSourceSWStart)
    i.LL_ADC_SetChannelSamplingTime          0x080056e4   Section        0  stm32g4xx_hal_adc.o(i.LL_ADC_SetChannelSamplingTime)
    LL_ADC_SetChannelSamplingTime            0x080056e5   Thumb Code    30  stm32g4xx_hal_adc.o(i.LL_ADC_SetChannelSamplingTime)
    i.LL_ADC_SetChannelSamplingTime          0x08005702   Section        0  stm32g4xx_hal_adc_ex.o(i.LL_ADC_SetChannelSamplingTime)
    LL_ADC_SetChannelSamplingTime            0x08005703   Thumb Code    30  stm32g4xx_hal_adc_ex.o(i.LL_ADC_SetChannelSamplingTime)
    i.LL_ADC_SetOffsetState                  0x08005720   Section        0  stm32g4xx_hal_adc.o(i.LL_ADC_SetOffsetState)
    LL_ADC_SetOffsetState                    0x08005721   Thumb Code    16  stm32g4xx_hal_adc.o(i.LL_ADC_SetOffsetState)
    i.LL_ADC_SetOffsetState                  0x08005730   Section        0  stm32g4xx_hal_adc_ex.o(i.LL_ADC_SetOffsetState)
    LL_ADC_SetOffsetState                    0x08005731   Thumb Code    16  stm32g4xx_hal_adc_ex.o(i.LL_ADC_SetOffsetState)
    i.MX_ADC1_Init                           0x08005740   Section        0  adc.o(i.MX_ADC1_Init)
    i.MX_DMA_Init                            0x08005880   Section        0  dma.o(i.MX_DMA_Init)
    i.MX_FDCAN1_Init                         0x080058ec   Section        0  fdcan.o(i.MX_FDCAN1_Init)
    i.MX_GPIO_Init                           0x08005938   Section        0  gpio.o(i.MX_GPIO_Init)
    i.MX_SPI1_Init                           0x08005a10   Section        0  spi.o(i.MX_SPI1_Init)
    i.MX_TIM1_Init                           0x08005a60   Section        0  tim.o(i.MX_TIM1_Init)
    i.MX_TIM3_Init                           0x08005b74   Section        0  tim.o(i.MX_TIM3_Init)
    i.Math_Differential                      0x08005be4   Section        0  lib_math.o(i.Math_Differential)
    i.MemManage_Handler                      0x08005c10   Section        0  stm32g4xx_it.o(i.MemManage_Handler)
    i.Ms_Delay                               0x08005c12   Section        0  init_music.o(i.Ms_Delay)
    i.NMI_Handler                            0x08005c1e   Section        0  stm32g4xx_it.o(i.NMI_Handler)
    i.PID_Calc                               0x08005c20   Section        0  alg_pid.o(i.PID_Calc)
    i.PID_GetOutput                          0x08005ea0   Section        0  alg_pid.o(i.PID_GetOutput)
    i.PID_Init                               0x08005ea6   Section        0  alg_pid.o(i.PID_Init)
    i.PID_SetFdb                             0x08005ee8   Section        0  alg_pid.o(i.PID_SetFdb)
    i.PID_SetRef                             0x08005eee   Section        0  alg_pid.o(i.PID_SetRef)
    i.Park_transform                         0x08005ef4   Section        0  foc_control.o(i.Park_transform)
    i.PendSV_Handler                         0x08005f48   Section        0  stm32g4xx_it.o(i.PendSV_Handler)
    i.SPI1_IRQHandler                        0x08005f4c   Section        0  stm32g4xx_it.o(i.SPI1_IRQHandler)
    i.SPI_DMAAbortOnError                    0x08005f58   Section        0  stm32g4xx_hal_spi.o(i.SPI_DMAAbortOnError)
    SPI_DMAAbortOnError                      0x08005f59   Thumb Code    18  stm32g4xx_hal_spi.o(i.SPI_DMAAbortOnError)
    i.SPI_DMAError                           0x08005f6a   Section        0  stm32g4xx_hal_spi.o(i.SPI_DMAError)
    SPI_DMAError                             0x08005f6b   Thumb Code    34  stm32g4xx_hal_spi.o(i.SPI_DMAError)
    i.SPI_DMAHalfReceiveCplt                 0x08005f8c   Section        0  stm32g4xx_hal_spi.o(i.SPI_DMAHalfReceiveCplt)
    SPI_DMAHalfReceiveCplt                   0x08005f8d   Thumb Code    10  stm32g4xx_hal_spi.o(i.SPI_DMAHalfReceiveCplt)
    i.SPI_DMAHalfTransmitCplt                0x08005f96   Section        0  stm32g4xx_hal_spi.o(i.SPI_DMAHalfTransmitCplt)
    SPI_DMAHalfTransmitCplt                  0x08005f97   Thumb Code    10  stm32g4xx_hal_spi.o(i.SPI_DMAHalfTransmitCplt)
    i.SPI_DMAHalfTransmitReceiveCplt         0x08005fa0   Section        0  stm32g4xx_hal_spi.o(i.SPI_DMAHalfTransmitReceiveCplt)
    SPI_DMAHalfTransmitReceiveCplt           0x08005fa1   Thumb Code    10  stm32g4xx_hal_spi.o(i.SPI_DMAHalfTransmitReceiveCplt)
    i.SPI_DMAReceiveCplt                     0x08005faa   Section        0  stm32g4xx_hal_spi.o(i.SPI_DMAReceiveCplt)
    SPI_DMAReceiveCplt                       0x08005fab   Thumb Code   108  stm32g4xx_hal_spi.o(i.SPI_DMAReceiveCplt)
    i.SPI_DMATransmitCplt                    0x08006016   Section        0  stm32g4xx_hal_spi.o(i.SPI_DMATransmitCplt)
    SPI_DMATransmitCplt                      0x08006017   Thumb Code   100  stm32g4xx_hal_spi.o(i.SPI_DMATransmitCplt)
    i.SPI_DMATransmitReceiveCplt             0x0800607a   Section        0  stm32g4xx_hal_spi.o(i.SPI_DMATransmitReceiveCplt)
    SPI_DMATransmitReceiveCplt               0x0800607b   Thumb Code    92  stm32g4xx_hal_spi.o(i.SPI_DMATransmitReceiveCplt)
    i.SPI_EndRxTransaction                   0x080060d6   Section        0  stm32g4xx_hal_spi.o(i.SPI_EndRxTransaction)
    SPI_EndRxTransaction                     0x080060d7   Thumb Code   116  stm32g4xx_hal_spi.o(i.SPI_EndRxTransaction)
    i.SPI_EndRxTxTransaction                 0x0800614a   Section        0  stm32g4xx_hal_spi.o(i.SPI_EndRxTxTransaction)
    SPI_EndRxTxTransaction                   0x0800614b   Thumb Code    72  stm32g4xx_hal_spi.o(i.SPI_EndRxTxTransaction)
    i.SPI_WaitFifoStateUntilTimeout          0x08006194   Section        0  stm32g4xx_hal_spi.o(i.SPI_WaitFifoStateUntilTimeout)
    SPI_WaitFifoStateUntilTimeout            0x08006195   Thumb Code   196  stm32g4xx_hal_spi.o(i.SPI_WaitFifoStateUntilTimeout)
    i.SPI_WaitFlagStateUntilTimeout          0x0800625c   Section        0  stm32g4xx_hal_spi.o(i.SPI_WaitFlagStateUntilTimeout)
    SPI_WaitFlagStateUntilTimeout            0x0800625d   Thumb Code   180  stm32g4xx_hal_spi.o(i.SPI_WaitFlagStateUntilTimeout)
    i.SVC_Handler                            0x08006314   Section        0  stm32g4xx_it.o(i.SVC_Handler)
    i.SysTick_Handler                        0x08006316   Section        0  stm32g4xx_it.o(i.SysTick_Handler)
    i.SystemClock_Config                     0x08006318   Section        0  main.o(i.SystemClock_Config)
    i.SystemInit                             0x08006390   Section        0  system_stm32g4xx.o(i.SystemInit)
    i.TIM1_BRK_TIM15_IRQHandler              0x080063ac   Section        0  stm32g4xx_it.o(i.TIM1_BRK_TIM15_IRQHandler)
    i.TIM1_UP_TIM16_IRQHandler               0x080063b8   Section        0  stm32g4xx_it.o(i.TIM1_UP_TIM16_IRQHandler)
    i.TIM2_IRQHandler                        0x080063c4   Section        0  stm32g4xx_it.o(i.TIM2_IRQHandler)
    i.TIM3_IRQHandler                        0x080063d0   Section        0  stm32g4xx_it.o(i.TIM3_IRQHandler)
    i.TIM_Base_SetConfig                     0x080063dc   Section        0  stm32g4xx_hal_tim.o(i.TIM_Base_SetConfig)
    i.TIM_CCxChannelCmd                      0x0800648c   Section        0  stm32g4xx_hal_tim.o(i.TIM_CCxChannelCmd)
    i.TIM_CCxNChannelCmd                     0x080064a6   Section        0  stm32g4xx_hal_tim_ex.o(i.TIM_CCxNChannelCmd)
    TIM_CCxNChannelCmd                       0x080064a7   Thumb Code    26  stm32g4xx_hal_tim_ex.o(i.TIM_CCxNChannelCmd)
    i.TIM_ETR_SetConfig                      0x080064c0   Section        0  stm32g4xx_hal_tim.o(i.TIM_ETR_SetConfig)
    i.TIM_ITRx_SetConfig                     0x080064d4   Section        0  stm32g4xx_hal_tim.o(i.TIM_ITRx_SetConfig)
    TIM_ITRx_SetConfig                       0x080064d5   Thumb Code    16  stm32g4xx_hal_tim.o(i.TIM_ITRx_SetConfig)
    i.TIM_OC1_SetConfig                      0x080064e8   Section        0  stm32g4xx_hal_tim.o(i.TIM_OC1_SetConfig)
    TIM_OC1_SetConfig                        0x080064e9   Thumb Code   132  stm32g4xx_hal_tim.o(i.TIM_OC1_SetConfig)
    i.TIM_OC2_SetConfig                      0x08006584   Section        0  stm32g4xx_hal_tim.o(i.TIM_OC2_SetConfig)
    i.TIM_OC3_SetConfig                      0x08006614   Section        0  stm32g4xx_hal_tim.o(i.TIM_OC3_SetConfig)
    TIM_OC3_SetConfig                        0x08006615   Thumb Code   118  stm32g4xx_hal_tim.o(i.TIM_OC3_SetConfig)
    i.TIM_OC4_SetConfig                      0x080066a4   Section        0  stm32g4xx_hal_tim.o(i.TIM_OC4_SetConfig)
    TIM_OC4_SetConfig                        0x080066a5   Thumb Code   120  stm32g4xx_hal_tim.o(i.TIM_OC4_SetConfig)
    i.TIM_OC5_SetConfig                      0x08006734   Section        0  stm32g4xx_hal_tim.o(i.TIM_OC5_SetConfig)
    TIM_OC5_SetConfig                        0x08006735   Thumb Code    86  stm32g4xx_hal_tim.o(i.TIM_OC5_SetConfig)
    i.TIM_OC6_SetConfig                      0x080067a4   Section        0  stm32g4xx_hal_tim.o(i.TIM_OC6_SetConfig)
    TIM_OC6_SetConfig                        0x080067a5   Thumb Code    88  stm32g4xx_hal_tim.o(i.TIM_OC6_SetConfig)
    i.TIM_TI1_ConfigInputStage               0x08006814   Section        0  stm32g4xx_hal_tim.o(i.TIM_TI1_ConfigInputStage)
    TIM_TI1_ConfigInputStage                 0x08006815   Thumb Code    34  stm32g4xx_hal_tim.o(i.TIM_TI1_ConfigInputStage)
    i.TIM_TI2_ConfigInputStage               0x08006836   Section        0  stm32g4xx_hal_tim.o(i.TIM_TI2_ConfigInputStage)
    TIM_TI2_ConfigInputStage                 0x08006837   Thumb Code    36  stm32g4xx_hal_tim.o(i.TIM_TI2_ConfigInputStage)
    i.UsageFault_Handler                     0x0800685a   Section        0  stm32g4xx_it.o(i.UsageFault_Handler)
    i.__NVIC_SetPriority                     0x0800685c   Section        0  stm32g4xx_hal_cortex.o(i.__NVIC_SetPriority)
    __NVIC_SetPriority                       0x0800685d   Thumb Code    32  stm32g4xx_hal_cortex.o(i.__NVIC_SetPriority)
    i.__scatterload_copy                     0x0800687c   Section       14  handlers.o(i.__scatterload_copy)
    i.__scatterload_null                     0x0800688a   Section        2  handlers.o(i.__scatterload_null)
    i.__scatterload_zeroinit                 0x0800688c   Section       14  handlers.o(i.__scatterload_zeroinit)
    i.allOff                                 0x0800689c   Section        0  init_music.o(i.allOff)
    i.comStep                                0x080068b0   Section        0  init_music.o(i.comStep)
    i.main                                   0x080068fc   Section        0  main.o(i.main)
    i.playStartupTune                        0x08006928   Section        0  init_music.o(i.playStartupTune)
    i.setCaptureCompare                      0x080069c8   Section        0  init_music.o(i.setCaptureCompare)
    i.setVolume                              0x080069e4   Section        0  init_music.o(i.setVolume)
    .constdata                               0x080069f8   Section       16  system_stm32g4xx.o(.constdata)
    .constdata                               0x08006a08   Section        8  system_stm32g4xx.o(.constdata)
    .constdata                               0x08006a10   Section     2052  arm_common_tables.o(.constdata)
    .data                                    0x20000000   Section        2  main.o(.data)
    cnt                                      0x20000000   Data           2  main.o(.data)
    .data                                    0x20000004   Section       24  foc_control.o(.data)
    t                                        0x20000004   Data           4  foc_control.o(.data)
    .data                                    0x2000001c   Section       16  foc_error.o(.data)
    .data                                    0x2000002c   Section      144  init_music.o(.data)
    .data                                    0x200000bc   Section       16  util_adc.o(.data)
    .data                                    0x200000d0   Section       24  sys_dwt.o(.data)
    pending                                  0x200000d0   Data           1  sys_dwt.o(.data)
    .data                                    0x200000e8   Section       12  stm32g4xx_hal.o(.data)
    .data                                    0x200000f4   Section        4  system_stm32g4xx.o(.data)
    .bss                                     0x200000f8   Section      204  adc.o(.bss)
    .bss                                     0x200001c4   Section      100  fdcan.o(.bss)
    .bss                                     0x20000228   Section      292  spi.o(.bss)
    .bss                                     0x2000034c   Section      152  tim.o(.bss)
    .bss                                     0x200003e4   Section       76  stm32g4xx_hal_timebase_tim.o(.bss)
    .bss                                     0x20000430   Section      776  foc_control.o(.bss)
    .bss                                     0x20000738   Section       64  util_adc.o(.bss)
    .bss                                     0x20000778   Section       48  sys_dwt.o(.bss)
    STACK                                    0x200007a8   Section     1024  startup_stm32g431xx.o(STACK)

    Global Symbols

    Symbol Name                              Value     Ov Type        Size  Object(Section)

    BuildAttributes$$THM_ISAv4$E$P$D$K$B$S$7EM$VFPi3$EXTD16$VFPS$VFMA$PE$A:L22UL41UL21$X:L11$S22US41US21$IEEE1$IW$USESV6$~STKCKD$USESV7$~SHL$OTIME$ROPI$IEEEX$EBA8$MICROLIB$REQ8$PRES8$EABIv2 0x00000000   Number         0  anon$$obj.o ABSOLUTE
    __ARM_use_no_argv                        0x00000000   Number         0  main.o ABSOLUTE
    __cpp_initialize__aeabi_                  - Undefined Weak Reference
    __cxa_finalize                            - Undefined Weak Reference
    __decompress                              - Undefined Weak Reference
    _clock_init                               - Undefined Weak Reference
    _microlib_exit                            - Undefined Weak Reference
    __Vectors_Size                           0x000001d8   Number         0  startup_stm32g431xx.o ABSOLUTE
    __Vectors                                0x08000000   Data           4  startup_stm32g431xx.o(RESET)
    __Vectors_End                            0x080001d8   Data           0  startup_stm32g431xx.o(RESET)
    __main                                   0x080001d9   Thumb Code     0  entry.o(.ARM.Collect$$$$00000000)
    _main_stk                                0x080001d9   Thumb Code     0  entry2.o(.ARM.Collect$$$$00000001)
    _main_scatterload                        0x080001dd   Thumb Code     0  entry5.o(.ARM.Collect$$$$00000004)
    __main_after_scatterload                 0x080001e1   Thumb Code     0  entry5.o(.ARM.Collect$$$$00000004)
    _main_clock                              0x080001e1   Thumb Code     0  entry7b.o(.ARM.Collect$$$$00000008)
    _main_cpp_init                           0x080001e1   Thumb Code     0  entry8b.o(.ARM.Collect$$$$0000000A)
    _main_init                               0x080001e1   Thumb Code     0  entry9a.o(.ARM.Collect$$$$0000000B)
    __rt_final_cpp                           0x080001e9   Thumb Code     0  entry10a.o(.ARM.Collect$$$$0000000D)
    __rt_final_exit                          0x080001e9   Thumb Code     0  entry11a.o(.ARM.Collect$$$$0000000F)
    Reset_Handler                            0x080001ed   Thumb Code     8  startup_stm32g431xx.o(.text)
    COMP1_2_3_IRQHandler                     0x08000207   Thumb Code     0  startup_stm32g431xx.o(.text)
    COMP4_IRQHandler                         0x08000207   Thumb Code     0  startup_stm32g431xx.o(.text)
    CORDIC_IRQHandler                        0x08000207   Thumb Code     0  startup_stm32g431xx.o(.text)
    CRS_IRQHandler                           0x08000207   Thumb Code     0  startup_stm32g431xx.o(.text)
    DMA1_Channel2_IRQHandler                 0x08000207   Thumb Code     0  startup_stm32g431xx.o(.text)
    DMA1_Channel3_IRQHandler                 0x08000207   Thumb Code     0  startup_stm32g431xx.o(.text)
    DMA1_Channel4_IRQHandler                 0x08000207   Thumb Code     0  startup_stm32g431xx.o(.text)
    DMA1_Channel5_IRQHandler                 0x08000207   Thumb Code     0  startup_stm32g431xx.o(.text)
    DMA1_Channel6_IRQHandler                 0x08000207   Thumb Code     0  startup_stm32g431xx.o(.text)
    DMA2_Channel3_IRQHandler                 0x08000207   Thumb Code     0  startup_stm32g431xx.o(.text)
    DMA2_Channel4_IRQHandler                 0x08000207   Thumb Code     0  startup_stm32g431xx.o(.text)
    DMA2_Channel5_IRQHandler                 0x08000207   Thumb Code     0  startup_stm32g431xx.o(.text)
    DMA2_Channel6_IRQHandler                 0x08000207   Thumb Code     0  startup_stm32g431xx.o(.text)
    DMAMUX_OVR_IRQHandler                    0x08000207   Thumb Code     0  startup_stm32g431xx.o(.text)
    EXTI0_IRQHandler                         0x08000207   Thumb Code     0  startup_stm32g431xx.o(.text)
    EXTI15_10_IRQHandler                     0x08000207   Thumb Code     0  startup_stm32g431xx.o(.text)
    EXTI1_IRQHandler                         0x08000207   Thumb Code     0  startup_stm32g431xx.o(.text)
    EXTI2_IRQHandler                         0x08000207   Thumb Code     0  startup_stm32g431xx.o(.text)
    EXTI3_IRQHandler                         0x08000207   Thumb Code     0  startup_stm32g431xx.o(.text)
    EXTI4_IRQHandler                         0x08000207   Thumb Code     0  startup_stm32g431xx.o(.text)
    EXTI9_5_IRQHandler                       0x08000207   Thumb Code     0  startup_stm32g431xx.o(.text)
    FDCAN1_IT1_IRQHandler                    0x08000207   Thumb Code     0  startup_stm32g431xx.o(.text)
    FLASH_IRQHandler                         0x08000207   Thumb Code     0  startup_stm32g431xx.o(.text)
    FMAC_IRQHandler                          0x08000207   Thumb Code     0  startup_stm32g431xx.o(.text)
    FPU_IRQHandler                           0x08000207   Thumb Code     0  startup_stm32g431xx.o(.text)
    I2C1_ER_IRQHandler                       0x08000207   Thumb Code     0  startup_stm32g431xx.o(.text)
    I2C1_EV_IRQHandler                       0x08000207   Thumb Code     0  startup_stm32g431xx.o(.text)
    I2C2_ER_IRQHandler                       0x08000207   Thumb Code     0  startup_stm32g431xx.o(.text)
    I2C2_EV_IRQHandler                       0x08000207   Thumb Code     0  startup_stm32g431xx.o(.text)
    I2C3_ER_IRQHandler                       0x08000207   Thumb Code     0  startup_stm32g431xx.o(.text)
    I2C3_EV_IRQHandler                       0x08000207   Thumb Code     0  startup_stm32g431xx.o(.text)
    LPTIM1_IRQHandler                        0x08000207   Thumb Code     0  startup_stm32g431xx.o(.text)
    LPUART1_IRQHandler                       0x08000207   Thumb Code     0  startup_stm32g431xx.o(.text)
    PVD_PVM_IRQHandler                       0x08000207   Thumb Code     0  startup_stm32g431xx.o(.text)
    RCC_IRQHandler                           0x08000207   Thumb Code     0  startup_stm32g431xx.o(.text)
    RNG_IRQHandler                           0x08000207   Thumb Code     0  startup_stm32g431xx.o(.text)
    RTC_Alarm_IRQHandler                     0x08000207   Thumb Code     0  startup_stm32g431xx.o(.text)
    RTC_TAMP_LSECSS_IRQHandler               0x08000207   Thumb Code     0  startup_stm32g431xx.o(.text)
    RTC_WKUP_IRQHandler                      0x08000207   Thumb Code     0  startup_stm32g431xx.o(.text)
    SAI1_IRQHandler                          0x08000207   Thumb Code     0  startup_stm32g431xx.o(.text)
    SPI2_IRQHandler                          0x08000207   Thumb Code     0  startup_stm32g431xx.o(.text)
    SPI3_IRQHandler                          0x08000207   Thumb Code     0  startup_stm32g431xx.o(.text)
    TIM1_CC_IRQHandler                       0x08000207   Thumb Code     0  startup_stm32g431xx.o(.text)
    TIM1_TRG_COM_TIM17_IRQHandler            0x08000207   Thumb Code     0  startup_stm32g431xx.o(.text)
    TIM4_IRQHandler                          0x08000207   Thumb Code     0  startup_stm32g431xx.o(.text)
    TIM6_DAC_IRQHandler                      0x08000207   Thumb Code     0  startup_stm32g431xx.o(.text)
    TIM7_IRQHandler                          0x08000207   Thumb Code     0  startup_stm32g431xx.o(.text)
    TIM8_BRK_IRQHandler                      0x08000207   Thumb Code     0  startup_stm32g431xx.o(.text)
    TIM8_CC_IRQHandler                       0x08000207   Thumb Code     0  startup_stm32g431xx.o(.text)
    TIM8_TRG_COM_IRQHandler                  0x08000207   Thumb Code     0  startup_stm32g431xx.o(.text)
    TIM8_UP_IRQHandler                       0x08000207   Thumb Code     0  startup_stm32g431xx.o(.text)
    UART4_IRQHandler                         0x08000207   Thumb Code     0  startup_stm32g431xx.o(.text)
    UCPD1_IRQHandler                         0x08000207   Thumb Code     0  startup_stm32g431xx.o(.text)
    USART1_IRQHandler                        0x08000207   Thumb Code     0  startup_stm32g431xx.o(.text)
    USART2_IRQHandler                        0x08000207   Thumb Code     0  startup_stm32g431xx.o(.text)
    USART3_IRQHandler                        0x08000207   Thumb Code     0  startup_stm32g431xx.o(.text)
    USBWakeUp_IRQHandler                     0x08000207   Thumb Code     0  startup_stm32g431xx.o(.text)
    USB_HP_IRQHandler                        0x08000207   Thumb Code     0  startup_stm32g431xx.o(.text)
    USB_LP_IRQHandler                        0x08000207   Thumb Code     0  startup_stm32g431xx.o(.text)
    WWDG_IRQHandler                          0x08000207   Thumb Code     0  startup_stm32g431xx.o(.text)
    arm_cos_f32                              0x08000211   Thumb Code   108  arm_cos_f32.o(.text)
    arm_sin_f32                              0x08000289   Thumb Code   130  arm_sin_f32.o(.text)
    __aeabi_uldivmod                         0x0800031d   Thumb Code    98  uldiv.o(.text)
    __aeabi_memset                           0x0800037f   Thumb Code    14  memseta.o(.text)
    __aeabi_memset4                          0x0800037f   Thumb Code     0  memseta.o(.text)
    __aeabi_memset8                          0x0800037f   Thumb Code     0  memseta.o(.text)
    __aeabi_memclr                           0x0800038d   Thumb Code     4  memseta.o(.text)
    __aeabi_memclr4                          0x0800038d   Thumb Code     0  memseta.o(.text)
    __aeabi_memclr8                          0x0800038d   Thumb Code     0  memseta.o(.text)
    _memset$wrapper                          0x08000391   Thumb Code    18  memseta.o(.text)
    __aeabi_dadd                             0x080003a3   Thumb Code   322  dadd.o(.text)
    __aeabi_dsub                             0x080004e5   Thumb Code     6  dadd.o(.text)
    __aeabi_drsub                            0x080004eb   Thumb Code     6  dadd.o(.text)
    __aeabi_dmul                             0x080004f1   Thumb Code   228  dmul.o(.text)
    __aeabi_ddiv                             0x080005d5   Thumb Code   222  ddiv.o(.text)
    __aeabi_ul2f                             0x080006b3   Thumb Code    28  ffltul.o(.text)
    __aeabi_f2d                              0x080006cf   Thumb Code    38  f2d.o(.text)
    __aeabi_d2f                              0x080006f5   Thumb Code    56  d2f.o(.text)
    __aeabi_llsl                             0x0800072d   Thumb Code    30  llshl.o(.text)
    _ll_shift_l                              0x0800072d   Thumb Code     0  llshl.o(.text)
    __aeabi_llsr                             0x0800074b   Thumb Code    32  llushr.o(.text)
    _ll_ushift_r                             0x0800074b   Thumb Code     0  llushr.o(.text)
    __aeabi_lasr                             0x0800076b   Thumb Code    36  llsshr.o(.text)
    _ll_sshift_r                             0x0800076b   Thumb Code     0  llsshr.o(.text)
    __I$use$fp                               0x0800078f   Thumb Code     0  iusefp.o(.text)
    _float_round                             0x0800078f   Thumb Code    18  fepilogue.o(.text)
    _float_epilogue                          0x080007a1   Thumb Code    92  fepilogue.o(.text)
    _double_round                            0x080007fd   Thumb Code    30  depilogue.o(.text)
    _double_epilogue                         0x0800081b   Thumb Code   156  depilogue.o(.text)
    __scatterload                            0x080008b9   Thumb Code    28  init.o(.text)
    __scatterload_rt2                        0x080008b9   Thumb Code     0  init.o(.text)
    ADC1_2_IRQHandler                        0x080008dd   Thumb Code     6  stm32g4xx_it.o(i.ADC1_2_IRQHandler)
    ADC_DMAConvCplt                          0x080008e9   Thumb Code   104  stm32g4xx_hal_adc.o(i.ADC_DMAConvCplt)
    ADC_DMAError                             0x08000951   Thumb Code    26  stm32g4xx_hal_adc.o(i.ADC_DMAError)
    ADC_DMAHalfConvCplt                      0x0800096b   Thumb Code    10  stm32g4xx_hal_adc.o(i.ADC_DMAHalfConvCplt)
    ADC_Disable                              0x08000975   Thumb Code    98  stm32g4xx_hal_adc.o(i.ADC_Disable)
    ADC_Enable                               0x080009dd   Thumb Code   100  stm32g4xx_hal_adc.o(i.ADC_Enable)
    ADC_Struct_Init                          0x08000a45   Thumb Code    38  util_adc.o(i.ADC_Struct_Init)
    Adc_Init                                 0x08000a71   Thumb Code    44  util_adc.o(i.Adc_Init)
    Adc_Injected_Val_Decode                  0x08000aa5   Thumb Code    92  util_adc.o(i.Adc_Injected_Val_Decode)
    Adc_Val_Decode                           0x08000b0d   Thumb Code   104  util_adc.o(i.Adc_Val_Decode)
    BusFault_Handler                         0x08000b85   Thumb Code     2  stm32g4xx_it.o(i.BusFault_Handler)
    CALC_SVPWM                               0x08000b89   Thumb Code   648  foc_control.o(i.CALC_SVPWM)
    Clarke_transform                         0x08000e45   Thumb Code    22  foc_control.o(i.Clarke_transform)
    DMA1_Channel1_IRQHandler                 0x08000e61   Thumb Code     6  stm32g4xx_it.o(i.DMA1_Channel1_IRQHandler)
    DMA2_Channel1_IRQHandler                 0x08000e6d   Thumb Code     6  stm32g4xx_it.o(i.DMA2_Channel1_IRQHandler)
    DMA2_Channel2_IRQHandler                 0x08000e79   Thumb Code     6  stm32g4xx_it.o(i.DMA2_Channel2_IRQHandler)
    DRV8323_Init                             0x08000f27   Thumb Code    52  drv8323_util.o(i.DRV8323_Init)
    DWT_CNT_Update                           0x08000f5d   Thumb Code    46  sys_dwt.o(i.DWT_CNT_Update)
    DWT_Delayms                              0x08000f99   Thumb Code    42  sys_dwt.o(i.DWT_Delayms)
    DWT_GetTimeline_us                       0x08000fcd   Thumb Code    36  sys_dwt.o(i.DWT_GetTimeline_us)
    DWT_Init                                 0x08000ff9   Thumb Code    60  sys_dwt.o(i.DWT_Init)
    DWT_SysTimeUpdate                        0x08001045   Thumb Code   140  sys_dwt.o(i.DWT_SysTimeUpdate)
    DebugMon_Handler                         0x080010d9   Thumb Code     2  stm32g4xx_it.o(i.DebugMon_Handler)
    Encoder_Read_Reg                         0x080010db   Thumb Code    62  periph_encoder_spi.o(i.Encoder_Read_Reg)
    Encoder_SPI_Data_Process                 0x08001119   Thumb Code   232  periph_encoder_spi.o(i.Encoder_SPI_Data_Process)
    Encoder_SPI_Get_Angle                    0x08001225   Thumb Code    26  periph_encoder_spi.o(i.Encoder_SPI_Get_Angle)
    Encoder_SPI_Init                         0x08001245   Thumb Code   590  periph_encoder_spi.o(i.Encoder_SPI_Init)
    Error_Handler                            0x08001499   Thumb Code     2  main.o(i.Error_Handler)
    Error_Main_Loop                          0x0800149d   Thumb Code   206  foc_error.o(i.Error_Main_Loop)
    Error_Struct_Init                        0x0800158d   Thumb Code    20  foc_error.o(i.Error_Struct_Init)
    FDCAN1_IT0_IRQHandler                    0x080015a1   Thumb Code     6  stm32g4xx_it.o(i.FDCAN1_IT0_IRQHandler)
    FOC_Main_Init                            0x080015ad   Thumb Code   164  foc_control.o(i.FOC_Main_Init)
    FOC_Main_Loop_H_Freq                     0x0800166d   Thumb Code   298  foc_control.o(i.FOC_Main_Loop_H_Freq)
    FOC_Main_Loop_L_Freq                     0x080017d1   Thumb Code    64  foc_control.o(i.FOC_Main_Loop_L_Freq)
    FOC_PID_Init                             0x08001819   Thumb Code   226  foc_control.o(i.FOC_PID_Init)
    FOC_Struct_Init                          0x08001929   Thumb Code    82  foc_control.o(i.FOC_Struct_Init)
    FOC_Theta_Calc                           0x08001985   Thumb Code    62  foc_control.o(i.FOC_Theta_Calc)
    Filter_Lowpass                           0x080019d1   Thumb Code   178  lib_filter.o(i.Filter_Lowpass)
    Filter_Lowpass_Init                      0x08001a91   Thumb Code    14  lib_filter.o(i.Filter_Lowpass_Init)
    Get_ADC_Value                            0x08001aa5   Thumb Code    10  util_adc.o(i.Get_ADC_Value)
    HAL_ADCEx_Calibration_Start              0x08001ab9   Thumb Code   138  stm32g4xx_hal_adc_ex.o(i.HAL_ADCEx_Calibration_Start)
    HAL_ADCEx_EndOfSamplingCallback          0x08001b4d   Thumb Code     2  stm32g4xx_hal_adc_ex.o(i.HAL_ADCEx_EndOfSamplingCallback)
    HAL_ADCEx_InjectedConfigChannel          0x08001b51   Thumb Code  1262  stm32g4xx_hal_adc_ex.o(i.HAL_ADCEx_InjectedConfigChannel)
    HAL_ADCEx_InjectedConvCpltCallback       0x08002069   Thumb Code    72  util_adc.o(i.HAL_ADCEx_InjectedConvCpltCallback)
    HAL_ADCEx_InjectedGetValue               0x080020c1   Thumb Code    46  stm32g4xx_hal_adc_ex.o(i.HAL_ADCEx_InjectedGetValue)
    HAL_ADCEx_InjectedQueueOverflowCallback  0x080020ef   Thumb Code     2  stm32g4xx_hal_adc_ex.o(i.HAL_ADCEx_InjectedQueueOverflowCallback)
    HAL_ADCEx_InjectedStart_IT               0x080020f1   Thumb Code   282  stm32g4xx_hal_adc_ex.o(i.HAL_ADCEx_InjectedStart_IT)
    HAL_ADCEx_LevelOutOfWindow2Callback      0x08002219   Thumb Code     2  stm32g4xx_hal_adc_ex.o(i.HAL_ADCEx_LevelOutOfWindow2Callback)
    HAL_ADCEx_LevelOutOfWindow3Callback      0x0800221b   Thumb Code     2  stm32g4xx_hal_adc_ex.o(i.HAL_ADCEx_LevelOutOfWindow3Callback)
    HAL_ADCEx_MultiModeConfigChannel         0x0800221d   Thumb Code   204  stm32g4xx_hal_adc_ex.o(i.HAL_ADCEx_MultiModeConfigChannel)
    HAL_ADC_ConfigChannel                    0x080022f1   Thumb Code  1004  stm32g4xx_hal_adc.o(i.HAL_ADC_ConfigChannel)
    HAL_ADC_ConvCpltCallback                 0x08002711   Thumb Code    12  util_adc.o(i.HAL_ADC_ConvCpltCallback)
    HAL_ADC_ConvHalfCpltCallback             0x08002721   Thumb Code     2  stm32g4xx_hal_adc.o(i.HAL_ADC_ConvHalfCpltCallback)
    HAL_ADC_ErrorCallback                    0x08002723   Thumb Code     2  stm32g4xx_hal_adc.o(i.HAL_ADC_ErrorCallback)
    HAL_ADC_IRQHandler                       0x08002725   Thumb Code   612  stm32g4xx_hal_adc.o(i.HAL_ADC_IRQHandler)
    HAL_ADC_Init                             0x08002991   Thumb Code   472  stm32g4xx_hal_adc.o(i.HAL_ADC_Init)
    HAL_ADC_LevelOutOfWindowCallback         0x08002b89   Thumb Code     2  stm32g4xx_hal_adc.o(i.HAL_ADC_LevelOutOfWindowCallback)
    HAL_ADC_MspInit                          0x08002b8d   Thumb Code   146  adc.o(i.HAL_ADC_MspInit)
    HAL_ADC_Start_DMA                        0x08002c2d   Thumb Code   214  stm32g4xx_hal_adc.o(i.HAL_ADC_Start_DMA)
    HAL_DMA_Abort_IT                         0x08002d1d   Thumb Code   120  stm32g4xx_hal_dma.o(i.HAL_DMA_Abort_IT)
    HAL_DMA_IRQHandler                       0x08002d95   Thumb Code   186  stm32g4xx_hal_dma.o(i.HAL_DMA_IRQHandler)
    HAL_DMA_Init                             0x08002e51   Thumb Code   178  stm32g4xx_hal_dma.o(i.HAL_DMA_Init)
    HAL_DMA_Start_IT                         0x08002f11   Thumb Code   140  stm32g4xx_hal_dma.o(i.HAL_DMA_Start_IT)
    HAL_Delay                                0x08002f9d   Thumb Code    32  stm32g4xx_hal.o(i.HAL_Delay)
    HAL_FDCAN_ErrorCallback                  0x08002fc1   Thumb Code     2  stm32g4xx_hal_fdcan.o(i.HAL_FDCAN_ErrorCallback)
    HAL_FDCAN_ErrorStatusCallback            0x08002fc3   Thumb Code     2  stm32g4xx_hal_fdcan.o(i.HAL_FDCAN_ErrorStatusCallback)
    HAL_FDCAN_HighPriorityMessageCallback    0x08002fc5   Thumb Code     2  stm32g4xx_hal_fdcan.o(i.HAL_FDCAN_HighPriorityMessageCallback)
    HAL_FDCAN_IRQHandler                     0x08002fc7   Thumb Code   352  stm32g4xx_hal_fdcan.o(i.HAL_FDCAN_IRQHandler)
    HAL_FDCAN_Init                           0x08003129   Thumb Code   498  stm32g4xx_hal_fdcan.o(i.HAL_FDCAN_Init)
    HAL_FDCAN_MspInit                        0x0800332d   Thumb Code   104  fdcan.o(i.HAL_FDCAN_MspInit)
    HAL_FDCAN_RxFifo0Callback                0x0800339d   Thumb Code     2  stm32g4xx_hal_fdcan.o(i.HAL_FDCAN_RxFifo0Callback)
    HAL_FDCAN_RxFifo1Callback                0x0800339f   Thumb Code     2  stm32g4xx_hal_fdcan.o(i.HAL_FDCAN_RxFifo1Callback)
    HAL_FDCAN_TimeoutOccurredCallback        0x080033a1   Thumb Code     2  stm32g4xx_hal_fdcan.o(i.HAL_FDCAN_TimeoutOccurredCallback)
    HAL_FDCAN_TimestampWraparoundCallback    0x080033a3   Thumb Code     2  stm32g4xx_hal_fdcan.o(i.HAL_FDCAN_TimestampWraparoundCallback)
    HAL_FDCAN_TxBufferAbortCallback          0x080033a5   Thumb Code     2  stm32g4xx_hal_fdcan.o(i.HAL_FDCAN_TxBufferAbortCallback)
    HAL_FDCAN_TxBufferCompleteCallback       0x080033a7   Thumb Code     2  stm32g4xx_hal_fdcan.o(i.HAL_FDCAN_TxBufferCompleteCallback)
    HAL_FDCAN_TxEventFifoCallback            0x080033a9   Thumb Code     2  stm32g4xx_hal_fdcan.o(i.HAL_FDCAN_TxEventFifoCallback)
    HAL_FDCAN_TxFifoEmptyCallback            0x080033ab   Thumb Code     2  stm32g4xx_hal_fdcan.o(i.HAL_FDCAN_TxFifoEmptyCallback)
    HAL_GPIO_Init                            0x080033ad   Thumb Code   422  stm32g4xx_hal_gpio.o(i.HAL_GPIO_Init)
    HAL_GPIO_ReadPin                         0x08003575   Thumb Code    10  stm32g4xx_hal_gpio.o(i.HAL_GPIO_ReadPin)
    HAL_GPIO_TogglePin                       0x0800357f   Thumb Code    16  stm32g4xx_hal_gpio.o(i.HAL_GPIO_TogglePin)
    HAL_GPIO_WritePin                        0x0800358f   Thumb Code    10  stm32g4xx_hal_gpio.o(i.HAL_GPIO_WritePin)
    HAL_GetTick                              0x08003599   Thumb Code     6  stm32g4xx_hal.o(i.HAL_GetTick)
    HAL_IncTick                              0x080035a5   Thumb Code    12  stm32g4xx_hal.o(i.HAL_IncTick)
    HAL_Init                                 0x080035b5   Thumb Code    30  stm32g4xx_hal.o(i.HAL_Init)
    HAL_InitTick                             0x080035d5   Thumb Code   118  stm32g4xx_hal_timebase_tim.o(i.HAL_InitTick)
    HAL_MspInit                              0x0800365d   Thumb Code    42  stm32g4xx_hal_msp.o(i.HAL_MspInit)
    HAL_NVIC_EnableIRQ                       0x0800368d   Thumb Code    26  stm32g4xx_hal_cortex.o(i.HAL_NVIC_EnableIRQ)
    HAL_NVIC_SetPriority                     0x080036a9   Thumb Code    60  stm32g4xx_hal_cortex.o(i.HAL_NVIC_SetPriority)
    HAL_NVIC_SetPriorityGrouping             0x080036e9   Thumb Code    26  stm32g4xx_hal_cortex.o(i.HAL_NVIC_SetPriorityGrouping)
    HAL_PWREx_ControlVoltageScaling          0x0800370d   Thumb Code   174  stm32g4xx_hal_pwr_ex.o(i.HAL_PWREx_ControlVoltageScaling)
    HAL_PWREx_DisableUCPDDeadBattery         0x080037c9   Thumb Code    12  stm32g4xx_hal_pwr_ex.o(i.HAL_PWREx_DisableUCPDDeadBattery)
    HAL_RCCEx_PeriphCLKConfig                0x080037d9   Thumb Code   638  stm32g4xx_hal_rcc_ex.o(i.HAL_RCCEx_PeriphCLKConfig)
    HAL_RCC_ClockConfig                      0x08003a61   Thumb Code   444  stm32g4xx_hal_rcc.o(i.HAL_RCC_ClockConfig)
    HAL_RCC_GetClockConfig                   0x08003c3d   Thumb Code    54  stm32g4xx_hal_rcc.o(i.HAL_RCC_GetClockConfig)
    HAL_RCC_GetPCLK1Freq                     0x08003c7d   Thumb Code    24  stm32g4xx_hal_rcc.o(i.HAL_RCC_GetPCLK1Freq)
    HAL_RCC_GetSysClockFreq                  0x08003ca1   Thumb Code    98  stm32g4xx_hal_rcc.o(i.HAL_RCC_GetSysClockFreq)
    HAL_RCC_OscConfig                        0x08003d11   Thumb Code  1036  stm32g4xx_hal_rcc.o(i.HAL_RCC_OscConfig)
    HAL_SPI_ErrorCallback                    0x0800411d   Thumb Code     2  stm32g4xx_hal_spi.o(i.HAL_SPI_ErrorCallback)
    HAL_SPI_IRQHandler                       0x08004121   Thumb Code   246  stm32g4xx_hal_spi.o(i.HAL_SPI_IRQHandler)
    HAL_SPI_Init                             0x0800421d   Thumb Code   234  stm32g4xx_hal_spi.o(i.HAL_SPI_Init)
    HAL_SPI_MspInit                          0x08004309   Thumb Code   196  spi.o(i.HAL_SPI_MspInit)
    HAL_SPI_Receive_DMA                      0x080043e1   Thumb Code   338  stm32g4xx_hal_spi.o(i.HAL_SPI_Receive_DMA)
    HAL_SPI_RxCpltCallback                   0x08004541   Thumb Code     2  stm32g4xx_hal_spi.o(i.HAL_SPI_RxCpltCallback)
    HAL_SPI_RxHalfCpltCallback               0x08004543   Thumb Code     2  stm32g4xx_hal_spi.o(i.HAL_SPI_RxHalfCpltCallback)
    HAL_SPI_TransmitReceive                  0x08004545   Thumb Code   610  stm32g4xx_hal_spi.o(i.HAL_SPI_TransmitReceive)
    HAL_SPI_TransmitReceive_DMA              0x080047a9   Thumb Code   424  stm32g4xx_hal_spi.o(i.HAL_SPI_TransmitReceive_DMA)
    HAL_SPI_Transmit_DMA                     0x08004965   Thumb Code   270  stm32g4xx_hal_spi.o(i.HAL_SPI_Transmit_DMA)
    HAL_SPI_TxCpltCallback                   0x08004a81   Thumb Code     2  stm32g4xx_hal_spi.o(i.HAL_SPI_TxCpltCallback)
    HAL_SPI_TxHalfCpltCallback               0x08004a83   Thumb Code     2  stm32g4xx_hal_spi.o(i.HAL_SPI_TxHalfCpltCallback)
    HAL_SPI_TxRxCpltCallback                 0x08004a85   Thumb Code     2  stm32g4xx_hal_spi.o(i.HAL_SPI_TxRxCpltCallback)
    HAL_SPI_TxRxHalfCpltCallback             0x08004a87   Thumb Code     2  stm32g4xx_hal_spi.o(i.HAL_SPI_TxRxHalfCpltCallback)
    HAL_TIMEx_Break2Callback                 0x08004a89   Thumb Code     2  stm32g4xx_hal_tim_ex.o(i.HAL_TIMEx_Break2Callback)
    HAL_TIMEx_BreakCallback                  0x08004a8b   Thumb Code     2  stm32g4xx_hal_tim_ex.o(i.HAL_TIMEx_BreakCallback)
    HAL_TIMEx_CommutCallback                 0x08004a8d   Thumb Code     2  stm32g4xx_hal_tim_ex.o(i.HAL_TIMEx_CommutCallback)
    HAL_TIMEx_ConfigBreakDeadTime            0x08004a91   Thumb Code   164  stm32g4xx_hal_tim_ex.o(i.HAL_TIMEx_ConfigBreakDeadTime)
    HAL_TIMEx_DirectionChangeCallback        0x08004b3d   Thumb Code     2  stm32g4xx_hal_tim_ex.o(i.HAL_TIMEx_DirectionChangeCallback)
    HAL_TIMEx_EnableDeadTimePreload          0x08004b3f   Thumb Code    14  stm32g4xx_hal_tim_ex.o(i.HAL_TIMEx_EnableDeadTimePreload)
    HAL_TIMEx_EncoderIndexCallback           0x08004b4d   Thumb Code     2  stm32g4xx_hal_tim_ex.o(i.HAL_TIMEx_EncoderIndexCallback)
    HAL_TIMEx_IndexErrorCallback             0x08004b4f   Thumb Code     2  stm32g4xx_hal_tim_ex.o(i.HAL_TIMEx_IndexErrorCallback)
    HAL_TIMEx_MasterConfigSynchronization    0x08004b51   Thumb Code   132  stm32g4xx_hal_tim_ex.o(i.HAL_TIMEx_MasterConfigSynchronization)
    HAL_TIMEx_PWMN_Start                     0x08004bed   Thumb Code   158  stm32g4xx_hal_tim_ex.o(i.HAL_TIMEx_PWMN_Start)
    HAL_TIMEx_TransitionErrorCallback        0x08004ca5   Thumb Code     2  stm32g4xx_hal_tim_ex.o(i.HAL_TIMEx_TransitionErrorCallback)
    HAL_TIM_Base_Init                        0x08004ca7   Thumb Code    98  stm32g4xx_hal_tim.o(i.HAL_TIM_Base_Init)
    HAL_TIM_Base_MspInit                     0x08004d09   Thumb Code   102  tim.o(i.HAL_TIM_Base_MspInit)
    HAL_TIM_Base_Start                       0x08004d7d   Thumb Code    84  stm32g4xx_hal_tim.o(i.HAL_TIM_Base_Start)
    HAL_TIM_Base_Start_IT                    0x08004de9   Thumb Code    94  stm32g4xx_hal_tim.o(i.HAL_TIM_Base_Start_IT)
    HAL_TIM_ConfigClockSource                0x08004e61   Thumb Code   240  stm32g4xx_hal_tim.o(i.HAL_TIM_ConfigClockSource)
    HAL_TIM_IC_CaptureCallback               0x08004f59   Thumb Code     2  stm32g4xx_hal_tim.o(i.HAL_TIM_IC_CaptureCallback)
    HAL_TIM_IRQHandler                       0x08004f5b   Thumb Code   508  stm32g4xx_hal_tim.o(i.HAL_TIM_IRQHandler)
    HAL_TIM_MspPostInit                      0x08005159   Thumb Code   148  tim.o(i.HAL_TIM_MspPostInit)
    HAL_TIM_OC_DelayElapsedCallback          0x080051fd   Thumb Code     2  stm32g4xx_hal_tim.o(i.HAL_TIM_OC_DelayElapsedCallback)
    HAL_TIM_PWM_ConfigChannel                0x080051ff   Thumb Code   286  stm32g4xx_hal_tim.o(i.HAL_TIM_PWM_ConfigChannel)
    HAL_TIM_PWM_Init                         0x0800531d   Thumb Code    98  stm32g4xx_hal_tim.o(i.HAL_TIM_PWM_Init)
    HAL_TIM_PWM_MspInit                      0x0800537f   Thumb Code     2  stm32g4xx_hal_tim.o(i.HAL_TIM_PWM_MspInit)
    HAL_TIM_PWM_PulseFinishedCallback        0x08005381   Thumb Code     2  stm32g4xx_hal_tim.o(i.HAL_TIM_PWM_PulseFinishedCallback)
    HAL_TIM_PWM_Start                        0x08005385   Thumb Code   218  stm32g4xx_hal_tim.o(i.HAL_TIM_PWM_Start)
    HAL_TIM_PWM_Start_IT                     0x08005481   Thumb Code   258  stm32g4xx_hal_tim.o(i.HAL_TIM_PWM_Start_IT)
    HAL_TIM_PeriodElapsedCallback            0x080055a5   Thumb Code    98  main.o(i.HAL_TIM_PeriodElapsedCallback)
    HAL_TIM_TriggerCallback                  0x0800561d   Thumb Code     2  stm32g4xx_hal_tim.o(i.HAL_TIM_TriggerCallback)
    HardFault_Handler                        0x0800561f   Thumb Code     2  stm32g4xx_it.o(i.HardFault_Handler)
    Hz2PSC                                   0x08005621   Thumb Code    30  init_music.o(i.Hz2PSC)
    Inv_Park_transform                       0x08005649   Thumb Code    84  foc_control.o(i.Inv_Park_transform)
    MX_ADC1_Init                             0x08005741   Thumb Code   292  adc.o(i.MX_ADC1_Init)
    MX_DMA_Init                              0x08005881   Thumb Code   104  dma.o(i.MX_DMA_Init)
    MX_FDCAN1_Init                           0x080058ed   Thumb Code    66  fdcan.o(i.MX_FDCAN1_Init)
    MX_GPIO_Init                             0x08005939   Thumb Code   204  gpio.o(i.MX_GPIO_Init)
    MX_SPI1_Init                             0x08005a11   Thumb Code    72  spi.o(i.MX_SPI1_Init)
    MX_TIM1_Init                             0x08005a61   Thumb Code   268  tim.o(i.MX_TIM1_Init)
    MX_TIM3_Init                             0x08005b75   Thumb Code   102  tim.o(i.MX_TIM3_Init)
    Math_Differential                        0x08005be5   Thumb Code    44  lib_math.o(i.Math_Differential)
    MemManage_Handler                        0x08005c11   Thumb Code     2  stm32g4xx_it.o(i.MemManage_Handler)
    Ms_Delay                                 0x08005c13   Thumb Code    12  init_music.o(i.Ms_Delay)
    NMI_Handler                              0x08005c1f   Thumb Code     2  stm32g4xx_it.o(i.NMI_Handler)
    PID_Calc                                 0x08005c21   Thumb Code   640  alg_pid.o(i.PID_Calc)
    PID_GetOutput                            0x08005ea1   Thumb Code     6  alg_pid.o(i.PID_GetOutput)
    PID_Init                                 0x08005ea7   Thumb Code    66  alg_pid.o(i.PID_Init)
    PID_SetFdb                               0x08005ee9   Thumb Code     6  alg_pid.o(i.PID_SetFdb)
    PID_SetRef                               0x08005eef   Thumb Code     6  alg_pid.o(i.PID_SetRef)
    Park_transform                           0x08005ef5   Thumb Code    84  foc_control.o(i.Park_transform)
    PendSV_Handler                           0x08005f49   Thumb Code     2  stm32g4xx_it.o(i.PendSV_Handler)
    SPI1_IRQHandler                          0x08005f4d   Thumb Code     6  stm32g4xx_it.o(i.SPI1_IRQHandler)
    SVC_Handler                              0x08006315   Thumb Code     2  stm32g4xx_it.o(i.SVC_Handler)
    SysTick_Handler                          0x08006317   Thumb Code     2  stm32g4xx_it.o(i.SysTick_Handler)
    SystemClock_Config                       0x08006319   Thumb Code   120  main.o(i.SystemClock_Config)
    SystemInit                               0x08006391   Thumb Code    22  system_stm32g4xx.o(i.SystemInit)
    TIM1_BRK_TIM15_IRQHandler                0x080063ad   Thumb Code     6  stm32g4xx_it.o(i.TIM1_BRK_TIM15_IRQHandler)
    TIM1_UP_TIM16_IRQHandler                 0x080063b9   Thumb Code     6  stm32g4xx_it.o(i.TIM1_UP_TIM16_IRQHandler)
    TIM2_IRQHandler                          0x080063c5   Thumb Code     6  stm32g4xx_it.o(i.TIM2_IRQHandler)
    TIM3_IRQHandler                          0x080063d1   Thumb Code     6  stm32g4xx_it.o(i.TIM3_IRQHandler)
    TIM_Base_SetConfig                       0x080063dd   Thumb Code   146  stm32g4xx_hal_tim.o(i.TIM_Base_SetConfig)
    TIM_CCxChannelCmd                        0x0800648d   Thumb Code    26  stm32g4xx_hal_tim.o(i.TIM_CCxChannelCmd)
    TIM_ETR_SetConfig                        0x080064c1   Thumb Code    20  stm32g4xx_hal_tim.o(i.TIM_ETR_SetConfig)
    TIM_OC2_SetConfig                        0x08006585   Thumb Code   120  stm32g4xx_hal_tim.o(i.TIM_OC2_SetConfig)
    UsageFault_Handler                       0x0800685b   Thumb Code     2  stm32g4xx_it.o(i.UsageFault_Handler)
    __scatterload_copy                       0x0800687d   Thumb Code    14  handlers.o(i.__scatterload_copy)
    __scatterload_null                       0x0800688b   Thumb Code     2  handlers.o(i.__scatterload_null)
    __scatterload_zeroinit                   0x0800688d   Thumb Code    14  handlers.o(i.__scatterload_zeroinit)
    allOff                                   0x0800689d   Thumb Code    16  init_music.o(i.allOff)
    comStep                                  0x080068b1   Thumb Code    68  init_music.o(i.comStep)
    main                                     0x080068fd   Thumb Code    42  main.o(i.main)
    playStartupTune                          0x08006929   Thumb Code   148  init_music.o(i.playStartupTune)
    setCaptureCompare                        0x080069c9   Thumb Code    18  init_music.o(i.setCaptureCompare)
    setVolume                                0x080069e5   Thumb Code    14  init_music.o(i.setVolume)
    AHBPrescTable                            0x080069f8   Data          16  system_stm32g4xx.o(.constdata)
    APBPrescTable                            0x08006a08   Data           8  system_stm32g4xx.o(.constdata)
    sinTable_f32                             0x08006a10   Data        2052  arm_common_tables.o(.constdata)
    Region$$Table$$Base                      0x08007214   Number         0  anon$$obj.o(Region$$Table)
    Region$$Table$$Limit                     0x08007234   Number         0  anon$$obj.o(Region$$Table)
    X                                        0x20000008   Data           4  foc_control.o(.data)
    Y                                        0x2000000c   Data           4  foc_control.o(.data)
    Z                                        0x20000010   Data           4  foc_control.o(.data)
    t1                                       0x20000014   Data           4  foc_control.o(.data)
    t2                                       0x20000018   Data           4  foc_control.o(.data)
    Motor_Error                              0x2000001c   Data          16  foc_error.o(.data)
    beep_volume                              0x2000002c   Data           1  init_music.o(.data)
    time_p                                   0x20000030   Data           4  init_music.o(.data)
    noteIndex                                0x20000034   Data           4  init_music.o(.data)
    score                                    0x20000038   Data         108  init_music.o(.data)
    melody                                   0x200000a4   Data          12  init_music.o(.data)
    duration                                 0x200000b0   Data          12  init_music.o(.data)
    ADC_INJECTED_RANK                        0x200000bc   Data          16  util_adc.o(.data)
    task_freq                                0x200000d4   Data           4  sys_dwt.o(.data)
    big_num                                  0x200000d8   Data           4  sys_dwt.o(.data)
    small_num                                0x200000dc   Data           4  sys_dwt.o(.data)
    tick_last                                0x200000e0   Data           8  sys_dwt.o(.data)
    uwTickPrio                               0x200000e8   Data           4  stm32g4xx_hal.o(.data)
    uwTickFreq                               0x200000ec   Data           4  stm32g4xx_hal.o(.data)
    uwTick                                   0x200000f0   Data           4  stm32g4xx_hal.o(.data)
    SystemCoreClock                          0x200000f4   Data           4  system_stm32g4xx.o(.data)
    hadc1                                    0x200000f8   Data         108  adc.o(.bss)
    hdma_adc1                                0x20000164   Data          96  adc.o(.bss)
    hfdcan1                                  0x200001c4   Data         100  fdcan.o(.bss)
    hspi1                                    0x20000228   Data         100  spi.o(.bss)
    hdma_spi1_rx                             0x2000028c   Data          96  spi.o(.bss)
    hdma_spi1_tx                             0x200002ec   Data          96  spi.o(.bss)
    htim1                                    0x2000034c   Data          76  tim.o(.bss)
    htim3                                    0x20000398   Data          76  tim.o(.bss)
    htim2                                    0x200003e4   Data          76  stm32g4xx_hal_timebase_tim.o(.bss)
    Motor_Run                                0x20000430   Data          16  foc_control.o(.bss)
    Motor_FOC                                0x20000440   Data          88  foc_control.o(.bss)
    Current_Id_PID                           0x20000498   Data         156  foc_control.o(.bss)
    Current_Iq_PID                           0x20000534   Data         156  foc_control.o(.bss)
    Speed_PID                                0x200005d0   Data         156  foc_control.o(.bss)
    Position_PID                             0x2000066c   Data         156  foc_control.o(.bss)
    MA600_spi                                0x20000708   Data          48  foc_control.o(.bss)
    Adc_Val                                  0x20000738   Data          12  util_adc.o(.bss)
    Adc_Sum_Val                              0x20000744   Data          24  util_adc.o(.bss)
    Motor_ADC                                0x2000075c   Data          28  util_adc.o(.bss)
    DWTData                                  0x20000778   Data          48  sys_dwt.o(.bss)
    __initial_sp                             0x20000ba8   Data           0  startup_stm32g431xx.o(STACK)



==============================================================================

Memory Map of the image

  Image Entry point : 0x080001d9

  Load Region LR_IROM1 (Base: 0x08000000, Size: 0x0000732c, Max: 0x00020000, ABSOLUTE)

    Execution Region ER_IROM1 (Base: 0x08000000, Size: 0x00007234, Max: 0x00020000, ABSOLUTE)

    Base Addr    Size         Type   Attr      Idx    E Section Name        Object

    0x08000000   0x000001d8   Data   RO            3    RESET               startup_stm32g431xx.o
    0x080001d8   0x00000000   Code   RO         6103  * .ARM.Collect$$$$00000000  mc_w.l(entry.o)
    0x080001d8   0x00000004   Code   RO         6182    .ARM.Collect$$$$00000001  mc_w.l(entry2.o)
    0x080001dc   0x00000004   Code   RO         6185    .ARM.Collect$$$$00000004  mc_w.l(entry5.o)
    0x080001e0   0x00000000   Code   RO         6187    .ARM.Collect$$$$00000008  mc_w.l(entry7b.o)
    0x080001e0   0x00000000   Code   RO         6189    .ARM.Collect$$$$0000000A  mc_w.l(entry8b.o)
    0x080001e0   0x00000008   Code   RO         6190    .ARM.Collect$$$$0000000B  mc_w.l(entry9a.o)
    0x080001e8   0x00000000   Code   RO         6192    .ARM.Collect$$$$0000000D  mc_w.l(entry10a.o)
    0x080001e8   0x00000000   Code   RO         6194    .ARM.Collect$$$$0000000F  mc_w.l(entry11a.o)
    0x080001e8   0x00000004   Code   RO         6183    .ARM.Collect$$$$00002712  mc_w.l(entry2.o)
    0x080001ec   0x00000024   Code   RO            4    .text               startup_stm32g431xx.o
    0x08000210   0x00000078   Code   RO         5756    .text               arm_cortexM4lf_math.lib(arm_cos_f32.o)
    0x08000288   0x00000094   Code   RO         5806    .text               arm_cortexM4lf_math.lib(arm_sin_f32.o)
    0x0800031c   0x00000062   Code   RO         6106    .text               mc_w.l(uldiv.o)
    0x0800037e   0x00000024   Code   RO         6110    .text               mc_w.l(memseta.o)
    0x080003a2   0x0000014e   Code   RO         6142    .text               mf_w.l(dadd.o)
    0x080004f0   0x000000e4   Code   RO         6144    .text               mf_w.l(dmul.o)
    0x080005d4   0x000000de   Code   RO         6146    .text               mf_w.l(ddiv.o)
    0x080006b2   0x0000001c   Code   RO         6148    .text               mf_w.l(ffltul.o)
    0x080006ce   0x00000026   Code   RO         6150    .text               mf_w.l(f2d.o)
    0x080006f4   0x00000038   Code   RO         6152    .text               mf_w.l(d2f.o)
    0x0800072c   0x0000001e   Code   RO         6196    .text               mc_w.l(llshl.o)
    0x0800074a   0x00000020   Code   RO         6198    .text               mc_w.l(llushr.o)
    0x0800076a   0x00000024   Code   RO         6200    .text               mc_w.l(llsshr.o)
    0x0800078e   0x00000000   Code   RO         6211    .text               mc_w.l(iusefp.o)
    0x0800078e   0x0000006e   Code   RO         6212    .text               mf_w.l(fepilogue.o)
    0x080007fc   0x000000ba   Code   RO         6214    .text               mf_w.l(depilogue.o)
    0x080008b6   0x00000002   PAD
    0x080008b8   0x00000024   Code   RO         6218    .text               mc_w.l(init.o)
    0x080008dc   0x0000000c   Code   RO          483    i.ADC1_2_IRQHandler  stm32g4xx_it.o
    0x080008e8   0x00000068   Code   RO         3127    i.ADC_DMAConvCplt   stm32g4xx_hal_adc.o
    0x08000950   0x0000001a   Code   RO         3128    i.ADC_DMAError      stm32g4xx_hal_adc.o
    0x0800096a   0x0000000a   Code   RO         3129    i.ADC_DMAHalfConvCplt  stm32g4xx_hal_adc.o
    0x08000974   0x00000068   Code   RO         3130    i.ADC_Disable       stm32g4xx_hal_adc.o
    0x080009dc   0x00000068   Code   RO         3131    i.ADC_Enable        stm32g4xx_hal_adc.o
    0x08000a44   0x0000002c   Code   RO          903    i.ADC_Struct_Init   util_adc.o
    0x08000a70   0x00000034   Code   RO          905    i.Adc_Init          util_adc.o
    0x08000aa4   0x00000068   Code   RO          906    i.Adc_Injected_Val_Decode  util_adc.o
    0x08000b0c   0x00000078   Code   RO          907    i.Adc_Val_Decode    util_adc.o
    0x08000b84   0x00000002   Code   RO          484    i.BusFault_Handler  stm32g4xx_it.o
    0x08000b86   0x00000002   PAD
    0x08000b88   0x000002bc   Code   RO          682    i.CALC_SVPWM        foc_control.o
    0x08000e44   0x0000001c   Code   RO          683    i.Clarke_transform  foc_control.o
    0x08000e60   0x0000000c   Code   RO          485    i.DMA1_Channel1_IRQHandler  stm32g4xx_it.o
    0x08000e6c   0x0000000c   Code   RO          486    i.DMA2_Channel1_IRQHandler  stm32g4xx_it.o
    0x08000e78   0x0000000c   Code   RO          487    i.DMA2_Channel2_IRQHandler  stm32g4xx_it.o
    0x08000e84   0x00000040   Code   RO         4340    i.DMA_CalcDMAMUXChannelBaseAndMask  stm32g4xx_hal_dma.o
    0x08000ec4   0x00000024   Code   RO         4341    i.DMA_CalcDMAMUXRequestGenBaseAndMask  stm32g4xx_hal_dma.o
    0x08000ee8   0x0000003e   Code   RO         4342    i.DMA_SetConfig     stm32g4xx_hal_dma.o
    0x08000f26   0x00000034   Code   RO         1304    i.DRV8323_Init      drv8323_util.o
    0x08000f5a   0x00000002   PAD
    0x08000f5c   0x0000003c   Code   RO         1202    i.DWT_CNT_Update    sys_dwt.o
    0x08000f98   0x00000034   Code   RO         1204    i.DWT_Delayms       sys_dwt.o
    0x08000fcc   0x0000002c   Code   RO         1211    i.DWT_GetTimeline_us  sys_dwt.o
    0x08000ff8   0x0000004c   Code   RO         1212    i.DWT_Init          sys_dwt.o
    0x08001044   0x00000094   Code   RO         1213    i.DWT_SysTimeUpdate  sys_dwt.o
    0x080010d8   0x00000002   Code   RO          488    i.DebugMon_Handler  stm32g4xx_it.o
    0x080010da   0x0000003e   Code   RO         1336    i.Encoder_Read_Reg  periph_encoder_spi.o
    0x08001118   0x0000010c   Code   RO         1337    i.Encoder_SPI_Data_Process  periph_encoder_spi.o
    0x08001224   0x00000020   Code   RO         1338    i.Encoder_SPI_Get_Angle  periph_encoder_spi.o
    0x08001244   0x00000254   Code   RO         1340    i.Encoder_SPI_Init  periph_encoder_spi.o
    0x08001498   0x00000002   Code   RO           13    i.Error_Handler     main.o
    0x0800149a   0x00000002   PAD
    0x0800149c   0x000000f0   Code   RO          774    i.Error_Main_Loop   foc_error.o
    0x0800158c   0x00000014   Code   RO          775    i.Error_Struct_Init  foc_error.o
    0x080015a0   0x0000000c   Code   RO          489    i.FDCAN1_IT0_IRQHandler  stm32g4xx_it.o
    0x080015ac   0x000000c0   Code   RO          684    i.FOC_Main_Init     foc_control.o
    0x0800166c   0x00000164   Code   RO          685    i.FOC_Main_Loop_H_Freq  foc_control.o
    0x080017d0   0x00000048   Code   RO          686    i.FOC_Main_Loop_L_Freq  foc_control.o
    0x08001818   0x00000110   Code   RO          687    i.FOC_PID_Init      foc_control.o
    0x08001928   0x0000005c   Code   RO          688    i.FOC_Struct_Init   foc_control.o
    0x08001984   0x0000004c   Code   RO          689    i.FOC_Theta_Calc    foc_control.o
    0x080019d0   0x000000c0   Code   RO         1780    i.Filter_Lowpass    lib_filter.o
    0x08001a90   0x00000014   Code   RO         1781    i.Filter_Lowpass_Init  lib_filter.o
    0x08001aa4   0x00000014   Code   RO          908    i.Get_ADC_Value     util_adc.o
    0x08001ab8   0x00000094   Code   RO         3364    i.HAL_ADCEx_Calibration_Start  stm32g4xx_hal_adc_ex.o
    0x08001b4c   0x00000002   Code   RO         3368    i.HAL_ADCEx_EndOfSamplingCallback  stm32g4xx_hal_adc_ex.o
    0x08001b4e   0x00000002   PAD
    0x08001b50   0x00000518   Code   RO         3370    i.HAL_ADCEx_InjectedConfigChannel  stm32g4xx_hal_adc_ex.o
    0x08002068   0x00000058   Code   RO          909    i.HAL_ADCEx_InjectedConvCpltCallback  util_adc.o
    0x080020c0   0x0000002e   Code   RO         3372    i.HAL_ADCEx_InjectedGetValue  stm32g4xx_hal_adc_ex.o
    0x080020ee   0x00000002   Code   RO         3374    i.HAL_ADCEx_InjectedQueueOverflowCallback  stm32g4xx_hal_adc_ex.o
    0x080020f0   0x00000128   Code   RO         3376    i.HAL_ADCEx_InjectedStart_IT  stm32g4xx_hal_adc_ex.o
    0x08002218   0x00000002   Code   RO         3379    i.HAL_ADCEx_LevelOutOfWindow2Callback  stm32g4xx_hal_adc_ex.o
    0x0800221a   0x00000002   Code   RO         3380    i.HAL_ADCEx_LevelOutOfWindow3Callback  stm32g4xx_hal_adc_ex.o
    0x0800221c   0x000000d4   Code   RO         3381    i.HAL_ADCEx_MultiModeConfigChannel  stm32g4xx_hal_adc_ex.o
    0x080022f0   0x00000420   Code   RO         3133    i.HAL_ADC_ConfigChannel  stm32g4xx_hal_adc.o
    0x08002710   0x00000010   Code   RO          910    i.HAL_ADC_ConvCpltCallback  util_adc.o
    0x08002720   0x00000002   Code   RO         3135    i.HAL_ADC_ConvHalfCpltCallback  stm32g4xx_hal_adc.o
    0x08002722   0x00000002   Code   RO         3137    i.HAL_ADC_ErrorCallback  stm32g4xx_hal_adc.o
    0x08002724   0x0000026c   Code   RO         3141    i.HAL_ADC_IRQHandler  stm32g4xx_hal_adc.o
    0x08002990   0x000001f8   Code   RO         3142    i.HAL_ADC_Init      stm32g4xx_hal_adc.o
    0x08002b88   0x00000002   Code   RO         3143    i.HAL_ADC_LevelOutOfWindowCallback  stm32g4xx_hal_adc.o
    0x08002b8a   0x00000002   PAD
    0x08002b8c   0x000000a0   Code   RO          280    i.HAL_ADC_MspInit   adc.o
    0x08002c2c   0x000000f0   Code   RO         3150    i.HAL_ADC_Start_DMA  stm32g4xx_hal_adc.o
    0x08002d1c   0x00000078   Code   RO         4344    i.HAL_DMA_Abort_IT  stm32g4xx_hal_dma.o
    0x08002d94   0x000000ba   Code   RO         4348    i.HAL_DMA_IRQHandler  stm32g4xx_hal_dma.o
    0x08002e4e   0x00000002   PAD
    0x08002e50   0x000000c0   Code   RO         4349    i.HAL_DMA_Init      stm32g4xx_hal_dma.o
    0x08002f10   0x0000008c   Code   RO         4353    i.HAL_DMA_Start_IT  stm32g4xx_hal_dma.o
    0x08002f9c   0x00000024   Code   RO         3580    i.HAL_Delay         stm32g4xx_hal.o
    0x08002fc0   0x00000002   Code   RO         5008    i.HAL_FDCAN_ErrorCallback  stm32g4xx_hal_fdcan.o
    0x08002fc2   0x00000002   Code   RO         5009    i.HAL_FDCAN_ErrorStatusCallback  stm32g4xx_hal_fdcan.o
    0x08002fc4   0x00000002   Code   RO         5024    i.HAL_FDCAN_HighPriorityMessageCallback  stm32g4xx_hal_fdcan.o
    0x08002fc6   0x00000160   Code   RO         5025    i.HAL_FDCAN_IRQHandler  stm32g4xx_hal_fdcan.o
    0x08003126   0x00000002   PAD
    0x08003128   0x00000204   Code   RO         5026    i.HAL_FDCAN_Init    stm32g4xx_hal_fdcan.o
    0x0800332c   0x00000070   Code   RO          346    i.HAL_FDCAN_MspInit  fdcan.o
    0x0800339c   0x00000002   Code   RO         5033    i.HAL_FDCAN_RxFifo0Callback  stm32g4xx_hal_fdcan.o
    0x0800339e   0x00000002   Code   RO         5034    i.HAL_FDCAN_RxFifo1Callback  stm32g4xx_hal_fdcan.o
    0x080033a0   0x00000002   Code   RO         5037    i.HAL_FDCAN_TimeoutOccurredCallback  stm32g4xx_hal_fdcan.o
    0x080033a2   0x00000002   Code   RO         5038    i.HAL_FDCAN_TimestampWraparoundCallback  stm32g4xx_hal_fdcan.o
    0x080033a4   0x00000002   Code   RO         5039    i.HAL_FDCAN_TxBufferAbortCallback  stm32g4xx_hal_fdcan.o
    0x080033a6   0x00000002   Code   RO         5040    i.HAL_FDCAN_TxBufferCompleteCallback  stm32g4xx_hal_fdcan.o
    0x080033a8   0x00000002   Code   RO         5041    i.HAL_FDCAN_TxEventFifoCallback  stm32g4xx_hal_fdcan.o
    0x080033aa   0x00000002   Code   RO         5042    i.HAL_FDCAN_TxFifoEmptyCallback  stm32g4xx_hal_fdcan.o
    0x080033ac   0x000001c8   Code   RO         3063    i.HAL_GPIO_Init     stm32g4xx_hal_gpio.o
    0x08003574   0x0000000a   Code   RO         3065    i.HAL_GPIO_ReadPin  stm32g4xx_hal_gpio.o
    0x0800357e   0x00000010   Code   RO         3066    i.HAL_GPIO_TogglePin  stm32g4xx_hal_gpio.o
    0x0800358e   0x0000000a   Code   RO         3067    i.HAL_GPIO_WritePin  stm32g4xx_hal_gpio.o
    0x08003598   0x0000000c   Code   RO         3584    i.HAL_GetTick       stm32g4xx_hal.o
    0x080035a4   0x00000010   Code   RO         3587    i.HAL_IncTick       stm32g4xx_hal.o
    0x080035b4   0x0000001e   Code   RO         3588    i.HAL_Init          stm32g4xx_hal.o
    0x080035d2   0x00000002   PAD
    0x080035d4   0x00000088   Code   RO          643    i.HAL_InitTick      stm32g4xx_hal_timebase_tim.o
    0x0800365c   0x00000030   Code   RO          619    i.HAL_MspInit       stm32g4xx_hal_msp.o
    0x0800368c   0x0000001a   Code   RO         4852    i.HAL_NVIC_EnableIRQ  stm32g4xx_hal_cortex.o
    0x080036a6   0x00000002   PAD
    0x080036a8   0x00000040   Code   RO         4858    i.HAL_NVIC_SetPriority  stm32g4xx_hal_cortex.o
    0x080036e8   0x00000024   Code   RO         4859    i.HAL_NVIC_SetPriorityGrouping  stm32g4xx_hal_cortex.o
    0x0800370c   0x000000bc   Code   RO         4608    i.HAL_PWREx_ControlVoltageScaling  stm32g4xx_hal_pwr_ex.o
    0x080037c8   0x00000010   Code   RO         4620    i.HAL_PWREx_DisableUCPDDeadBattery  stm32g4xx_hal_pwr_ex.o
    0x080037d8   0x00000288   Code   RO         3933    i.HAL_RCCEx_PeriphCLKConfig  stm32g4xx_hal_rcc_ex.o
    0x08003a60   0x000001dc   Code   RO         3808    i.HAL_RCC_ClockConfig  stm32g4xx_hal_rcc.o
    0x08003c3c   0x00000040   Code   RO         3813    i.HAL_RCC_GetClockConfig  stm32g4xx_hal_rcc.o
    0x08003c7c   0x00000024   Code   RO         3816    i.HAL_RCC_GetPCLK1Freq  stm32g4xx_hal_rcc.o
    0x08003ca0   0x00000070   Code   RO         3818    i.HAL_RCC_GetSysClockFreq  stm32g4xx_hal_rcc.o
    0x08003d10   0x0000040c   Code   RO         3821    i.HAL_RCC_OscConfig  stm32g4xx_hal_rcc.o
    0x0800411c   0x00000002   Code   RO         5374    i.HAL_SPI_ErrorCallback  stm32g4xx_hal_spi.o
    0x0800411e   0x00000002   PAD
    0x08004120   0x000000fc   Code   RO         5377    i.HAL_SPI_IRQHandler  stm32g4xx_hal_spi.o
    0x0800421c   0x000000ea   Code   RO         5378    i.HAL_SPI_Init      stm32g4xx_hal_spi.o
    0x08004306   0x00000002   PAD
    0x08004308   0x000000d8   Code   RO          388    i.HAL_SPI_MspInit   spi.o
    0x080043e0   0x00000160   Code   RO         5382    i.HAL_SPI_Receive_DMA  stm32g4xx_hal_spi.o
    0x08004540   0x00000002   Code   RO         5384    i.HAL_SPI_RxCpltCallback  stm32g4xx_hal_spi.o
    0x08004542   0x00000002   Code   RO         5385    i.HAL_SPI_RxHalfCpltCallback  stm32g4xx_hal_spi.o
    0x08004544   0x00000262   Code   RO         5387    i.HAL_SPI_TransmitReceive  stm32g4xx_hal_spi.o
    0x080047a6   0x00000002   PAD
    0x080047a8   0x000001bc   Code   RO         5388    i.HAL_SPI_TransmitReceive_DMA  stm32g4xx_hal_spi.o
    0x08004964   0x0000011c   Code   RO         5390    i.HAL_SPI_Transmit_DMA  stm32g4xx_hal_spi.o
    0x08004a80   0x00000002   Code   RO         5392    i.HAL_SPI_TxCpltCallback  stm32g4xx_hal_spi.o
    0x08004a82   0x00000002   Code   RO         5393    i.HAL_SPI_TxHalfCpltCallback  stm32g4xx_hal_spi.o
    0x08004a84   0x00000002   Code   RO         5394    i.HAL_SPI_TxRxCpltCallback  stm32g4xx_hal_spi.o
    0x08004a86   0x00000002   Code   RO         5395    i.HAL_SPI_TxRxHalfCpltCallback  stm32g4xx_hal_spi.o
    0x08004a88   0x00000002   Code   RO         2631    i.HAL_TIMEx_Break2Callback  stm32g4xx_hal_tim_ex.o
    0x08004a8a   0x00000002   Code   RO         2632    i.HAL_TIMEx_BreakCallback  stm32g4xx_hal_tim_ex.o
    0x08004a8c   0x00000002   Code   RO         2633    i.HAL_TIMEx_CommutCallback  stm32g4xx_hal_tim_ex.o
    0x08004a8e   0x00000002   PAD
    0x08004a90   0x000000ac   Code   RO         2636    i.HAL_TIMEx_ConfigBreakDeadTime  stm32g4xx_hal_tim_ex.o
    0x08004b3c   0x00000002   Code   RO         2644    i.HAL_TIMEx_DirectionChangeCallback  stm32g4xx_hal_tim_ex.o
    0x08004b3e   0x0000000e   Code   RO         2654    i.HAL_TIMEx_EnableDeadTimePreload  stm32g4xx_hal_tim_ex.o
    0x08004b4c   0x00000002   Code   RO         2658    i.HAL_TIMEx_EncoderIndexCallback  stm32g4xx_hal_tim_ex.o
    0x08004b4e   0x00000002   Code   RO         2672    i.HAL_TIMEx_IndexErrorCallback  stm32g4xx_hal_tim_ex.o
    0x08004b50   0x0000009c   Code   RO         2673    i.HAL_TIMEx_MasterConfigSynchronization  stm32g4xx_hal_tim_ex.o
    0x08004bec   0x000000b8   Code   RO         2685    i.HAL_TIMEx_PWMN_Start  stm32g4xx_hal_tim_ex.o
    0x08004ca4   0x00000002   Code   RO         2694    i.HAL_TIMEx_TransitionErrorCallback  stm32g4xx_hal_tim_ex.o
    0x08004ca6   0x00000062   Code   RO         1917    i.HAL_TIM_Base_Init  stm32g4xx_hal_tim.o
    0x08004d08   0x00000074   Code   RO          430    i.HAL_TIM_Base_MspInit  tim.o
    0x08004d7c   0x0000006c   Code   RO         1920    i.HAL_TIM_Base_Start  stm32g4xx_hal_tim.o
    0x08004de8   0x00000078   Code   RO         1922    i.HAL_TIM_Base_Start_IT  stm32g4xx_hal_tim.o
    0x08004e60   0x000000f8   Code   RO         1926    i.HAL_TIM_ConfigClockSource  stm32g4xx_hal_tim.o
    0x08004f58   0x00000002   Code   RO         1951    i.HAL_TIM_IC_CaptureCallback  stm32g4xx_hal_tim.o
    0x08004f5a   0x000001fc   Code   RO         1965    i.HAL_TIM_IRQHandler  stm32g4xx_hal_tim.o
    0x08005156   0x00000002   PAD
    0x08005158   0x000000a4   Code   RO          431    i.HAL_TIM_MspPostInit  tim.o
    0x080051fc   0x00000002   Code   RO         1968    i.HAL_TIM_OC_DelayElapsedCallback  stm32g4xx_hal_tim.o
    0x080051fe   0x0000011e   Code   RO         1989    i.HAL_TIM_PWM_ConfigChannel  stm32g4xx_hal_tim.o
    0x0800531c   0x00000062   Code   RO         1992    i.HAL_TIM_PWM_Init  stm32g4xx_hal_tim.o
    0x0800537e   0x00000002   Code   RO         1994    i.HAL_TIM_PWM_MspInit  stm32g4xx_hal_tim.o
    0x08005380   0x00000002   Code   RO         1995    i.HAL_TIM_PWM_PulseFinishedCallback  stm32g4xx_hal_tim.o
    0x08005382   0x00000002   PAD
    0x08005384   0x000000fc   Code   RO         1997    i.HAL_TIM_PWM_Start  stm32g4xx_hal_tim.o
    0x08005480   0x00000124   Code   RO         1999    i.HAL_TIM_PWM_Start_IT  stm32g4xx_hal_tim.o
    0x080055a4   0x00000078   Code   RO           14    i.HAL_TIM_PeriodElapsedCallback  main.o
    0x0800561c   0x00000002   Code   RO         2008    i.HAL_TIM_TriggerCallback  stm32g4xx_hal_tim.o
    0x0800561e   0x00000002   Code   RO          490    i.HardFault_Handler  stm32g4xx_it.o
    0x08005620   0x00000028   Code   RO          837    i.Hz2PSC            init_music.o
    0x08005648   0x00000054   Code   RO          690    i.Inv_Park_transform  foc_control.o
    0x0800569c   0x0000000c   Code   RO         3156    i.LL_ADC_GetOffsetChannel  stm32g4xx_hal_adc.o
    0x080056a8   0x0000000c   Code   RO         3389    i.LL_ADC_GetOffsetChannel  stm32g4xx_hal_adc_ex.o
    0x080056b4   0x00000008   Code   RO         3157    i.LL_ADC_INJ_IsConversionOngoing  stm32g4xx_hal_adc.o
    0x080056bc   0x00000008   Code   RO         3390    i.LL_ADC_INJ_IsConversionOngoing  stm32g4xx_hal_adc_ex.o
    0x080056c4   0x00000008   Code   RO         3158    i.LL_ADC_REG_IsConversionOngoing  stm32g4xx_hal_adc.o
    0x080056cc   0x00000008   Code   RO         3391    i.LL_ADC_REG_IsConversionOngoing  stm32g4xx_hal_adc_ex.o
    0x080056d4   0x00000010   Code   RO         3159    i.LL_ADC_REG_IsTriggerSourceSWStart  stm32g4xx_hal_adc.o
    0x080056e4   0x0000001e   Code   RO         3161    i.LL_ADC_SetChannelSamplingTime  stm32g4xx_hal_adc.o
    0x08005702   0x0000001e   Code   RO         3392    i.LL_ADC_SetChannelSamplingTime  stm32g4xx_hal_adc_ex.o
    0x08005720   0x00000010   Code   RO         3162    i.LL_ADC_SetOffsetState  stm32g4xx_hal_adc.o
    0x08005730   0x00000010   Code   RO         3393    i.LL_ADC_SetOffsetState  stm32g4xx_hal_adc_ex.o
    0x08005740   0x00000140   Code   RO          281    i.MX_ADC1_Init      adc.o
    0x08005880   0x0000006c   Code   RO          321    i.MX_DMA_Init       dma.o
    0x080058ec   0x0000004c   Code   RO          347    i.MX_FDCAN1_Init    fdcan.o
    0x08005938   0x000000d8   Code   RO          255    i.MX_GPIO_Init      gpio.o
    0x08005a10   0x00000050   Code   RO          389    i.MX_SPI1_Init      spi.o
    0x08005a60   0x00000114   Code   RO          432    i.MX_TIM1_Init      tim.o
    0x08005b74   0x00000070   Code   RO          433    i.MX_TIM3_Init      tim.o
    0x08005be4   0x0000002c   Code   RO         1834    i.Math_Differential  lib_math.o
    0x08005c10   0x00000002   Code   RO          491    i.MemManage_Handler  stm32g4xx_it.o
    0x08005c12   0x0000000c   Code   RO          838    i.Ms_Delay          init_music.o
    0x08005c1e   0x00000002   Code   RO          492    i.NMI_Handler       stm32g4xx_it.o
    0x08005c20   0x00000280   Code   RO         1476    i.PID_Calc          alg_pid.o
    0x08005ea0   0x00000006   Code   RO         1479    i.PID_GetOutput     alg_pid.o
    0x08005ea6   0x00000042   Code   RO         1481    i.PID_Init          alg_pid.o
    0x08005ee8   0x00000006   Code   RO         1482    i.PID_SetFdb        alg_pid.o
    0x08005eee   0x00000006   Code   RO         1483    i.PID_SetRef        alg_pid.o
    0x08005ef4   0x00000054   Code   RO          691    i.Park_transform    foc_control.o
    0x08005f48   0x00000002   Code   RO          493    i.PendSV_Handler    stm32g4xx_it.o
    0x08005f4a   0x00000002   PAD
    0x08005f4c   0x0000000c   Code   RO          494    i.SPI1_IRQHandler   stm32g4xx_it.o
    0x08005f58   0x00000012   Code   RO         5405    i.SPI_DMAAbortOnError  stm32g4xx_hal_spi.o
    0x08005f6a   0x00000022   Code   RO         5406    i.SPI_DMAError      stm32g4xx_hal_spi.o
    0x08005f8c   0x0000000a   Code   RO         5407    i.SPI_DMAHalfReceiveCplt  stm32g4xx_hal_spi.o
    0x08005f96   0x0000000a   Code   RO         5408    i.SPI_DMAHalfTransmitCplt  stm32g4xx_hal_spi.o
    0x08005fa0   0x0000000a   Code   RO         5409    i.SPI_DMAHalfTransmitReceiveCplt  stm32g4xx_hal_spi.o
    0x08005faa   0x0000006c   Code   RO         5410    i.SPI_DMAReceiveCplt  stm32g4xx_hal_spi.o
    0x08006016   0x00000064   Code   RO         5412    i.SPI_DMATransmitCplt  stm32g4xx_hal_spi.o
    0x0800607a   0x0000005c   Code   RO         5413    i.SPI_DMATransmitReceiveCplt  stm32g4xx_hal_spi.o
    0x080060d6   0x00000074   Code   RO         5415    i.SPI_EndRxTransaction  stm32g4xx_hal_spi.o
    0x0800614a   0x00000048   Code   RO         5416    i.SPI_EndRxTxTransaction  stm32g4xx_hal_spi.o
    0x08006192   0x00000002   PAD
    0x08006194   0x000000c8   Code   RO         5421    i.SPI_WaitFifoStateUntilTimeout  stm32g4xx_hal_spi.o
    0x0800625c   0x000000b8   Code   RO         5422    i.SPI_WaitFlagStateUntilTimeout  stm32g4xx_hal_spi.o
    0x08006314   0x00000002   Code   RO          495    i.SVC_Handler       stm32g4xx_it.o
    0x08006316   0x00000002   Code   RO          496    i.SysTick_Handler   stm32g4xx_it.o
    0x08006318   0x00000078   Code   RO           15    i.SystemClock_Config  main.o
    0x08006390   0x0000001c   Code   RO         5719    i.SystemInit        system_stm32g4xx.o
    0x080063ac   0x0000000c   Code   RO          497    i.TIM1_BRK_TIM15_IRQHandler  stm32g4xx_it.o
    0x080063b8   0x0000000c   Code   RO          498    i.TIM1_UP_TIM16_IRQHandler  stm32g4xx_it.o
    0x080063c4   0x0000000c   Code   RO          499    i.TIM2_IRQHandler   stm32g4xx_it.o
    0x080063d0   0x0000000c   Code   RO          500    i.TIM3_IRQHandler   stm32g4xx_it.o
    0x080063dc   0x000000b0   Code   RO         2010    i.TIM_Base_SetConfig  stm32g4xx_hal_tim.o
    0x0800648c   0x0000001a   Code   RO         2011    i.TIM_CCxChannelCmd  stm32g4xx_hal_tim.o
    0x080064a6   0x0000001a   Code   RO         2697    i.TIM_CCxNChannelCmd  stm32g4xx_hal_tim_ex.o
    0x080064c0   0x00000014   Code   RO         2021    i.TIM_ETR_SetConfig  stm32g4xx_hal_tim.o
    0x080064d4   0x00000014   Code   RO         2022    i.TIM_ITRx_SetConfig  stm32g4xx_hal_tim.o
    0x080064e8   0x0000009c   Code   RO         2023    i.TIM_OC1_SetConfig  stm32g4xx_hal_tim.o
    0x08006584   0x00000090   Code   RO         2024    i.TIM_OC2_SetConfig  stm32g4xx_hal_tim.o
    0x08006614   0x00000090   Code   RO         2025    i.TIM_OC3_SetConfig  stm32g4xx_hal_tim.o
    0x080066a4   0x00000090   Code   RO         2026    i.TIM_OC4_SetConfig  stm32g4xx_hal_tim.o
    0x08006734   0x00000070   Code   RO         2027    i.TIM_OC5_SetConfig  stm32g4xx_hal_tim.o
    0x080067a4   0x00000070   Code   RO         2028    i.TIM_OC6_SetConfig  stm32g4xx_hal_tim.o
    0x08006814   0x00000022   Code   RO         2030    i.TIM_TI1_ConfigInputStage  stm32g4xx_hal_tim.o
    0x08006836   0x00000024   Code   RO         2032    i.TIM_TI2_ConfigInputStage  stm32g4xx_hal_tim.o
    0x0800685a   0x00000002   Code   RO          501    i.UsageFault_Handler  stm32g4xx_it.o
    0x0800685c   0x00000020   Code   RO         4865    i.__NVIC_SetPriority  stm32g4xx_hal_cortex.o
    0x0800687c   0x0000000e   Code   RO         6222    i.__scatterload_copy  mc_w.l(handlers.o)
    0x0800688a   0x00000002   Code   RO         6223    i.__scatterload_null  mc_w.l(handlers.o)
    0x0800688c   0x0000000e   Code   RO         6224    i.__scatterload_zeroinit  mc_w.l(handlers.o)
    0x0800689a   0x00000002   PAD
    0x0800689c   0x00000014   Code   RO          839    i.allOff            init_music.o
    0x080068b0   0x0000004c   Code   RO          840    i.comStep           init_music.o
    0x080068fc   0x0000002a   Code   RO           16    i.main              main.o
    0x08006926   0x00000002   PAD
    0x08006928   0x000000a0   Code   RO          842    i.playStartupTune   init_music.o
    0x080069c8   0x0000001c   Code   RO          843    i.setCaptureCompare  init_music.o
    0x080069e4   0x00000014   Code   RO          844    i.setVolume         init_music.o
    0x080069f8   0x00000010   Data   RO         5720    .constdata          system_stm32g4xx.o
    0x08006a08   0x00000008   Data   RO         5721    .constdata          system_stm32g4xx.o
    0x08006a10   0x00000804   Data   RO         6030    .constdata          arm_cortexM4lf_math.lib(arm_common_tables.o)
    0x08007214   0x00000020   Data   RO         6220    Region$$Table       anon$$obj.o


    Execution Region RW_IRAM1 (Base: 0x20000000, Size: 0x00000ba8, Max: 0x00008000, ABSOLUTE)

    Base Addr    Size         Type   Attr      Idx    E Section Name        Object

    0x20000000   0x00000002   Data   RW           17    .data               main.o
    0x20000002   0x00000002   PAD
    0x20000004   0x00000018   Data   RW          693    .data               foc_control.o
    0x2000001c   0x00000010   Data   RW          778    .data               foc_error.o
    0x2000002c   0x00000090   Data   RW          845    .data               init_music.o
    0x200000bc   0x00000010   Data   RW          912    .data               util_adc.o
    0x200000cc   0x00000004   PAD
    0x200000d0   0x00000018   Data   RW         1215    .data               sys_dwt.o
    0x200000e8   0x0000000c   Data   RW         3608    .data               stm32g4xx_hal.o
    0x200000f4   0x00000004   Data   RW         5722    .data               system_stm32g4xx.o
    0x200000f8   0x000000cc   Zero   RW          282    .bss                adc.o
    0x200001c4   0x00000064   Zero   RW          348    .bss                fdcan.o
    0x20000228   0x00000124   Zero   RW          390    .bss                spi.o
    0x2000034c   0x00000098   Zero   RW          434    .bss                tim.o
    0x200003e4   0x0000004c   Zero   RW          646    .bss                stm32g4xx_hal_timebase_tim.o
    0x20000430   0x00000308   Zero   RW          692    .bss                foc_control.o
    0x20000738   0x00000040   Zero   RW          911    .bss                util_adc.o
    0x20000778   0x00000030   Zero   RW         1214    .bss                sys_dwt.o
    0x200007a8   0x00000400   Zero   RW            1    STACK               startup_stm32g431xx.o


==============================================================================

Image component sizes


      Code (inc. data)   RO Data    RW Data    ZI Data      Debug   Object Name

       480         42          0          0        204       2135   adc.o
       724          0          0          0          0       6604   alg_pid.o
       108          4          0          0          0        926   dma.o
        52          0          0          0          0        559   drv8323_util.o
       188         18          0          0        100       1851   fdcan.o
      1956        246          0         24        776      10683   foc_control.o
       260         34          0         16          0      16328   foc_error.o
       216         12          0          0          0       1043   gpio.o
       356         58          0        144          0       4692   init_music.o
       212         20          0          0          0       2507   lib_filter.o
        44          0          0          0          0        688   lib_math.o
       284         22          0          2          0     685050   main.o
       958         48          0          0          0       4653   periph_encoder_spi.o
       296         28          0          0        292       1995   spi.o
        36          8        472          0       1024        868   startup_stm32g431xx.o
        94         14          0         12          0       3830   stm32g4xx_hal.o
      2864        128          0          0          0      83012   stm32g4xx_hal_adc.o
      2088         90          0          0          0      78993   stm32g4xx_hal_adc_ex.o
       158         14          0          0          0      33210   stm32g4xx_hal_cortex.o
       800         30          0          0          0       6090   stm32g4xx_hal_dma.o
       890         18          0          0          0      11721   stm32g4xx_hal_fdcan.o
       492         34          0          0          0       3908   stm32g4xx_hal_gpio.o
        48          6          0          0          0        926   stm32g4xx_hal_msp.o
       204         18          0          0          0       1469   stm32g4xx_hal_pwr_ex.o
      1724         90          0          0          0       6230   stm32g4xx_hal_rcc.o
       648         10          0          0          0       1940   stm32g4xx_hal_rcc_ex.o
      3144         62          0          0          0      21611   stm32g4xx_hal_spi.o
      3144        316          0          0          0      21234   stm32g4xx_hal_tim.o
       566         58          0          0          0       8857   stm32g4xx_hal_tim_ex.o
       136         18          0          0         76       1519   stm32g4xx_hal_timebase_tim.o
       138         60          0          0          0       9520   stm32g4xx_it.o
       380         56          0         24         48       4590   sys_dwt.o
        28          6         24          4          0       1255   system_stm32g4xx.o
       668         48          0          0        152       3557   tim.o
       444         72          0         16         64       5759   util_adc.o

    ----------------------------------------------------------------------
     24864       1688        528        248       2736    1049813   Object Totals
         0          0         32          0          0          0   (incl. Generated)
        36          0          0          6          0          0   (incl. Padding)

    ----------------------------------------------------------------------

      Code (inc. data)   RO Data    RW Data    ZI Data      Debug   Library Member Name

         0          0       2052          0          0       4704   arm_common_tables.o
       120         12          0          0          0      17170   arm_cos_f32.o
       148         18          0          0          0        814   arm_sin_f32.o
         0          0          0          0          0          0   entry.o
         0          0          0          0          0          0   entry10a.o
         0          0          0          0          0          0   entry11a.o
         8          4          0          0          0          0   entry2.o
         4          0          0          0          0          0   entry5.o
         0          0          0          0          0          0   entry7b.o
         0          0          0          0          0          0   entry8b.o
         8          4          0          0          0          0   entry9a.o
        30          0          0          0          0          0   handlers.o
        36          8          0          0          0         68   init.o
         0          0          0          0          0          0   iusefp.o
        30          0          0          0          0         68   llshl.o
        36          0          0          0          0         68   llsshr.o
        32          0          0          0          0         68   llushr.o
        36          0          0          0          0        108   memseta.o
        98          0          0          0          0         92   uldiv.o
        56          0          0          0          0         88   d2f.o
       334          0          0          0          0        148   dadd.o
       222          0          0          0          0        100   ddiv.o
       186          0          0          0          0        176   depilogue.o
       228          0          0          0          0         96   dmul.o
        38          0          0          0          0         68   f2d.o
       110          0          0          0          0        168   fepilogue.o
        28          0          0          0          0         84   ffltul.o

    ----------------------------------------------------------------------
      1792         46       2052          0          0      24088   Library Totals
         4          0          0          0          0          0   (incl. Padding)

    ----------------------------------------------------------------------

      Code (inc. data)   RO Data    RW Data    ZI Data      Debug   Library Name

       268         30       2052          0          0      22688   arm_cortexM4lf_math.lib
       318         16          0          0          0        472   mc_w.l
      1202          0          0          0          0        928   mf_w.l

    ----------------------------------------------------------------------
      1792         46       2052          0          0      24088   Library Totals

    ----------------------------------------------------------------------

==============================================================================


      Code (inc. data)   RO Data    RW Data    ZI Data      Debug   

     26656       1734       2580        248       2736    1052933   Grand Totals
     26656       1734       2580        248       2736    1052933   ELF Image Totals
     26656       1734       2580        248          0          0   ROM Totals

==============================================================================

    Total RO  Size (Code + RO Data)                29236 (  28.55kB)
    Total RW  Size (RW Data + ZI Data)              2984 (   2.91kB)
    Total ROM Size (Code + RO Data + RW Data)      29484 (  28.79kB)

==============================================================================

